__tests__/fixtures_generated/complex-030.js:1:1: function: <eval>
  locals:
    0: var <ret>
  stack_size: 4
  opcodes:
        check_define_var a,128
        check_define_var b,128
        define_var a,130
        define_var b,130
        push_i8 30
        push_2 2
        mod
        if_false8 33
        push_0 0
        goto8 34
   33:  push_1 1
   34:  put_var_init a
        null
        put_var_init b
        make_var_ref a
        get_ref_value
        dup
        if_true8 60
        drop
        push_3 3
        insert3
        put_ref_value
        goto8 62
   60:  nip
        nip
   62:  put_loc0 0: "<ret>"
        make_var_ref a
        get_ref_value
        dup
        if_false8 78
        drop
        push_7 7
        insert3
        put_ref_value
        goto8 80
   78:  nip
        nip
   80:  put_loc0 0: "<ret>"
        make_var_ref b
        get_ref_value
        dup
        is_undefined_or_null
        if_false8 98
        drop
        push_i8 30
        insert3
        put_ref_value
        goto8 100
   98:  nip
        nip
  100:  put_loc0 0: "<ret>"
        get_var console
        get_field2 log
        get_var a
        get_var b
        call_method 2
        set_loc0 0: "<ret>"
        return

