🔍 Starting bytecode comparison...
📦 Compiling with TypeScript compiler...
pc2line:emit {
  opcode: 'OP_push_this',
  offset: 0,
  instructionIndex: 0,
  recordNodeKind: 'SourceFile',
  currentStatementKind: 'SourceFile',
  currentSourceKind: 'SourceFile',
  hasDebugOptions: false,
  suppress: true
}
pc2line:emit {
  opcode: 'OP_if_false8',
  offset: 1,
  instructionIndex: 1,
  recordNodeKind: null,
  currentStatementKind: 'SourceFile',
  currentSourceKind: 'SourceFile',
  hasDebugOptions: false,
  suppress: true
}
pc2line:emit {
  opcode: 'OP_return_undef',
  offset: 3,
  instructionIndex: 2,
  recordNodeKind: 'SourceFile',
  currentStatementKind: 'SourceFile',
  currentSourceKind: 'SourceFile',
  hasDebugOptions: false,
  suppress: true
}
pc2line:emit {
  opcode: 'OP_get_arg0',
  offset: 0,
  instructionIndex: 0,
  recordNodeKind: 'Identifier',
  currentStatementKind: null,
  currentSourceKind: 'Identifier',
  hasDebugOptions: false,
  suppress: false
}
pc2line:record {
  offset: 0,
  instructionIndex: 0,
  opcode: 'OP_get_arg0',
  nodeKind: 'Identifier',
  isStatementRecord: false,
  tsSourcePos: 22,
  sourcePos: 22,
  line: 0,
  column: 22
}
pc2line:emit {
  opcode: 'OP_get_arg1',
  offset: 1,
  instructionIndex: 1,
  recordNodeKind: 'Identifier',
  currentStatementKind: null,
  currentSourceKind: 'Identifier',
  hasDebugOptions: false,
  suppress: false
}
pc2line:record {
  offset: 1,
  instructionIndex: 1,
  opcode: 'OP_get_arg1',
  nodeKind: 'Identifier',
  isStatementRecord: false,
  tsSourcePos: 26,
  sourcePos: 26,
  line: 0,
  column: 26
}
pc2line:emit {
  opcode: 'OP_add',
  offset: 2,
  instructionIndex: 2,
  recordNodeKind: 'PlusToken',
  currentStatementKind: null,
  currentSourceKind: 'BinaryExpression',
  hasDebugOptions: false,
  suppress: false
}
pc2line:record {
  offset: 2,
  instructionIndex: 2,
  opcode: 'OP_add',
  nodeKind: 'PlusToken',
  isStatementRecord: false,
  tsSourcePos: 24,
  sourcePos: 24,
  line: 0,
  column: 24
}
pc2line:emit {
  opcode: 'OP_return',
  offset: 3,
  instructionIndex: 3,
  recordNodeKind: 'BinaryExpression',
  currentStatementKind: null,
  currentSourceKind: null,
  hasDebugOptions: false,
  suppress: false
}
pc2line:rawTable [
  { pc: 0, line: 0, column: 12, sourcePos: 12 },
  { pc: 0, line: 0, column: 12, sourcePos: 12 },
  { pc: 0, line: 0, column: 22, sourcePos: 22 },
  { pc: 1, line: 0, column: 26, sourcePos: 26 },
  { pc: 2, line: 0, column: 24, sourcePos: 24 }
]
pc2line:lineNumberTable [
  { pc: 0, line: 0, column: 12, sourcePos: 12 },
  { pc: 0, line: 0, column: 22, sourcePos: 22 },
  { pc: 1, line: 0, column: 26, sourcePos: 26 },
  { pc: 2, line: 0, column: 24, sourcePos: 24 }
]
pc2line:encoded [
  0, 12, 2, 20,
  7,  8, 7,  3
]
pc2line:emit {
  opcode: 'OP_fclosure8',
  offset: 4,
  instructionIndex: 3,
  recordNodeKind: 'FirstStatement',
  currentStatementKind: 'FirstStatement',
  currentSourceKind: 'ArrowFunction',
  hasDebugOptions: false,
  suppress: false
}
pc2line:record {
  offset: 4,
  instructionIndex: 3,
  opcode: 'OP_fclosure8',
  nodeKind: 'FirstStatement',
  isStatementRecord: false,
  tsSourcePos: 0,
  sourcePos: 0,
  line: 0,
  column: 0
}
pc2line:emit {
  opcode: 'OP_set_name',
  offset: 6,
  instructionIndex: 4,
  recordNodeKind: 'FirstStatement',
  currentStatementKind: 'FirstStatement',
  currentSourceKind: 'VariableDeclaration',
  hasDebugOptions: false,
  suppress: true
}
pc2line:emit {
  opcode: 'OP_put_var_ref0',
  offset: 11,
  instructionIndex: 5,
  recordNodeKind: 'FirstStatement',
  currentStatementKind: 'FirstStatement',
  currentSourceKind: 'VariableDeclaration',
  hasDebugOptions: false,
  suppress: true
}
pc2line:emit {
  opcode: 'OP_get_arg0',
  offset: 0,
  instructionIndex: 0,
  recordNodeKind: 'Identifier',
  currentStatementKind: 'ReturnStatement',
  currentSourceKind: 'Identifier',
  hasDebugOptions: false,
  suppress: false
}
pc2line:record {
  offset: 0,
  instructionIndex: 0,
  opcode: 'OP_get_arg0',
  nodeKind: 'Identifier',
  isStatementRecord: false,
  tsSourcePos: 62,
  sourcePos: 62,
  line: 2,
  column: 11
}
pc2line:emit {
  opcode: 'OP_push_2',
  offset: 1,
  instructionIndex: 1,
  recordNodeKind: null,
  currentStatementKind: 'ReturnStatement',
  currentSourceKind: 'FirstLiteralToken',
  hasDebugOptions: false,
  suppress: false
}
pc2line:emit {
  opcode: 'OP_mul',
  offset: 2,
  instructionIndex: 2,
  recordNodeKind: 'AsteriskToken',
  currentStatementKind: 'ReturnStatement',
  currentSourceKind: 'BinaryExpression',
  hasDebugOptions: false,
  suppress: false
}
pc2line:record {
  offset: 2,
  instructionIndex: 2,
  opcode: 'OP_mul',
  nodeKind: 'AsteriskToken',
  isStatementRecord: false,
  tsSourcePos: 64,
  sourcePos: 64,
  line: 2,
  column: 13
}
pc2line:emit {
  opcode: 'OP_return',
  offset: 3,
  instructionIndex: 3,
  recordNodeKind: 'ReturnStatement',
  currentStatementKind: 'ReturnStatement',
  currentSourceKind: 'ReturnStatement',
  hasDebugOptions: false,
  suppress: false
}
pc2line:record {
  offset: 3,
  instructionIndex: 3,
  opcode: 'OP_return',
  nodeKind: 'ReturnStatement',
  isStatementRecord: false,
  tsSourcePos: 55,
  sourcePos: 55,
  line: 2,
  column: 4
}
pc2line:rawTable [
  { pc: 0, line: 1, column: 15, sourcePos: 44 },
  { pc: 0, line: 1, column: 15, sourcePos: 44 },
  { pc: 0, line: 2, column: 11, sourcePos: 62 },
  { pc: 2, line: 2, column: 13, sourcePos: 64 },
  { pc: 3, line: 2, column: 4, sourcePos: 55 }
]
pc2line:lineNumberTable [
  { pc: 0, line: 1, column: 15, sourcePos: 44 },
  { pc: 0, line: 2, column: 11, sourcePos: 62 },
  { pc: 2, line: 2, column: 13, sourcePos: 64 },
  { pc: 3, line: 2, column: 4, sourcePos: 55 }
]
pc2line:encoded [
   1, 15, 3,  7,
  12,  4, 7, 17
]
pc2line:emit {
  opcode: 'OP_fclosure8',
  offset: 12,
  instructionIndex: 6,
  recordNodeKind: 'FirstStatement',
  currentStatementKind: 'FirstStatement',
  currentSourceKind: 'ArrowFunction',
  hasDebugOptions: false,
  suppress: false
}
pc2line:record {
  offset: 12,
  instructionIndex: 6,
  opcode: 'OP_fclosure8',
  nodeKind: 'FirstStatement',
  isStatementRecord: false,
  tsSourcePos: 29,
  sourcePos: 29,
  line: 1,
  column: 0
}
pc2line:emit {
  opcode: 'OP_set_name',
  offset: 14,
  instructionIndex: 7,
  recordNodeKind: 'FirstStatement',
  currentStatementKind: 'FirstStatement',
  currentSourceKind: 'VariableDeclaration',
  hasDebugOptions: false,
  suppress: true
}
pc2line:emit {
  opcode: 'OP_put_var_ref1',
  offset: 19,
  instructionIndex: 8,
  recordNodeKind: 'FirstStatement',
  currentStatementKind: 'FirstStatement',
  currentSourceKind: 'VariableDeclaration',
  hasDebugOptions: false,
  suppress: true
}
pc2line:emit {
  opcode: 'OP_push_1',
  offset: 20,
  instructionIndex: 9,
  recordNodeKind: null,
  currentStatementKind: 'FirstStatement',
  currentSourceKind: 'FirstLiteralToken',
  hasDebugOptions: false,
  suppress: false
}
pc2line:emit {
  opcode: 'OP_push_2',
  offset: 21,
  instructionIndex: 10,
  recordNodeKind: null,
  currentStatementKind: 'FirstStatement',
  currentSourceKind: 'FirstLiteralToken',
  hasDebugOptions: false,
  suppress: false
}
pc2line:emit {
  opcode: 'OP_push_3',
  offset: 22,
  instructionIndex: 11,
  recordNodeKind: null,
  currentStatementKind: 'FirstStatement',
  currentSourceKind: 'FirstLiteralToken',
  hasDebugOptions: false,
  suppress: false
}
pc2line:emit {
  opcode: 'OP_array_from',
  offset: 23,
  instructionIndex: 12,
  recordNodeKind: null,
  currentStatementKind: 'FirstStatement',
  currentSourceKind: 'ArrayLiteralExpression',
  hasDebugOptions: false,
  suppress: false
}
pc2line:emit {
  opcode: 'OP_get_field2',
  offset: 26,
  instructionIndex: 13,
  recordNodeKind: 'Identifier',
  currentStatementKind: 'FirstStatement',
  currentSourceKind: 'CallExpression',
  hasDebugOptions: true,
  suppress: false
}
pc2line:record {
  offset: 26,
  instructionIndex: 13,
  opcode: 'OP_get_field2',
  nodeKind: 'Identifier',
  isStatementRecord: false,
  tsSourcePos: 95,
  sourcePos: 95,
  line: 4,
  column: 24
}
pc2line:emit {
  opcode: 'OP_get_arg0',
  offset: 0,
  instructionIndex: 0,
  recordNodeKind: 'Identifier',
  currentStatementKind: null,
  currentSourceKind: 'Identifier',
  hasDebugOptions: false,
  suppress: false
}
pc2line:record {
  offset: 0,
  instructionIndex: 0,
  opcode: 'OP_get_arg0',
  nodeKind: 'Identifier',
  isStatementRecord: false,
  tsSourcePos: 105,
  sourcePos: 105,
  line: 4,
  column: 34
}
pc2line:emit {
  opcode: 'OP_push_i8',
  offset: 1,
  instructionIndex: 1,
  recordNodeKind: null,
  currentStatementKind: null,
  currentSourceKind: 'FirstLiteralToken',
  hasDebugOptions: false,
  suppress: false
}
pc2line:emit {
  opcode: 'OP_mul',
  offset: 3,
  instructionIndex: 2,
  recordNodeKind: 'AsteriskToken',
  currentStatementKind: null,
  currentSourceKind: 'BinaryExpression',
  hasDebugOptions: false,
  suppress: false
}
pc2line:record {
  offset: 3,
  instructionIndex: 2,
  opcode: 'OP_mul',
  nodeKind: 'AsteriskToken',
  isStatementRecord: false,
  tsSourcePos: 107,
  sourcePos: 107,
  line: 4,
  column: 36
}
pc2line:emit {
  opcode: 'OP_return',
  offset: 4,
  instructionIndex: 3,
  recordNodeKind: 'BinaryExpression',
  currentStatementKind: null,
  currentSourceKind: null,
  hasDebugOptions: false,
  suppress: false
}
pc2line:rawTable [
  { pc: 0, line: 4, column: 29, sourcePos: 100 },
  { pc: 0, line: 4, column: 29, sourcePos: 100 },
  { pc: 0, line: 4, column: 34, sourcePos: 105 },
  { pc: 3, line: 4, column: 36, sourcePos: 107 }
]
pc2line:lineNumberTable [
  { pc: 0, line: 4, column: 29, sourcePos: 100 },
  { pc: 0, line: 4, column: 34, sourcePos: 105 },
  { pc: 3, line: 4, column: 36, sourcePos: 107 }
]
pc2line:encoded [ 4, 29, 2, 10, 17, 4 ]
pc2line:emit {
  opcode: 'OP_fclosure8',
  offset: 31,
  instructionIndex: 14,
  recordNodeKind: 'FirstStatement',
  currentStatementKind: 'FirstStatement',
  currentSourceKind: 'ArrowFunction',
  hasDebugOptions: false,
  suppress: false
}
pc2line:record {
  offset: 31,
  instructionIndex: 14,
  opcode: 'OP_fclosure8',
  nodeKind: 'FirstStatement',
  isStatementRecord: false,
  tsSourcePos: 71,
  sourcePos: 71,
  line: 4,
  column: 0
}
pc2line:emit {
  opcode: 'OP_call_method',
  offset: 33,
  instructionIndex: 15,
  recordNodeKind: 'FirstStatement',
  currentStatementKind: 'FirstStatement',
  currentSourceKind: 'CallExpression',
  hasDebugOptions: true,
  suppress: false
}
pc2line:record {
  offset: 33,
  instructionIndex: 15,
  opcode: 'OP_call_method',
  nodeKind: 'FirstStatement',
  isStatementRecord: false,
  tsSourcePos: 99,
  sourcePos: 99,
  line: 4,
  column: 28
}
pc2line:emit {
  opcode: 'OP_put_var_ref2',
  offset: 36,
  instructionIndex: 16,
  recordNodeKind: 'FirstStatement',
  currentStatementKind: 'FirstStatement',
  currentSourceKind: 'VariableDeclaration',
  hasDebugOptions: false,
  suppress: true
}
pc2line:emit {
  opcode: 'OP_object',
  offset: 37,
  instructionIndex: 17,
  recordNodeKind: 'FirstStatement',
  currentStatementKind: 'FirstStatement',
  currentSourceKind: 'ObjectLiteralExpression',
  hasDebugOptions: false,
  suppress: false
}
pc2line:record {
  offset: 37,
  instructionIndex: 17,
  opcode: 'OP_object',
  nodeKind: 'FirstStatement',
  isStatementRecord: false,
  tsSourcePos: 113,
  sourcePos: 113,
  line: 5,
  column: 0
}
pc2line:emit {
  opcode: 'OP_get_arg0',
  offset: 0,
  instructionIndex: 0,
  recordNodeKind: 'Identifier',
  currentStatementKind: null,
  currentSourceKind: 'Identifier',
  hasDebugOptions: false,
  suppress: false
}
pc2line:record {
  offset: 0,
  instructionIndex: 0,
  opcode: 'OP_get_arg0',
  nodeKind: 'Identifier',
  isStatementRecord: false,
  tsSourcePos: 138,
  sourcePos: 138,
  line: 5,
  column: 25
}
pc2line:emit {
  opcode: 'OP_push_1',
  offset: 1,
  instructionIndex: 1,
  recordNodeKind: null,
  currentStatementKind: null,
  currentSourceKind: 'FirstLiteralToken',
  hasDebugOptions: false,
  suppress: false
}
pc2line:emit {
  opcode: 'OP_add',
  offset: 2,
  instructionIndex: 2,
  recordNodeKind: 'PlusToken',
  currentStatementKind: null,
  currentSourceKind: 'BinaryExpression',
  hasDebugOptions: false,
  suppress: false
}
pc2line:record {
  offset: 2,
  instructionIndex: 2,
  opcode: 'OP_add',
  nodeKind: 'PlusToken',
  isStatementRecord: false,
  tsSourcePos: 140,
  sourcePos: 140,
  line: 5,
  column: 27
}
pc2line:emit {
  opcode: 'OP_return',
  offset: 3,
  instructionIndex: 3,
  recordNodeKind: 'BinaryExpression',
  currentStatementKind: null,
  currentSourceKind: null,
  hasDebugOptions: false,
  suppress: false
}
pc2line:rawTable [
  { pc: 0, line: 5, column: 18, sourcePos: 131 },
  { pc: 0, line: 5, column: 18, sourcePos: 131 },
  { pc: 0, line: 5, column: 25, sourcePos: 138 },
  { pc: 2, line: 5, column: 27, sourcePos: 140 }
]
pc2line:lineNumberTable [
  { pc: 0, line: 5, column: 18, sourcePos: 131 },
  { pc: 0, line: 5, column: 25, sourcePos: 138 },
  { pc: 2, line: 5, column: 27, sourcePos: 140 }
]
pc2line:encoded [ 5, 18, 2, 14, 12, 4 ]
pc2line:emit {
  opcode: 'OP_fclosure8',
  offset: 38,
  instructionIndex: 18,
  recordNodeKind: 'FirstStatement',
  currentStatementKind: 'FirstStatement',
  currentSourceKind: 'ArrowFunction',
  hasDebugOptions: false,
  suppress: false
}
pc2line:emit {
  opcode: 'OP_set_name',
  offset: 40,
  instructionIndex: 19,
  recordNodeKind: 'FirstStatement',
  currentStatementKind: 'FirstStatement',
  currentSourceKind: 'ArrowFunction',
  hasDebugOptions: false,
  suppress: true
}
pc2line:emit {
  opcode: 'OP_define_field',
  offset: 45,
  instructionIndex: 20,
  recordNodeKind: 'FirstStatement',
  currentStatementKind: 'FirstStatement',
  currentSourceKind: 'ObjectLiteralExpression',
  hasDebugOptions: false,
  suppress: false
}
pc2line:emit {
  opcode: 'OP_put_var_ref3',
  offset: 50,
  instructionIndex: 21,
  recordNodeKind: 'FirstStatement',
  currentStatementKind: 'FirstStatement',
  currentSourceKind: 'VariableDeclaration',
  hasDebugOptions: false,
  suppress: true
}
pc2line:emit {
  opcode: 'OP_undefined',
  offset: 51,
  instructionIndex: 22,
  recordNodeKind: 'SourceFile',
  currentStatementKind: 'SourceFile',
  currentSourceKind: 'SourceFile',
  hasDebugOptions: false,
  suppress: true
}
pc2line:emit {
  opcode: 'OP_return_async',
  offset: 52,
  instructionIndex: 23,
  recordNodeKind: 'SourceFile',
  currentStatementKind: 'SourceFile',
  currentSourceKind: 'SourceFile',
  hasDebugOptions: false,
  suppress: true
}
pc2line:rawTable [
  { pc: 0, line: 0, column: 0, sourcePos: 0 },
  { pc: 4, line: 0, column: 0, sourcePos: 0 },
  { pc: 12, line: 1, column: 0, sourcePos: 29 },
  { pc: 26, line: 4, column: 24, sourcePos: 95 },
  { pc: 31, line: 4, column: 0, sourcePos: 71 },
  { pc: 33, line: 4, column: 28, sourcePos: 99 },
  { pc: 37, line: 5, column: 0, sourcePos: 113 }
]
pc2line:lineNumberTable [
  { pc: 0, line: 0, column: 0, sourcePos: 0 },
  { pc: 12, line: 1, column: 0, sourcePos: 29 },
  { pc: 26, line: 4, column: 24, sourcePos: 95 },
  { pc: 33, line: 4, column: 28, sourcePos: 99 },
  { pc: 37, line: 5, column: 0, sourcePos: 113 }
]
pc2line:encoded [
   0,  0, 63,  0, 75,
  48, 37,  8, 23, 55
]
🌐 Compiling with QuickJS WASM...
[pc2line] trace init env=<unset> enabled=1
[pc2line] start func=0x47548 source_pos=12 line=0 col=12
[pc2line] slot i=0 pc=0 source_pos=22 diff_pc=0 diff_line=0 diff_col=10 short_op=1 new_pc=0 new_line=0 new_col=22
[pc2line] slot i=1 pc=1 source_pos=26 diff_pc=1 diff_line=0 diff_col=4 short_op=6 new_pc=1 new_line=0 new_col=26
[pc2line] slot i=2 pc=2 source_pos=24 diff_pc=1 diff_line=0 diff_col=-2 short_op=6 new_pc=2 new_line=0 new_col=24
__tests__/compiler/fixtures/arrow-fn-basic.js:1:13: function: <null>
  mode: strict
  args: a b
  stack_size: 2
  opcodes:
        get_arg0 0: a
        get_arg1 1: b
        add
        return

[pc2line] start func=0x40aa0 source_pos=44 line=1 col=15
[pc2line] slot i=0 pc=0 source_pos=64 diff_pc=0 diff_line=1 diff_col=-4 short_op=2 new_pc=0 new_line=2 new_col=11
[pc2line] slot i=1 pc=2 source_pos=66 diff_pc=2 diff_line=0 diff_col=2 short_op=11 new_pc=2 new_line=2 new_col=13
[pc2line] slot i=2 pc=3 source_pos=57 diff_pc=1 diff_line=0 diff_col=-9 short_op=6 new_pc=3 new_line=2 new_col=4
__tests__/compiler/fixtures/arrow-fn-basic.js:2:16: function: <null>
  mode: strict
  args: x
  stack_size: 2
  opcodes:
        get_arg0 0: x
        push_2 2
        mul
        return

[pc2line] start func=0x40dd8 source_pos=105 line=4 col=31
[pc2line] slot i=0 pc=0 source_pos=110 diff_pc=0 diff_line=0 diff_col=5 short_op=1 new_pc=0 new_line=4 new_col=36
[pc2line] slot i=1 pc=3 source_pos=112 diff_pc=3 diff_line=0 diff_col=2 short_op=16 new_pc=3 new_line=4 new_col=38
__tests__/compiler/fixtures/arrow-fn-basic.js:5:32: function: <null>
  mode: strict
  args: x
  stack_size: 2
  opcodes:
        get_arg0 0: x
        push_i8 10
        mul
        return

[pc2line] start func=0x483e8 source_pos=137 line=5 col=18
[pc2line] slot i=0 pc=0 source_pos=144 diff_pc=0 diff_line=0 diff_col=7 short_op=1 new_pc=0 new_line=5 new_col=25
[pc2line] slot i=1 pc=2 source_pos=146 diff_pc=2 diff_line=0 diff_col=2 short_op=11 new_pc=2 new_line=5 new_col=27
__tests__/compiler/fixtures/arrow-fn-basic.js:6:19: function: <null>
  mode: strict
  args: x
  stack_size: 2
  opcodes:
        get_arg0 0: x
        push_1 1
        add
        return

[pc2line] start func=0x47370 source_pos=0 line=0 col=0
[pc2line] slot i=0 pc=26 source_pos=100 diff_pc=26 diff_line=4 diff_col=26 long_op new_pc=26 new_line=4 new_col=26
[pc2line] slot i=1 pc=33 source_pos=104 diff_pc=7 diff_line=0 diff_col=4 short_op=36 new_pc=33 new_line=4 new_col=30
__tests__/compiler/fixtures/arrow-fn-basic.js:1:1: function: <eval>
  mode: strict
  closure vars:
    0: add local:loc0 const
    1: double local:loc1 const
    2: arrArrow local:loc2 const
    3: obj local:loc3 const
  stack_size: 3
  opcodes:
        push_this
        if_false8 4
        return_undef
    4:  fclosure8 0: [bytecode <null>]
        set_name add
        put_var_ref0 0: add
        fclosure8 1: [bytecode <null>]
        set_name double
        put_var_ref1 1: double
        push_1 1
        push_2 2
        push_3 3
        array_from 3
        get_field2 map
        fclosure8 2: [bytecode <null>]
        call_method 1
        put_var_ref2 2: arrArrow
        object
        fclosure8 3: [bytecode <null>]
        set_name fn
        define_field fn
        put_var_ref3 3: obj
        undefined
        return_async

💾 Artifacts saved to artifacts/

📊 Comparison Results:
──────────────────────────────────────────────────
TypeScript compiler: 324 bytes
WASM compiler:       322 bytes
Size difference:     +2 bytes (+0.6%)
Bytecode identical:  ❌ No

🔍 Byte-level differences:
  Position 174: TS=0a vs WASM=08
  Position 177: TS=3f vs WASM=00
  Position 178: TS=00 vs WASM=1a
  Position 179: TS=4b vs WASM=08
  Position 180: TS=30 vs WASM=34
  Position 183: TS=17 vs WASM=00
  Position 184: TS=37 vs WASM=0c
  Position 185: TS=00 vs WASM=02
  Position 186: TS=0c vs WASM=06
  Position 187: TS=02 vs WASM=01
  ... (showing first 10 differences)

📋 Side-by-side disassembly:
────────────────────────────────────────────────────────────────────────────────────────────────────
--- TS Disassembly ---                           | --- WASM Disassembly ---
Bytecode size: 324 bytes                         | Bytecode size: 322 bytes
                                                 | 
00000000: 05 09 5a 5f 5f 74 65 73 74 73 5f 5f 2f 63 6f 6d |..Z__tests__/com| | 00000000: 05 09 5a 5f 5f 74 65 73 74 73 5f 5f 2f 63 6f 6d |..Z__tests__/com|
00000010: 70 69 6c 65 72 2f 66 69 78 74 75 72 65 73 2f 61 |piler/fixtures/a| | 00000010: 70 69 6c 65 72 2f 66 69 78 74 75 72 65 73 2f 61 |piler/fixtures/a|
00000020: 72 72 6f 77 2d 66 6e 2d 62 61 73 69 63 2e 6a 73 |rrow-fn-basic.js| | 00000020: 72 72 6f 77 2d 66 6e 2d 62 61 73 69 63 2e 6a 73 |rrow-fn-basic.js|
00000030: 0c 64 6f 75 62 6c 65 10 61 72 72 41 72 72 6f 77 |.double.arrArrow| | 00000030: 0c 64 6f 75 62 6c 65 10 61 72 72 41 72 72 6f 77 |.double.arrArrow|
00000040: 06 6f 62 6a 06 6d 61 70 04 66 6e 02 61 02 62 02 |.obj.map.fn.a.b.| | 00000040: 06 6f 62 6a 06 6d 61 70 04 66 6e 02 61 02 62 02 |.obj.map.fn.a.b.|
00000050: 78 0d c8 03 00 00 00 00 00 0c 20 06 01 a4 01 00 |x......... .....| | 00000050: 78 0d c8 03 00 00 00 00 00 0c 20 06 01 a4 01 00 |x......... .....|
00000060: 00 00 03 04 04 35 00 d4 01 00 0d ca 03 01 0d cc |.....5..........| | 00000060: 00 00 03 04 04 35 00 d4 01 00 0d ca 03 01 0d cc |.....5..........|
00000070: 03 02 0d ce 03 03 0d 08 ec 02 29 c2 00 4f 6a 00 |..........)..Oj.| | 00000070: 03 02 0d ce 03 03 0d 08 ec 02 29 c2 00 4f 6a 00 |..........)..Oj.|
00000080: 00 00 e3 c2 01 4f e5 00 00 00 e4 b8 b9 ba 26 03 |.....O........&.| | 00000080: 00 00 e3 c2 01 4f e5 00 00 00 e4 b8 b9 ba 26 03 |.....O........&.|
00000090: 00 43 e8 00 00 00 c2 02 24 01 00 e5 0b c2 03 4f |.C......$......O| | 00000090: 00 43 e8 00 00 00 c2 02 24 01 00 e5 0b c2 03 4f |.C......$......O|
000000a0: e9 00 00 00 4e e9 00 00 00 e6 06 2f c8 03 0a 00 |....N....../....| | 000000a0: e9 00 00 00 4e e9 00 00 00 e6 06 2f c8 03 08 00 |....N....../....|
000000b0: 00 3f 00 4b 30 25 08 17 37 00 0c 02 06 01 00 02 |.?.K0%..7.......| | 000000b0: 00 00 1a 08 34 25 08 00 0c 02 06 01 00 02 00 02 |....4%..........|
000000c0: 00 02 02 00 00 04 02 d4 03 00 01 00 d6 03 00 01 |................| | 000000c0: 02 00 00 04 02 d4 03 00 01 00 d6 03 00 01 00 d3 |................|
000000d0: 00 d3 d4 9f 28 c8 03 08 00 0c 02 14 07 08 07 03 |....(...........| | 000000d0: d4 9f 28 c8 03 08 00 0c 02 14 07 08 07 03 00 0c |..(.............|
000000e0: 00 0c 02 06 01 00 01 00 01 02 00 00 04 01 d8 03 |................| | 000000e0: 02 06 01 00 01 00 01 02 00 00 04 01 d8 03 00 01 |................|
000000f0: 00 01 00 d3 b9 9c 28 c8 03 08 01 0f 03 07 0c 04 |......(.........| | 000000f0: 00 d3 b9 9c 28 c8 03 08 01 0f 03 07 0c 04 07 11 |....(...........|
00000100: 07 11 00 0c 02 06 01 00 01 00 01 02 00 00 05 01 |................| | 00000100: 00 0c 02 06 01 00 01 00 01 02 00 00 05 01 d8 03 |................|
... (truncated, see artifacts for full disassembly)
──────────────────────────────────────────────────
⚠️  Differences found. Review artifacts for detailed analysis.
