[QTS:SCOPE] push: level=1 first_var=-1
[QTS:SCOPE] enter: idx=1 is_body=0
[QTS:EMIT] pos=0 op=182
[QTS:EMIT] pos=1 u16=0x0001 (1)
[QTS:SCOPE] push: level=2 first_var=-1
[QTS:SCOPE] enter: idx=2 is_body=0
[QTS:EMIT] pos=3 op=182
[QTS:EMIT] pos=4 u16=0x0002 (2)
[QTS:EMIT] pos=6 op=6
[QTS:SCOPE] push: level=3 first_var=0
[QTS:SCOPE] enter: idx=3 is_body=0
[QTS:EMIT] pos=7 op=182
[QTS:EMIT] pos=8 u16=0x0003 (3)
[QTS:EMIT] pos=10 op=2
[QTS:EMIT] pos=11 u32=0x00000000 (0)
[QTS:EMIT] pos=15 op=88
[QTS:EMIT] pos=16 atom=472
[QTS:EMIT] pos=20 u8=0x00
[QTS:EMIT] pos=0 op=9
[QTS:EMIT] pos=1 op=108
[QTS:EMIT] pos=2 u32=0x00000000 (0)
[QTS:EMIT] pos=6 op=186
[QTS:EMIT] pos=7 atom=8
[QTS:EMIT] pos=11 u16=0x0000 (0)
[QTS:EMIT] pos=13 op=186
[QTS:EMIT] pos=14 atom=117
[QTS:EMIT] pos=18 u16=0x0000 (0)
[QTS:EMIT] pos=20 op=46
[QTS:EMIT] pos=21 op=184
[QTS:EMIT] pos=22 u32=0x00000000 (0)
[QTS:EMIT] pos=26 op=186
[QTS:EMIT] pos=27 atom=8
[QTS:EMIT] pos=31 u16=0x0000 (0)
[QTS:EMIT] pos=33 op=1
[QTS:EMIT] pos=34 u32=0x00000000 (0)
[QTS:EMIT] pos=38 op=78
[QTS:EMIT] pos=39 atom=473
[QTS:SCOPE] push: level=1 first_var=-1
[QTS:SCOPE] enter: idx=1 is_body=0
[QTS:EMIT] pos=0 op=182
[QTS:EMIT] pos=1 u16=0x0001 (1)
[QTS:EMIT] pos=3 op=200
[QTS:EMIT] pos=4 u32=0x00000031 (49)
[QTS:EMIT] pos=8 op=186
[QTS:EMIT] pos=9 u32=0x000001da (474)
[QTS:EMIT] pos=13 u16=0x0001 (1)
[QTS:EMIT] pos=15 op=200
[QTS:EMIT] pos=16 u32=0x00000038 (56)
[QTS:EMIT] pos=20 op=66
[QTS:EMIT] pos=21 atom=475
[QTS:EMIT] pos=25 op=4
[QTS:EMIT] pos=26 u32=0x000001dc (476)
[QTS:EMIT] pos=30 op=200
[QTS:EMIT] pos=31 u32=0x0000003c (60)
[QTS:EMIT] pos=35 op=36
[QTS:EMIT] pos=36 u16=0x0001 (1)
[QTS:EMIT] pos=38 op=14
[QTS:EMIT] pos=39 op=186
[QTS:EMIT] pos=40 atom=8
[QTS:EMIT] pos=44 u16=0x0000 (0)
[QTS:EMIT] pos=46 op=200
[QTS:EMIT] pos=47 u32=0x0000005e (94)
[QTS:EMIT] pos=51 op=66
[QTS:EMIT] pos=52 atom=473
[QTS:EMIT] pos=56 op=200
[QTS:EMIT] pos=57 u32=0x00000053 (83)
[QTS:EMIT] pos=61 op=40
[QTS:EMIT] pos=21 op=3
[QTS:EMIT] pos=22 u32=0x00000000 (0)
[QTS:EMIT] pos=26 op=79
[QTS:EMIT] pos=27 u32=0x00000000 (0)
[QTS:EMIT] pos=31 op=86
[QTS:EMIT] pos=32 atom=66
[QTS:EMIT] pos=36 u8=0x01
[QTS:SCOPE] push: level=1 first_var=-1
[QTS:SCOPE] enter: idx=1 is_body=0
[QTS:EMIT] pos=0 op=182
[QTS:EMIT] pos=1 u16=0x0001 (1)
[QTS:EMIT] pos=3 op=200
[QTS:EMIT] pos=4 u32=0x00000083 (131)
[QTS:EMIT] pos=8 op=186
[QTS:EMIT] pos=9 u32=0x000001da (474)
[QTS:EMIT] pos=13 u16=0x0001 (1)
[QTS:EMIT] pos=15 op=200
[QTS:EMIT] pos=16 u32=0x0000008a (138)
[QTS:EMIT] pos=20 op=66
[QTS:EMIT] pos=21 atom=475
[QTS:EMIT] pos=25 op=4
[QTS:EMIT] pos=26 u32=0x000001de (478)
[QTS:EMIT] pos=30 op=200
[QTS:EMIT] pos=31 u32=0x0000008e (142)
[QTS:EMIT] pos=35 op=36
[QTS:EMIT] pos=36 u16=0x0001 (1)
[QTS:EMIT] pos=38 op=14
[QTS:EMIT] pos=39 op=200
[QTS:EMIT] pos=40 u32=0x000000a5 (165)
[QTS:EMIT] pos=44 op=186
[QTS:EMIT] pos=45 atom=8
[QTS:EMIT] pos=49 u16=0x0000 (0)
[QTS:EMIT] pos=51 op=200
[QTS:EMIT] pos=52 u32=0x000000a9 (169)
[QTS:EMIT] pos=56 op=66
[QTS:EMIT] pos=57 atom=473
[QTS:EMIT] pos=56 op=200
[QTS:EMIT] pos=57 u32=0x000000b3 (179)
[QTS:EMIT] pos=61 op=186
[QTS:EMIT] pos=62 u32=0x000001dd (477)
[QTS:EMIT] pos=66 u16=0x0001 (1)
[QTS:EMIT] pos=68 op=21
[QTS:EMIT] pos=69 op=68
[QTS:EMIT] pos=70 u32=0x000001d9 (473)
[QTS:EMIT] pos=74 op=14
[QTS:EMIT] pos=75 op=41
[QTS:EMIT] pos=37 op=3
[QTS:EMIT] pos=38 u32=0x00000001 (1)
[QTS:EMIT] pos=42 op=79
[QTS:EMIT] pos=43 u32=0x00000000 (0)
[QTS:EMIT] pos=47 op=86
[QTS:EMIT] pos=48 atom=66
[QTS:EMIT] pos=52 u8=0x02
[QTS:SCOPE] push: level=1 first_var=-1
[QTS:SCOPE] enter: idx=1 is_body=0
[QTS:EMIT] pos=0 op=182
[QTS:EMIT] pos=1 u16=0x0001 (1)
[QTS:EMIT] pos=3 op=43
[QTS:EMIT] pos=4 op=186
[QTS:EMIT] pos=5 atom=120
[QTS:EMIT] pos=9 u16=0x0001 (1)
[QTS:EMIT] pos=11 op=17
[QTS:EMIT] pos=12 op=108
[QTS:EMIT] pos=13 u32=0x00000000 (0)
[QTS:EMIT] pos=17 op=186
[QTS:EMIT] pos=18 atom=8
[QTS:EMIT] pos=22 u16=0x0000 (0)
[QTS:EMIT] pos=24 op=27
[QTS:EMIT] pos=25 op=36
[QTS:EMIT] pos=26 u16=0x0000 (0)
[QTS:EMIT] pos=28 op=184
[QTS:EMIT] pos=29 u32=0x00000000 (0)
[QTS:EMIT] pos=33 op=14
[QTS:EMIT] pos=34 op=41
[QTS:EMIT] pos=43 op=41
[QTS:EMIT] pos=53 op=3
[QTS:EMIT] pos=54 u32=0x00000003 (3)
[QTS:EMIT] pos=58 op=82
[QTS:EMIT] pos=59 op=191
[QTS:EMIT] pos=60 atom=120
[QTS:EMIT] pos=64 u16=0x0003 (3)
[QTS:EMIT] pos=66 op=14
[QTS:EMIT] pos=67 op=17
[QTS:EMIT] pos=68 op=191
[QTS:EMIT] pos=69 atom=472
[QTS:EMIT] pos=73 u16=0x0003 (3)
[QTS:SCOPE] leave: idx=3
[QTS:SCOPE] pop: level=3
[QTS:EMIT] pos=75 op=183
[QTS:EMIT] pos=76 u16=0x0003 (3)
[QTS:SCOPE] leave: idx=2
[QTS:SCOPE] pop: level=2
[QTS:EMIT] pos=78 op=183
[QTS:EMIT] pos=79 u16=0x0002 (2)
[QTS:EMIT] pos=81 op=191
[QTS:EMIT] pos=82 atom=472
[QTS:EMIT] pos=86 u16=0x0001 (1)
[QTS:EMIT] pos=88 op=200
[QTS:EMIT] pos=89 u32=0x000000cb (203)
[QTS:EMIT] pos=93 op=186
[QTS:EMIT] pos=94 u32=0x000001d8 (472)
[QTS:EMIT] pos=98 u16=0x0001 (1)
[QTS:EMIT] pos=100 op=17
[QTS:EMIT] pos=101 op=200
[QTS:EMIT] pos=102 u32=0x000000ce (206)
[QTS:EMIT] pos=106 op=33
[QTS:EMIT] pos=107 u16=0x0000 (0)
[QTS:EMIT] pos=109 op=191
[QTS:EMIT] pos=110 atom=479
[QTS:EMIT] pos=114 u16=0x0001 (1)
[QTS:EMIT] pos=116 op=200
[QTS:EMIT] pos=117 u32=0x000000d2 (210)
[QTS:EMIT] pos=121 op=186
[QTS:EMIT] pos=122 u32=0x000001df (479)
[QTS:EMIT] pos=126 u16=0x0001 (1)
[QTS:EMIT] pos=128 op=200
[QTS:EMIT] pos=129 u32=0x000000d3 (211)
[QTS:EMIT] pos=133 op=66
[QTS:EMIT] pos=134 atom=66
[QTS:EMIT] pos=133 op=1
[QTS:EMIT] pos=134 u32=0x0000000a (10)
[QTS:EMIT] pos=138 op=21
[QTS:EMIT] pos=139 op=68
[QTS:EMIT] pos=140 u32=0x00000042 (66)
[QTS:EMIT] pos=144 op=14
[QTS:EMIT] pos=145 op=200
[QTS:EMIT] pos=146 u32=0x000000e0 (224)
[QTS:EMIT] pos=150 op=186
[QTS:EMIT] pos=151 u32=0x000001da (474)
[QTS:EMIT] pos=155 u16=0x0001 (1)
[QTS:EMIT] pos=157 op=200
[QTS:EMIT] pos=158 u32=0x000000e7 (231)
[QTS:EMIT] pos=162 op=66
[QTS:EMIT] pos=163 atom=475
[QTS:EMIT] pos=167 op=200
[QTS:EMIT] pos=168 u32=0x000000ec (236)
[QTS:EMIT] pos=172 op=186
[QTS:EMIT] pos=173 u32=0x000001df (479)
[QTS:EMIT] pos=177 u16=0x0001 (1)
[QTS:EMIT] pos=179 op=200
[QTS:EMIT] pos=180 u32=0x000000ed (237)
[QTS:EMIT] pos=184 op=66
[QTS:EMIT] pos=185 atom=66
[QTS:EMIT] pos=189 op=200
[QTS:EMIT] pos=190 u32=0x000000eb (235)
[QTS:EMIT] pos=194 op=36
[QTS:EMIT] pos=195 u16=0x0001 (1)
[QTS:EMIT] pos=197 op=14
[QTS:EMIT] pos=198 op=6
[QTS:EMIT] pos=199 op=47
