__tests__/fixtures/tagged-template-method.js:2:5: function: <null>
  args: strings values
  stack_size: 2
  opcodes:
        rest 1
        put_arg1 1: values
        get_arg0 0: strings
        get_arg1 1: values
        array_from 2
        return

__tests__/fixtures/tagged-template-method.js:1:1: function: <eval>
  locals:
    0: var <ret>
  stack_size: 4
  opcodes:
        check_define_var obj,128
        check_define_var x,128
        check_define_var r,128
        define_var obj,128
        define_var x,128
        define_var r,128
        object
        fclosure8 0: [bytecode <null>]
        define_method tag,4
        put_var_init obj
        push_1 1
        put_var_init x
        get_var obj
        get_field2 tag
        push_const8 1: [ 0: "a", 1: "b" ]
        get_var x
        call_method 2
        put_var_init r
        get_var r
        drop
        undefined
        set_loc0 0: "<ret>"
        return

