hoistVariables class: Point isModule=true
addVarWithAtom: Point (atom=229) isConst=false isLexical=false scopeLevel=2 varKind=0
Adding closure var for class Point (module)
addClosureVarWithAtom: Point (atom=229) isLocal=true isArg=false varIdx=0 varKind=0 isConst=false isLexical=false
addVarWithAtom: undefined (atom=120) isConst=true isLexical=true scopeLevel=3 varKind=0
addVar this trace:
addVarWithAtom: undefined (atom=8) isConst=true isLexical=false scopeLevel=0 varKind=0
[DEBUG] classPos: 0, Line: 1, Col: 1
[DEBUG] addPc2LineInfo: pc=11, line=1, col=1
[DEBUG] addPc2LineInfo: pc=13, line=1, col=1
addClosureVarWithAtom: undefined (atom=120) isLocal=true isArg=false varIdx=1 varKind=0 isConst=true isLexical=true
[DEBUG] addPc2LineInfo: pc=15, line=3, col=5
[DEBUG] addPc2LineInfo: pc=16, line=3, col=14
[DEBUG] addPc2LineInfo: pc=22, line=4, col=5
[DEBUG] addPc2LineInfo: pc=23, line=4, col=14
[DEBUG] computePc2LineInfo: pc=15 lastPc=0 diffPc=15 line=2 lastLine=1 diffLine=1 col=4 lastCol=2 diffCol=2
[DEBUG] emit pc2line op: 78 (0x4e) for pc=15
[DEBUG] computePc2LineInfo: pc=16 lastPc=15 diffPc=1 line=2 lastLine=2 diffLine=0 col=13 lastCol=4 diffCol=9
[DEBUG] emit pc2line op: 7 (0x7) for pc=16
[DEBUG] computePc2LineInfo: pc=22 lastPc=16 diffPc=6 line=3 lastLine=2 diffLine=1 col=4 lastCol=13 diffCol=-9
[DEBUG] emit pc2line op: 33 (0x21) for pc=22
[DEBUG] computePc2LineInfo: pc=23 lastPc=22 diffPc=1 line=3 lastLine=3 diffLine=0 col=13 lastCol=4 diffCol=9
[DEBUG] emit pc2line op: 7 (0x7) for pc=23
[DEBUG] computePc2LineInfo: pc=11 lastPc=0 diffPc=11 line=0 lastLine=0 diffLine=0 col=0 lastCol=0 diffCol=0
[DEBUG] computePc2LineInfo: pc=13 lastPc=0 diffPc=13 line=0 lastLine=0 diffLine=0 col=0 lastCol=0 diffCol=0
Compiled to __tests__/compiler/fixtures/class-basic.qbc
