__tests__/fixtures/while.js:1:1: function: <eval>
  locals:
    0: var <ret>
  stack_size: 3
  opcodes:
        check_define_var i,128
        define_var i,130
        push_0 0
        put_var_init i
        undefined
        put_loc0 0: "<ret>"
   20:  get_var i
        push_3 3
        lt
        if_false8 62
        get_var console
        get_field2 log
        get_var i
        call_method 1
        put_loc0 0: "<ret>"
        get_var i
        post_inc
        put_var i
        put_loc0 0: "<ret>"
        goto8 20
   62:  get_loc0 0: "<ret>"
        return

