[QTS:SCOPE] push: level=1 first_var=-1
[QTS:SCOPE] enter: idx=1 is_body=0
[QTS:EMIT] pos=0 op=182
[QTS:EMIT] pos=1 u16=0x0001 (1)
[QTS:SCOPE] push: level=2 first_var=-1
[QTS:SCOPE] enter: idx=2 is_body=0
[QTS:EMIT] pos=3 op=182
[QTS:EMIT] pos=4 u16=0x0002 (2)
[QTS:EMIT] pos=6 op=6
[QTS:SCOPE] push: level=3 first_var=0
[QTS:SCOPE] enter: idx=3 is_body=0
[QTS:EMIT] pos=7 op=182
[QTS:EMIT] pos=8 u16=0x0003 (3)
[QTS:EMIT] pos=10 op=2
[QTS:EMIT] pos=11 u32=0x00000000 (0)
[QTS:EMIT] pos=15 op=88
[QTS:EMIT] pos=16 atom=472
[QTS:EMIT] pos=20 u8=0x00
[QTS:EMIT] pos=21 op=5
[QTS:EMIT] pos=22 atom=473
[QTS:EMIT] pos=26 op=191
[QTS:EMIT] pos=27 atom=473
[QTS:EMIT] pos=31 u16=0x0003 (3)
[QTS:EMIT] pos=0 op=9
[QTS:EMIT] pos=1 op=108
[QTS:EMIT] pos=2 u32=0x00000000 (0)
[QTS:EMIT] pos=6 op=186
[QTS:EMIT] pos=7 atom=8
[QTS:EMIT] pos=11 u16=0x0000 (0)
[QTS:EMIT] pos=13 op=186
[QTS:EMIT] pos=14 atom=117
[QTS:EMIT] pos=18 u16=0x0000 (0)
[QTS:EMIT] pos=20 op=46
[QTS:EMIT] pos=21 op=184
[QTS:EMIT] pos=22 u32=0x00000000 (0)
[QTS:EMIT] pos=26 op=186
[QTS:EMIT] pos=27 atom=8
[QTS:EMIT] pos=31 u16=0x0000 (0)
[QTS:EMIT] pos=33 op=186
[QTS:EMIT] pos=34 atom=473
[QTS:EMIT] pos=38 u16=0x0000 (0)
[QTS:EMIT] pos=40 op=1
[QTS:EMIT] pos=41 u32=0x00000000 (0)
[QTS:EMIT] pos=45 op=71
[QTS:SCOPE] push: level=1 first_var=-1
[QTS:SCOPE] enter: idx=1 is_body=0
[QTS:EMIT] pos=0 op=182
[QTS:EMIT] pos=1 u16=0x0001 (1)
[QTS:EMIT] pos=3 op=200
[QTS:EMIT] pos=4 u32=0x00000033 (51)
[QTS:EMIT] pos=8 op=186
[QTS:EMIT] pos=9 atom=8
[QTS:EMIT] pos=13 u16=0x0000 (0)
[QTS:EMIT] pos=15 op=200
[QTS:EMIT] pos=16 u32=0x00000037 (55)
[QTS:EMIT] pos=20 op=193
[QTS:EMIT] pos=21 atom=473
[QTS:EMIT] pos=25 u16=0x0001 (1)
[QTS:EMIT] pos=20 op=194
[QTS:EMIT] pos=21 atom=473
[QTS:EMIT] pos=25 u16=0x0001 (1)
[QTS:EMIT] pos=27 op=200
[QTS:EMIT] pos=28 u32=0x0000003e (62)
[QTS:EMIT] pos=32 op=147
[QTS:EMIT] pos=33 op=24
[QTS:EMIT] pos=34 op=195
[QTS:EMIT] pos=35 u32=0x000001d9 (473)
[QTS:EMIT] pos=39 u16=0x0001 (1)
[QTS:EMIT] pos=41 op=14
[QTS:EMIT] pos=42 op=41
[QTS:EMIT] pos=33 op=3
[QTS:EMIT] pos=34 u32=0x00000000 (0)
[QTS:EMIT] pos=38 op=79
[QTS:EMIT] pos=39 u32=0x00000000 (0)
[QTS:EMIT] pos=43 op=86
[QTS:EMIT] pos=44 atom=474
[QTS:EMIT] pos=48 u8=0x00
[QTS:SCOPE] push: level=1 first_var=-1
[QTS:SCOPE] enter: idx=1 is_body=0
[QTS:EMIT] pos=0 op=182
[QTS:EMIT] pos=1 u16=0x0001 (1)
[QTS:EMIT] pos=3 op=186
[QTS:EMIT] pos=4 atom=8
[QTS:EMIT] pos=8 u16=0x0000 (0)
[QTS:EMIT] pos=10 op=200
[QTS:EMIT] pos=11 u32=0x00000066 (102)
[QTS:EMIT] pos=15 op=193
[QTS:EMIT] pos=16 atom=473
[QTS:EMIT] pos=20 u16=0x0001 (1)
[QTS:EMIT] pos=22 op=200
[QTS:EMIT] pos=23 u32=0x0000005b (91)
[QTS:EMIT] pos=27 op=40
[QTS:EMIT] pos=49 op=3
[QTS:EMIT] pos=50 u32=0x00000001 (1)
[QTS:EMIT] pos=54 op=79
[QTS:EMIT] pos=55 u32=0x00000000 (0)
[QTS:EMIT] pos=59 op=86
[QTS:EMIT] pos=60 atom=66
[QTS:EMIT] pos=64 u8=0x01
[QTS:SCOPE] push: level=1 first_var=-1
[QTS:SCOPE] enter: idx=1 is_body=0
[QTS:EMIT] pos=0 op=182
[QTS:EMIT] pos=1 u16=0x0001 (1)
[QTS:EMIT] pos=3 op=43
[QTS:EMIT] pos=4 op=186
[QTS:EMIT] pos=5 atom=120
[QTS:EMIT] pos=9 u16=0x0001 (1)
[QTS:EMIT] pos=11 op=17
[QTS:EMIT] pos=12 op=108
[QTS:EMIT] pos=13 u32=0x00000000 (0)
[QTS:EMIT] pos=17 op=186
[QTS:EMIT] pos=18 atom=8
[QTS:EMIT] pos=22 u16=0x0000 (0)
[QTS:EMIT] pos=24 op=27
[QTS:EMIT] pos=25 op=36
[QTS:EMIT] pos=26 u16=0x0000 (0)
[QTS:EMIT] pos=28 op=184
[QTS:EMIT] pos=29 u32=0x00000000 (0)
[QTS:EMIT] pos=33 op=14
[QTS:EMIT] pos=34 op=41
[QTS:EMIT] pos=46 op=41
[QTS:EMIT] pos=65 op=3
[QTS:EMIT] pos=66 u32=0x00000003 (3)
[QTS:EMIT] pos=70 op=82
[QTS:EMIT] pos=71 op=191
[QTS:EMIT] pos=72 atom=120
[QTS:EMIT] pos=76 u16=0x0003 (3)
[QTS:EMIT] pos=78 op=14
[QTS:EMIT] pos=79 op=17
[QTS:EMIT] pos=80 op=191
[QTS:EMIT] pos=81 atom=472
[QTS:EMIT] pos=85 u16=0x0003 (3)
[QTS:SCOPE] leave: idx=3
[QTS:SCOPE] pop: level=3
[QTS:EMIT] pos=87 op=183
[QTS:EMIT] pos=88 u16=0x0003 (3)
[QTS:SCOPE] leave: idx=2
[QTS:SCOPE] pop: level=2
[QTS:EMIT] pos=90 op=183
[QTS:EMIT] pos=91 u16=0x0002 (2)
[QTS:EMIT] pos=93 op=191
[QTS:EMIT] pos=94 atom=472
[QTS:EMIT] pos=98 u16=0x0001 (1)
[QTS:EMIT] pos=100 op=200
[QTS:EMIT] pos=101 u32=0x00000084 (132)
[QTS:EMIT] pos=105 op=186
[QTS:EMIT] pos=106 u32=0x000001d8 (472)
[QTS:EMIT] pos=110 u16=0x0001 (1)
[QTS:EMIT] pos=112 op=17
[QTS:EMIT] pos=113 op=200
[QTS:EMIT] pos=114 u32=0x0000008b (139)
[QTS:EMIT] pos=118 op=33
[QTS:EMIT] pos=119 u16=0x0000 (0)
[QTS:EMIT] pos=121 op=191
[QTS:EMIT] pos=122 atom=475
[QTS:EMIT] pos=126 u16=0x0001 (1)
[QTS:EMIT] pos=128 op=200
[QTS:EMIT] pos=129 u32=0x0000008f (143)
[QTS:EMIT] pos=133 op=186
[QTS:EMIT] pos=134 u32=0x000001db (475)
[QTS:EMIT] pos=138 u16=0x0001 (1)
[QTS:EMIT] pos=140 op=200
[QTS:EMIT] pos=141 u32=0x00000090 (144)
[QTS:EMIT] pos=145 op=66
[QTS:EMIT] pos=146 atom=474
[QTS:EMIT] pos=150 op=200
[QTS:EMIT] pos=151 u32=0x0000009a (154)
[QTS:EMIT] pos=155 op=36
[QTS:EMIT] pos=156 u16=0x0000 (0)
[QTS:EMIT] pos=158 op=14
[QTS:EMIT] pos=159 op=200
[QTS:EMIT] pos=160 u32=0x0000009e (158)
[QTS:EMIT] pos=164 op=186
[QTS:EMIT] pos=165 u32=0x000001dc (476)
[QTS:EMIT] pos=169 u16=0x0001 (1)
[QTS:EMIT] pos=171 op=200
[QTS:EMIT] pos=172 u32=0x000000a5 (165)
[QTS:EMIT] pos=176 op=66
[QTS:EMIT] pos=177 atom=477
[QTS:EMIT] pos=181 op=200
[QTS:EMIT] pos=182 u32=0x000000aa (170)
[QTS:EMIT] pos=186 op=186
[QTS:EMIT] pos=187 u32=0x000001db (475)
[QTS:EMIT] pos=191 u16=0x0001 (1)
[QTS:EMIT] pos=193 op=200
[QTS:EMIT] pos=194 u32=0x000000ab (171)
[QTS:EMIT] pos=198 op=66
[QTS:EMIT] pos=199 atom=66
[QTS:EMIT] pos=203 op=200
[QTS:EMIT] pos=204 u32=0x000000a9 (169)
[QTS:EMIT] pos=208 op=36
[QTS:EMIT] pos=209 u16=0x0001 (1)
[QTS:EMIT] pos=211 op=14
[QTS:EMIT] pos=212 op=6
[QTS:EMIT] pos=213 op=47
