[QTS:EMIT] pos=0 op=182
[QTS:EMIT] pos=1 u16=0x0001 (1)
[QTS:EMIT] pos=3 op=10
[QTS:EMIT] pos=4 op=187
[QTS:EMIT] pos=5 u32=0x000000f7 (247)
[QTS:EMIT] pos=9 u16=0x0001 (1)
[QTS:EMIT] pos=0 op=13
[QTS:EMIT] pos=1 u16=0x0000 (0)
[QTS:EMIT] pos=3 op=94
[QTS:EMIT] pos=4 u16=0x0000 (0)
[QTS:EMIT] pos=6 op=182
[QTS:EMIT] pos=7 u16=0x0001 (1)
[QTS:EMIT] pos=9 op=200
[QTS:EMIT] pos=10 u32=0x0000087f (2175)
[QTS:EMIT] pos=14 op=186
[QTS:EMIT] pos=15 atom=250
[QTS:EMIT] pos=19 u16=0x0001 (1)
[QTS:EMIT] pos=21 op=200
[QTS:EMIT] pos=22 u32=0x00000886 (2182)
[QTS:EMIT] pos=26 op=67
[QTS:EMIT] pos=27 atom=251
[QTS:EMIT] pos=31 op=200
[QTS:EMIT] pos=32 u32=0x0000088e (2190)
[QTS:EMIT] pos=36 op=186
[QTS:EMIT] pos=37 atom=249
[QTS:EMIT] pos=41 u16=0x0001 (1)
[QTS:EMIT] pos=43 op=200
[QTS:EMIT] pos=44 u32=0x0000088a (2186)
[QTS:EMIT] pos=48 op=36
[QTS:EMIT] pos=49 u16=0x0001 (1)
[QTS:EMIT] pos=51 op=14
[QTS:EMIT] pos=52 op=182
[QTS:EMIT] pos=53 u16=0x0002 (2)
[QTS:EMIT] pos=55 op=200
[QTS:EMIT] pos=56 u32=0x0000089e (2206)
[QTS:EMIT] pos=60 op=186
[QTS:EMIT] pos=61 atom=230
[QTS:EMIT] pos=65 u16=0x0002 (2)
[QTS:EMIT] pos=67 op=200
[QTS:EMIT] pos=68 u32=0x000008ac (2220)
[QTS:EMIT] pos=72 op=66
[QTS:EMIT] pos=73 atom=248
[QTS:EMIT] pos=77 op=152
[QTS:EMIT] pos=78 op=108
[QTS:EMIT] pos=79 u32=0x00000000 (0)
[QTS:EMIT] pos=83 op=182
[QTS:EMIT] pos=84 u16=0x0003 (3)
[QTS:EMIT] pos=86 op=200
[QTS:EMIT] pos=87 u32=0x000008be (2238)
[QTS:EMIT] pos=91 op=186
[QTS:EMIT] pos=92 atom=230
[QTS:EMIT] pos=96 u16=0x0003 (3)
[QTS:EMIT] pos=98 op=200
[QTS:EMIT] pos=99 u32=0x000008cc (2252)
[QTS:EMIT] pos=103 op=38
[QTS:EMIT] pos=104 u16=0x0000 (0)
[QTS:EMIT] pos=106 op=68
[QTS:EMIT] pos=107 u32=0x000000f8 (248)
[QTS:EMIT] pos=111 op=183
[QTS:EMIT] pos=112 u16=0x0003 (3)
[QTS:EMIT] pos=114 op=184
[QTS:EMIT] pos=115 u32=0x00000000 (0)
[QTS:EMIT] pos=119 op=183
[QTS:EMIT] pos=120 u16=0x0002 (2)
[QTS:EMIT] pos=122 op=200
[QTS:EMIT] pos=123 u32=0x000008e3 (2275)
[QTS:EMIT] pos=127 op=186
[QTS:EMIT] pos=128 atom=230
[QTS:EMIT] pos=132 u16=0x0001 (1)
[QTS:EMIT] pos=134 op=200
[QTS:EMIT] pos=135 u32=0x000008f1 (2289)
[QTS:EMIT] pos=139 op=66
[QTS:EMIT] pos=140 atom=248
[QTS:EMIT] pos=144 op=200
[QTS:EMIT] pos=145 u32=0x000008f7 (2295)
[QTS:EMIT] pos=149 op=67
[QTS:EMIT] pos=150 atom=252
[QTS:EMIT] pos=154 op=200
[QTS:EMIT] pos=155 u32=0x00000900 (2304)
[QTS:EMIT] pos=159 op=186
[QTS:EMIT] pos=160 atom=249
[QTS:EMIT] pos=164 u16=0x0001 (1)
[QTS:EMIT] pos=166 op=200
[QTS:EMIT] pos=167 u32=0x000008fc (2300)
[QTS:EMIT] pos=171 op=36
[QTS:EMIT] pos=172 u16=0x0001 (1)
[QTS:EMIT] pos=174 op=14
[QTS:EMIT] pos=175 op=200
[QTS:EMIT] pos=176 u32=0x0000090b (2315)
[QTS:EMIT] pos=180 op=186
[QTS:EMIT] pos=181 atom=230
[QTS:EMIT] pos=185 u16=0x0001 (1)
[QTS:EMIT] pos=187 op=200
[QTS:EMIT] pos=188 u32=0x00000919 (2329)
[QTS:EMIT] pos=192 op=67
[QTS:EMIT] pos=193 atom=253
[QTS:EMIT] pos=197 op=200
[QTS:EMIT] pos=198 u32=0x00000921 (2337)
[QTS:EMIT] pos=202 op=186
[QTS:EMIT] pos=203 atom=230
[QTS:EMIT] pos=207 u16=0x0001 (1)
[QTS:EMIT] pos=209 op=200
[QTS:EMIT] pos=210 u32=0x0000092f (2351)
[QTS:EMIT] pos=214 op=66
[QTS:EMIT] pos=215 atom=248
[QTS:EMIT] pos=219 op=200
[QTS:EMIT] pos=220 u32=0x00000920 (2336)
[QTS:EMIT] pos=224 op=36
[QTS:EMIT] pos=225 u16=0x0001 (1)
[QTS:EMIT] pos=227 op=14
[QTS:EMIT] pos=228 op=41
[QTS:EMIT] pos=0 op=182
[QTS:EMIT] pos=1 u16=0x0001 (1)
[QTS:EMIT] pos=3 op=200
[QTS:EMIT] pos=4 u32=0x00000963 (2403)
[QTS:EMIT] pos=8 op=186
[QTS:EMIT] pos=9 atom=248
[QTS:EMIT] pos=13 u16=0x0001 (1)
[QTS:EMIT] pos=15 op=200
[QTS:EMIT] pos=16 u32=0x00000969 (2409)
[QTS:EMIT] pos=20 op=186
[QTS:EMIT] pos=21 atom=56
[QTS:EMIT] pos=25 u16=0x0001 (1)
[QTS:EMIT] pos=27 op=4
[QTS:EMIT] pos=28 u32=0x00000100 (256)
[QTS:EMIT] pos=32 op=200
[QTS:EMIT] pos=33 u32=0x0000096e (2414)
[QTS:EMIT] pos=37 op=159
[QTS:EMIT] pos=38 op=200
[QTS:EMIT] pos=39 u32=0x00000977 (2423)
[QTS:EMIT] pos=43 op=186
[QTS:EMIT] pos=44 atom=255
[QTS:EMIT] pos=48 u16=0x0001 (1)
[QTS:EMIT] pos=50 op=200
[QTS:EMIT] pos=51 u32=0x00000975 (2421)
[QTS:EMIT] pos=55 op=159
[QTS:EMIT] pos=56 op=200
[QTS:EMIT] pos=57 u32=0x00000968 (2408)
[QTS:EMIT] pos=61 op=34
[QTS:EMIT] pos=62 u16=0x0001 (1)
[QTS:EMIT] pos=64 op=14
[QTS:EMIT] pos=65 op=41
[QTS:EMIT] pos=0 op=182
[QTS:EMIT] pos=1 u16=0x0001 (1)
[QTS:EMIT] pos=3 op=93
[QTS:EMIT] pos=4 u16=0x0000 (0)
[QTS:EMIT] pos=6 op=17
[QTS:EMIT] pos=7 op=244
[QTS:EMIT] pos=8 op=108
[QTS:EMIT] pos=9 u32=0x00000000 (0)
[QTS:EMIT] pos=13 op=14
[QTS:EMIT] pos=0 op=182
[QTS:EMIT] pos=1 u16=0x0001 (1)
[QTS:EMIT] pos=3 op=41
[QTS:EMIT] pos=14 op=3
[QTS:EMIT] pos=15 u32=0x00000000 (0)
[QTS:EMIT] pos=19 op=79
[QTS:EMIT] pos=20 u32=0x00000000 (0)
[QTS:EMIT] pos=24 op=17
[QTS:EMIT] pos=25 op=94
[QTS:EMIT] pos=26 u16=0x0000 (0)
[QTS:EMIT] pos=28 op=184
[QTS:EMIT] pos=29 u32=0x00000000 (0)
[QTS:EMIT] pos=33 op=191
[QTS:EMIT] pos=34 atom=253
[QTS:EMIT] pos=38 u16=0x0001 (1)
[QTS:EMIT] pos=40 op=183
[QTS:EMIT] pos=41 u16=0x0001 (1)
[QTS:EMIT] pos=43 op=182
[QTS:EMIT] pos=44 u16=0x0002 (2)
[QTS:EMIT] pos=46 op=200
[QTS:EMIT] pos=47 u32=0x000009a9 (2473)
[QTS:EMIT] pos=51 op=186
[QTS:EMIT] pos=52 atom=230
[QTS:EMIT] pos=56 u16=0x0002 (2)
[QTS:EMIT] pos=58 op=200
[QTS:EMIT] pos=59 u32=0x000009b7 (2487)
[QTS:EMIT] pos=63 op=200
[QTS:EMIT] pos=64 u32=0x000009c1 (2497)
[QTS:EMIT] pos=68 op=186
[QTS:EMIT] pos=69 atom=253
[QTS:EMIT] pos=73 u16=0x0002 (2)
[QTS:EMIT] pos=75 op=68
[QTS:EMIT] pos=76 u32=0x000000fd (253)
[QTS:EMIT] pos=80 op=200
[QTS:EMIT] pos=81 u32=0x000009cd (2509)
[QTS:EMIT] pos=85 op=186
[QTS:EMIT] pos=86 atom=230
[QTS:EMIT] pos=90 u16=0x0002 (2)
[QTS:EMIT] pos=92 op=200
[QTS:EMIT] pos=93 u32=0x000009db (2523)
[QTS:EMIT] pos=97 op=66
[QTS:EMIT] pos=98 atom=258
[QTS:EMIT] pos=102 op=200
[QTS:EMIT] pos=103 u32=0x000009e2 (2530)
[QTS:EMIT] pos=107 op=200
[QTS:EMIT] pos=108 u32=0x000009ee (2542)
[QTS:EMIT] pos=112 op=186
[QTS:EMIT] pos=113 atom=71
[QTS:EMIT] pos=117 u16=0x0002 (2)
[QTS:EMIT] pos=119 op=68
[QTS:EMIT] pos=120 u32=0x00000103 (259)
[QTS:EMIT] pos=124 op=200
[QTS:EMIT] pos=125 u32=0x000009fd (2557)
[QTS:EMIT] pos=129 op=186
[QTS:EMIT] pos=130 atom=230
[QTS:EMIT] pos=134 u16=0x0002 (2)
[QTS:EMIT] pos=136 op=200
[QTS:EMIT] pos=137 u32=0x00000a0b (2571)
[QTS:EMIT] pos=141 op=66
[QTS:EMIT] pos=142 atom=258
[QTS:EMIT] pos=146 op=200
[QTS:EMIT] pos=147 u32=0x00000a12 (2578)
[QTS:EMIT] pos=151 op=200
[QTS:EMIT] pos=152 u32=0x00000a25 (2597)
[QTS:EMIT] pos=156 op=186
[QTS:EMIT] pos=157 atom=71
[QTS:EMIT] pos=161 u16=0x0002 (2)
[QTS:EMIT] pos=163 op=68
[QTS:EMIT] pos=164 u32=0x00000104 (260)
[QTS:EMIT] pos=168 op=200
[QTS:EMIT] pos=169 u32=0x00000a34 (2612)
[QTS:EMIT] pos=173 op=186
[QTS:EMIT] pos=174 atom=230
[QTS:EMIT] pos=178 u16=0x0002 (2)
[QTS:EMIT] pos=180 op=200
[QTS:EMIT] pos=181 u32=0x00000a42 (2626)
[QTS:EMIT] pos=185 op=67
[QTS:EMIT] pos=186 atom=261
[QTS:EMIT] pos=190 op=11
[QTS:EMIT] pos=191 op=200
[QTS:EMIT] pos=192 u32=0x00000a65 (2661)
[QTS:EMIT] pos=196 op=186
[QTS:EMIT] pos=197 atom=254
[QTS:EMIT] pos=201 u16=0x0002 (2)
[QTS:EMIT] pos=203 op=78
[QTS:EMIT] pos=204 atom=262
[QTS:EMIT] pos=0 op=182
[QTS:EMIT] pos=1 u16=0x0001 (1)
[QTS:EMIT] pos=3 op=200
[QTS:EMIT] pos=4 u32=0x00000aa6 (2726)
[QTS:EMIT] pos=8 op=186
[QTS:EMIT] pos=9 atom=254
[QTS:EMIT] pos=13 u16=0x0001 (1)
[QTS:EMIT] pos=15 op=200
[QTS:EMIT] pos=16 u32=0x00000ab2 (2738)
[QTS:EMIT] pos=20 op=186
[QTS:EMIT] pos=21 atom=56
[QTS:EMIT] pos=25 u16=0x0001 (1)
[QTS:EMIT] pos=27 op=200
[QTS:EMIT] pos=28 u32=0x00000ab8 (2744)
[QTS:EMIT] pos=32 op=186
[QTS:EMIT] pos=33 atom=263
[QTS:EMIT] pos=37 u16=0x0001 (1)
[QTS:EMIT] pos=39 op=200
[QTS:EMIT] pos=40 u32=0x00000ab1 (2737)
[QTS:EMIT] pos=44 op=34
[QTS:EMIT] pos=45 u16=0x0002 (2)
[QTS:EMIT] pos=47 op=14
[QTS:EMIT] pos=48 op=200
[QTS:EMIT] pos=49 u32=0x00000acc (2764)
[QTS:EMIT] pos=53 op=9
[QTS:EMIT] pos=54 op=17
[QTS:EMIT] pos=55 op=187
[QTS:EMIT] pos=56 u32=0x000000f7 (247)
[QTS:EMIT] pos=60 u16=0x0001 (1)
[QTS:EMIT] pos=62 op=14
[QTS:EMIT] pos=63 op=41
[QTS:EMIT] pos=208 op=3
[QTS:EMIT] pos=209 u32=0x00000001 (1)
[QTS:EMIT] pos=213 op=79
[QTS:EMIT] pos=214 u32=0x00000108 (264)
[QTS:EMIT] pos=218 op=78
[QTS:EMIT] pos=219 atom=264
[QTS:EMIT] pos=0 op=182
[QTS:EMIT] pos=1 u16=0x0001 (1)
[QTS:EMIT] pos=3 op=200
[QTS:EMIT] pos=4 u32=0x00000b34 (2868)
[QTS:EMIT] pos=8 op=186
[QTS:EMIT] pos=9 atom=248
[QTS:EMIT] pos=13 u16=0x0001 (1)
[QTS:EMIT] pos=15 op=4
[QTS:EMIT] pos=16 u32=0x0000010a (266)
[QTS:EMIT] pos=20 op=200
[QTS:EMIT] pos=21 u32=0x00000b39 (2873)
[QTS:EMIT] pos=25 op=34
[QTS:EMIT] pos=26 u16=0x0001 (1)
[QTS:EMIT] pos=28 op=14
[QTS:EMIT] pos=29 op=200
[QTS:EMIT] pos=30 u32=0x00000b4f (2895)
[QTS:EMIT] pos=34 op=186
[QTS:EMIT] pos=35 atom=248
[QTS:EMIT] pos=39 u16=0x0001 (1)
[QTS:EMIT] pos=41 op=4
[QTS:EMIT] pos=42 u32=0x0000010b (267)
[QTS:EMIT] pos=46 op=200
[QTS:EMIT] pos=47 u32=0x00000b69 (2921)
[QTS:EMIT] pos=51 op=186
[QTS:EMIT] pos=52 atom=230
[QTS:EMIT] pos=56 u16=0x0001 (1)
[QTS:EMIT] pos=58 op=200
[QTS:EMIT] pos=59 u32=0x00000b77 (2935)
[QTS:EMIT] pos=63 op=66
[QTS:EMIT] pos=64 atom=268
[QTS:EMIT] pos=68 op=200
[QTS:EMIT] pos=69 u32=0x00000b67 (2919)
[QTS:EMIT] pos=73 op=159
[QTS:EMIT] pos=74 op=4
[QTS:EMIT] pos=75 u32=0x0000010d (269)
[QTS:EMIT] pos=79 op=200
[QTS:EMIT] pos=80 u32=0x00000b80 (2944)
[QTS:EMIT] pos=84 op=159
[QTS:EMIT] pos=85 op=200
[QTS:EMIT] pos=86 u32=0x00000b8a (2954)
[QTS:EMIT] pos=90 op=186
[QTS:EMIT] pos=91 atom=265
[QTS:EMIT] pos=95 u16=0x0001 (1)
[QTS:EMIT] pos=97 op=200
[QTS:EMIT] pos=98 u32=0x00000b88 (2952)
[QTS:EMIT] pos=102 op=159
[QTS:EMIT] pos=103 op=200
[QTS:EMIT] pos=104 u32=0x00000b54 (2900)
[QTS:EMIT] pos=108 op=34
[QTS:EMIT] pos=109 u16=0x0001 (1)
[QTS:EMIT] pos=111 op=14
[QTS:EMIT] pos=112 op=41
[QTS:EMIT] pos=223 op=3
[QTS:EMIT] pos=224 u32=0x00000002 (2)
[QTS:EMIT] pos=228 op=79
[QTS:EMIT] pos=229 u32=0x0000010e (270)
[QTS:EMIT] pos=233 op=78
[QTS:EMIT] pos=234 atom=270
[QTS:EMIT] pos=0 op=182
[QTS:EMIT] pos=1 u16=0x0001 (1)
[QTS:EMIT] pos=3 op=182
[QTS:EMIT] pos=4 u16=0x0002 (2)
[QTS:EMIT] pos=6 op=200
[QTS:EMIT] pos=7 u32=0x00000be4 (3044)
[QTS:EMIT] pos=11 op=186
[QTS:EMIT] pos=12 atom=271
[QTS:EMIT] pos=16 u16=0x0002 (2)
[QTS:EMIT] pos=18 op=108
[QTS:EMIT] pos=19 u32=0x00000000 (0)
[QTS:EMIT] pos=23 op=182
[QTS:EMIT] pos=24 u16=0x0003 (3)
[QTS:EMIT] pos=26 op=200
[QTS:EMIT] pos=27 u32=0x00000bfc (3068)
[QTS:EMIT] pos=31 op=186
[QTS:EMIT] pos=32 atom=248
[QTS:EMIT] pos=36 u16=0x0003 (3)
[QTS:EMIT] pos=38 op=4
[QTS:EMIT] pos=39 atom=266
[QTS:EMIT] pos=43 op=67
[QTS:EMIT] pos=44 atom=94
[QTS:EMIT] pos=48 op=200
[QTS:EMIT] pos=49 u32=0x00000c09 (3081)
[QTS:EMIT] pos=53 op=186
[QTS:EMIT] pos=54 atom=56
[QTS:EMIT] pos=58 u16=0x0003 (3)
[QTS:EMIT] pos=60 op=4
[QTS:EMIT] pos=61 atom=256
[QTS:EMIT] pos=65 op=200
[QTS:EMIT] pos=66 u32=0x00000c12 (3090)
[QTS:EMIT] pos=70 op=186
[QTS:EMIT] pos=71 atom=272
[QTS:EMIT] pos=75 u16=0x0003 (3)
[QTS:EMIT] pos=77 op=200
[QTS:EMIT] pos=78 u32=0x00000c1b (3099)
[QTS:EMIT] pos=82 op=186
[QTS:EMIT] pos=83 atom=271
[QTS:EMIT] pos=87 u16=0x0003 (3)
[QTS:EMIT] pos=89 op=200
[QTS:EMIT] pos=90 u32=0x00000c1a (3098)
[QTS:EMIT] pos=94 op=34
[QTS:EMIT] pos=95 u16=0x0001 (1)
[QTS:EMIT] pos=97 op=4
[QTS:EMIT] pos=98 atom=273
[QTS:EMIT] pos=102 op=36
[QTS:EMIT] pos=103 u16=0x0004 (4)
[QTS:EMIT] pos=105 op=200
[QTS:EMIT] pos=106 u32=0x00000c01 (3073)
[QTS:EMIT] pos=110 op=34
[QTS:EMIT] pos=111 u16=0x0001 (1)
[QTS:EMIT] pos=113 op=14
[QTS:EMIT] pos=114 op=183
[QTS:EMIT] pos=115 u16=0x0003 (3)
[QTS:EMIT] pos=117 op=184
[QTS:EMIT] pos=118 u32=0x00000000 (0)
[QTS:EMIT] pos=122 op=183
[QTS:EMIT] pos=123 u16=0x0002 (2)
[QTS:EMIT] pos=125 op=41
[QTS:EMIT] pos=238 op=3
[QTS:EMIT] pos=239 u32=0x00000003 (3)
[QTS:EMIT] pos=243 op=79
[QTS:EMIT] pos=244 u32=0x00000112 (274)
[QTS:EMIT] pos=248 op=78
[QTS:EMIT] pos=249 atom=274
[QTS:EMIT] pos=253 op=200
[QTS:EMIT] pos=254 u32=0x00000a4c (2636)
[QTS:EMIT] pos=258 op=36
[QTS:EMIT] pos=259 u16=0x0001 (1)
[QTS:EMIT] pos=261 op=14
[QTS:EMIT] pos=262 op=41
[QTS:EMIT] pos=11 op=200
[QTS:EMIT] pos=12 u32=0x00000c5f (3167)
[QTS:EMIT] pos=16 op=186
[QTS:EMIT] pos=17 atom=257
[QTS:EMIT] pos=21 u16=0x0001 (1)
[QTS:EMIT] pos=23 op=200
[QTS:EMIT] pos=24 u32=0x00000c62 (3170)
[QTS:EMIT] pos=28 op=34
[QTS:EMIT] pos=29 u16=0x0000 (0)
[QTS:EMIT] pos=31 op=14
[QTS:EMIT] pos=32 op=6
[QTS:EMIT] pos=33 op=47
[QTS:PC2LINE] begin: slots=18 source_pos=2145
[QTS:PC2LINE] init: line=47 col=0
[QTS:PC2LINE] end: pc2line_len=38
[QTS:PC2LINE] begin: slots=6 source_pos=2362
[QTS:PC2LINE] init: line=55 col=0
[QTS:PC2LINE] end: pc2line_len=14
[QTS:PC2LINE] begin: slots=0 source_pos=2456
[QTS:PC2LINE] init: line=58 col=22
[QTS:PC2LINE] end: pc2line_len=2
[QTS:PC2LINE] begin: slots=5 source_pos=2695
[QTS:PC2LINE] init: line=64 col=21
[QTS:PC2LINE] end: pc2line_len=12
[QTS:PC2LINE] begin: slots=10 source_pos=2813
[QTS:PC2LINE] init: line=68 col=21
[QTS:PC2LINE] end: pc2line_len=22
[QTS:PC2LINE] begin: slots=7 source_pos=3010
[QTS:PC2LINE] init: line=74 col=20
[QTS:PC2LINE] end: pc2line_len=16
[QTS:PC2LINE] begin: slots=12 source_pos=2434
[QTS:PC2LINE] init: line=58 col=0
[QTS:PC2LINE] end: pc2line_len=26
[QTS:PC2LINE] begin: slots=2 source_pos=0
[QTS:PC2LINE] init: line=0 col=0
[QTS:PC2LINE] end: pc2line_len=9
