[QTS:EMIT] pos=0 op=182 @parser.c:1799
[QTS:EMIT] pos=1 u16=0x0001 (1) @parser.c:1772
[QTS:EMIT] pos=3 op=10 @parser.c:1799
[QTS:EMIT] pos=4 op=187 @parser.c:1799
[QTS:EMIT] pos=5 atom=490 @parser.c:1807
[QTS:EMIT] pos=9 u16=0x0001 (1) @parser.c:1772
[QTS:EMIT] pos=0 op=13 @parser.c:1799
[QTS:EMIT] pos=1 u16=0x0000 (0) @parser.c:1772
[QTS:EMIT] pos=3 op=94 @parser.c:1799
[QTS:EMIT] pos=4 u16=0x0000 (0) @parser.c:1772
[QTS:EMIT] pos=6 op=182 @parser.c:1799
[QTS:EMIT] pos=7 u16=0x0001 (1) @parser.c:1772
[QTS:EMIT] pos=9 op=200 @parser.c:1786
[QTS:EMIT] pos=10 u32=0x0000087f (2175) @parser.c:1788
[QTS:EMIT] pos=14 op=186 @parser.c:1799
[QTS:EMIT] pos=15 u32=0x000001ed (493) @parser.c:1777
[QTS:EMIT] pos=19 u16=0x0001 (1) @parser.c:1772
[QTS:EMIT] pos=21 op=200 @parser.c:1786
[QTS:EMIT] pos=22 u32=0x00000886 (2182) @parser.c:1788
[QTS:EMIT] pos=26 op=66 @parser.c:1799
[QTS:EMIT] pos=27 atom=494 @parser.c:1807
[QTS:EMIT] pos=31 op=38 @parser.c:1799
[QTS:EMIT] pos=32 u16=0x0000 (0) @parser.c:1772
[QTS:EMIT] pos=34 op=1 @parser.c:1799
[QTS:EMIT] pos=35 u32=0x00000000 (0) @parser.c:1777
[QTS:EMIT] pos=39 op=200 @parser.c:1786
[QTS:EMIT] pos=40 u32=0x0000088e (2190) @parser.c:1788
[QTS:EMIT] pos=44 op=186 @parser.c:1799
[QTS:EMIT] pos=45 u32=0x000001ec (492) @parser.c:1777
[QTS:EMIT] pos=49 u16=0x0001 (1) @parser.c:1772
[QTS:EMIT] pos=51 op=84 @parser.c:1799
[QTS:EMIT] pos=52 op=14 @parser.c:1799
[QTS:EMIT] pos=53 op=200 @parser.c:1786
[QTS:EMIT] pos=54 u32=0x0000088a (2186) @parser.c:1788
[QTS:EMIT] pos=58 op=24 @parser.c:1799
[QTS:EMIT] pos=59 op=39 @parser.c:1799
[QTS:EMIT] pos=60 u16=0x0000 (0) @parser.c:1772
[QTS:EMIT] pos=62 op=14 @parser.c:1799
[QTS:EMIT] pos=63 op=182 @parser.c:1799
[QTS:EMIT] pos=64 u16=0x0002 (2) @parser.c:1772
[QTS:EMIT] pos=66 op=200 @parser.c:1786
[QTS:EMIT] pos=67 u32=0x0000089e (2206) @parser.c:1788
[QTS:EMIT] pos=71 op=186 @parser.c:1799
[QTS:EMIT] pos=72 u32=0x000001d8 (472) @parser.c:1777
[QTS:EMIT] pos=76 u16=0x0002 (2) @parser.c:1772
[QTS:EMIT] pos=78 op=200 @parser.c:1786
[QTS:EMIT] pos=79 u32=0x000008ac (2220) @parser.c:1788
[QTS:EMIT] pos=83 op=66 @parser.c:1799
[QTS:EMIT] pos=84 atom=491 @parser.c:1807
[QTS:EMIT] pos=88 op=152 @parser.c:1799
[QTS:EMIT] pos=89 op=108 @parser.c:1799
[QTS:EMIT] pos=90 u32=0x00000000 (0) @parser.c:1777
[QTS:EMIT] pos=94 op=182 @parser.c:1799
[QTS:EMIT] pos=95 u16=0x0003 (3) @parser.c:1772
[QTS:EMIT] pos=97 op=200 @parser.c:1786
[QTS:EMIT] pos=98 u32=0x000008be (2238) @parser.c:1788
[QTS:EMIT] pos=102 op=186 @parser.c:1799
[QTS:EMIT] pos=103 u32=0x000001d8 (472) @parser.c:1777
[QTS:EMIT] pos=107 u16=0x0003 (3) @parser.c:1772
[QTS:EMIT] pos=109 op=200 @parser.c:1786
[QTS:EMIT] pos=110 u32=0x000008cc (2252) @parser.c:1788
[QTS:EMIT] pos=114 op=66 @parser.c:1799
[QTS:EMIT] pos=115 atom=491 @parser.c:1807
[QTS:EMIT] pos=114 op=38 @parser.c:1799
[QTS:EMIT] pos=115 u16=0x0000 (0) @parser.c:1772
[QTS:EMIT] pos=117 op=21 @parser.c:1799
[QTS:EMIT] pos=118 op=68 @parser.c:1799
[QTS:EMIT] pos=119 u32=0x000001eb (491) @parser.c:1777
[QTS:EMIT] pos=123 op=14 @parser.c:1799
[QTS:EMIT] pos=124 op=183 @parser.c:1799
[QTS:EMIT] pos=125 u16=0x0003 (3) @parser.c:1772
[QTS:EMIT] pos=127 op=184 @parser.c:1799
[QTS:EMIT] pos=128 u32=0x00000000 (0) @parser.c:1777
[QTS:EMIT] pos=132 op=183 @parser.c:1799
[QTS:EMIT] pos=133 u16=0x0002 (2) @parser.c:1772
[QTS:EMIT] pos=135 op=200 @parser.c:1786
[QTS:EMIT] pos=136 u32=0x000008e3 (2275) @parser.c:1788
[QTS:EMIT] pos=140 op=186 @parser.c:1799
[QTS:EMIT] pos=141 u32=0x000001d8 (472) @parser.c:1777
[QTS:EMIT] pos=145 u16=0x0001 (1) @parser.c:1772
[QTS:EMIT] pos=147 op=200 @parser.c:1786
[QTS:EMIT] pos=148 u32=0x000008f1 (2289) @parser.c:1788
[QTS:EMIT] pos=152 op=66 @parser.c:1799
[QTS:EMIT] pos=153 atom=491 @parser.c:1807
[QTS:EMIT] pos=157 op=200 @parser.c:1786
[QTS:EMIT] pos=158 u32=0x000008f7 (2295) @parser.c:1788
[QTS:EMIT] pos=162 op=66 @parser.c:1799
[QTS:EMIT] pos=163 atom=277 @parser.c:1807
[QTS:EMIT] pos=167 op=38 @parser.c:1799
[QTS:EMIT] pos=168 u16=0x0000 (0) @parser.c:1772
[QTS:EMIT] pos=170 op=1 @parser.c:1799
[QTS:EMIT] pos=171 u32=0x00000000 (0) @parser.c:1777
[QTS:EMIT] pos=175 op=200 @parser.c:1786
[QTS:EMIT] pos=176 u32=0x00000900 (2304) @parser.c:1788
[QTS:EMIT] pos=180 op=186 @parser.c:1799
[QTS:EMIT] pos=181 u32=0x000001ec (492) @parser.c:1777
[QTS:EMIT] pos=185 u16=0x0001 (1) @parser.c:1772
[QTS:EMIT] pos=187 op=84 @parser.c:1799
[QTS:EMIT] pos=188 op=14 @parser.c:1799
[QTS:EMIT] pos=189 op=200 @parser.c:1786
[QTS:EMIT] pos=190 u32=0x000008fc (2300) @parser.c:1788
[QTS:EMIT] pos=194 op=24 @parser.c:1799
[QTS:EMIT] pos=195 op=39 @parser.c:1799
[QTS:EMIT] pos=196 u16=0x0000 (0) @parser.c:1772
[QTS:EMIT] pos=198 op=14 @parser.c:1799
[QTS:EMIT] pos=199 op=200 @parser.c:1786
[QTS:EMIT] pos=200 u32=0x0000090b (2315) @parser.c:1788
[QTS:EMIT] pos=204 op=186 @parser.c:1799
[QTS:EMIT] pos=205 u32=0x000001d8 (472) @parser.c:1777
[QTS:EMIT] pos=209 u16=0x0001 (1) @parser.c:1772
[QTS:EMIT] pos=211 op=200 @parser.c:1786
[QTS:EMIT] pos=212 u32=0x00000919 (2329) @parser.c:1788
[QTS:EMIT] pos=216 op=66 @parser.c:1799
[QTS:EMIT] pos=217 atom=495 @parser.c:1807
[QTS:EMIT] pos=221 op=200 @parser.c:1786
[QTS:EMIT] pos=222 u32=0x00000921 (2337) @parser.c:1788
[QTS:EMIT] pos=226 op=186 @parser.c:1799
[QTS:EMIT] pos=227 u32=0x000001d8 (472) @parser.c:1777
[QTS:EMIT] pos=231 u16=0x0001 (1) @parser.c:1772
[QTS:EMIT] pos=233 op=200 @parser.c:1786
[QTS:EMIT] pos=234 u32=0x0000092f (2351) @parser.c:1788
[QTS:EMIT] pos=238 op=66 @parser.c:1799
[QTS:EMIT] pos=239 atom=491 @parser.c:1807
[QTS:EMIT] pos=243 op=200 @parser.c:1786
[QTS:EMIT] pos=244 u32=0x00000920 (2336) @parser.c:1788
[QTS:EMIT] pos=248 op=36 @parser.c:1799
[QTS:EMIT] pos=249 u16=0x0001 (1) @parser.c:1772
[QTS:EMIT] pos=251 op=14 @parser.c:1799
[QTS:EMIT] pos=252 op=41 @parser.c:1799
[QTS:EMIT] pos=0 op=182 @parser.c:1799
[QTS:EMIT] pos=1 u16=0x0001 (1) @parser.c:1772
[QTS:EMIT] pos=3 op=200 @parser.c:1786
[QTS:EMIT] pos=4 u32=0x00000963 (2403) @parser.c:1788
[QTS:EMIT] pos=8 op=186 @parser.c:1799
[QTS:EMIT] pos=9 u32=0x000001eb (491) @parser.c:1777
[QTS:EMIT] pos=13 u16=0x0001 (1) @parser.c:1772
[QTS:EMIT] pos=15 op=200 @parser.c:1786
[QTS:EMIT] pos=16 u32=0x00000969 (2409) @parser.c:1788
[QTS:EMIT] pos=20 op=186 @parser.c:1799
[QTS:EMIT] pos=21 u32=0x00000038 (56) @parser.c:1777
[QTS:EMIT] pos=25 u16=0x0001 (1) @parser.c:1772
[QTS:EMIT] pos=27 op=4 @parser.c:1799
[QTS:EMIT] pos=28 u32=0x000001f2 (498) @parser.c:1777
[QTS:EMIT] pos=32 op=200 @parser.c:1786
[QTS:EMIT] pos=33 u32=0x0000096e (2414) @parser.c:1788
[QTS:EMIT] pos=37 op=159 @parser.c:1799
[QTS:EMIT] pos=38 op=200 @parser.c:1786
[QTS:EMIT] pos=39 u32=0x00000977 (2423) @parser.c:1788
[QTS:EMIT] pos=43 op=186 @parser.c:1799
[QTS:EMIT] pos=44 u32=0x000001f1 (497) @parser.c:1777
[QTS:EMIT] pos=48 u16=0x0001 (1) @parser.c:1772
[QTS:EMIT] pos=50 op=200 @parser.c:1786
[QTS:EMIT] pos=51 u32=0x00000975 (2421) @parser.c:1788
[QTS:EMIT] pos=55 op=159 @parser.c:1799
[QTS:EMIT] pos=56 op=200 @parser.c:1786
[QTS:EMIT] pos=57 u32=0x00000968 (2408) @parser.c:1788
[QTS:EMIT] pos=61 op=34 @parser.c:1799
[QTS:EMIT] pos=62 u16=0x0001 (1) @parser.c:1772
[QTS:EMIT] pos=64 op=14 @parser.c:1799
[QTS:EMIT] pos=65 op=41 @parser.c:1799
[QTS:EMIT] pos=0 op=182 @parser.c:1799
[QTS:EMIT] pos=1 u16=0x0001 (1) @parser.c:1772
[QTS:EMIT] pos=3 op=93 @parser.c:1799
[QTS:EMIT] pos=4 u16=0x0000 (0) @parser.c:1772
[QTS:EMIT] pos=6 op=17 @parser.c:1799
[QTS:EMIT] pos=7 op=6 @parser.c:1799
[QTS:EMIT] pos=8 op=173 @parser.c:1799
[QTS:EMIT] pos=9 op=108 @parser.c:1799
[QTS:EMIT] pos=10 u32=0x00000000 (0) @parser.c:1777
[QTS:EMIT] pos=14 op=14 @parser.c:1799
[QTS:EMIT] pos=0 op=182 @parser.c:1799
[QTS:EMIT] pos=1 u16=0x0001 (1) @parser.c:1772
[QTS:EMIT] pos=3 op=41 @parser.c:1799
[QTS:EMIT] pos=15 op=3 @parser.c:1799
[QTS:EMIT] pos=16 u32=0x00000000 (0) @parser.c:1777
[QTS:EMIT] pos=20 op=79 @parser.c:1799
[QTS:EMIT] pos=21 u32=0x00000000 (0) @parser.c:1777
[QTS:EMIT] pos=20 op=79 @parser.c:1799
[QTS:EMIT] pos=21 atom=495 @parser.c:1807
[QTS:EMIT] pos=25 op=17 @parser.c:1799
[QTS:EMIT] pos=26 op=94 @parser.c:1799
[QTS:EMIT] pos=27 u16=0x0000 (0) @parser.c:1772
[QTS:EMIT] pos=29 op=184 @parser.c:1799
[QTS:EMIT] pos=30 u32=0x00000000 (0) @parser.c:1777
[QTS:EMIT] pos=34 op=191 @parser.c:1799
[QTS:EMIT] pos=35 atom=495 @parser.c:1807
[QTS:EMIT] pos=39 u16=0x0001 (1) @parser.c:1772
[QTS:EMIT] pos=41 op=183 @parser.c:1799
[QTS:EMIT] pos=42 u16=0x0001 (1) @parser.c:1772
[QTS:EMIT] pos=44 op=182 @parser.c:1799
[QTS:EMIT] pos=45 u16=0x0002 (2) @parser.c:1772
[QTS:EMIT] pos=47 op=200 @parser.c:1786
[QTS:EMIT] pos=48 u32=0x000009a9 (2473) @parser.c:1788
[QTS:EMIT] pos=52 op=186 @parser.c:1799
[QTS:EMIT] pos=53 u32=0x000001d8 (472) @parser.c:1777
[QTS:EMIT] pos=57 u16=0x0002 (2) @parser.c:1772
[QTS:EMIT] pos=59 op=200 @parser.c:1786
[QTS:EMIT] pos=60 u32=0x000009b7 (2487) @parser.c:1788
[QTS:EMIT] pos=64 op=66 @parser.c:1799
[QTS:EMIT] pos=65 atom=495 @parser.c:1807
[QTS:EMIT] pos=64 op=200 @parser.c:1786
[QTS:EMIT] pos=65 u32=0x000009c1 (2497) @parser.c:1788
[QTS:EMIT] pos=69 op=186 @parser.c:1799
[QTS:EMIT] pos=70 u32=0x000001ef (495) @parser.c:1777
[QTS:EMIT] pos=74 u16=0x0002 (2) @parser.c:1772
[QTS:EMIT] pos=76 op=21 @parser.c:1799
[QTS:EMIT] pos=77 op=68 @parser.c:1799
[QTS:EMIT] pos=78 u32=0x000001ef (495) @parser.c:1777
[QTS:EMIT] pos=82 op=14 @parser.c:1799
[QTS:EMIT] pos=83 op=200 @parser.c:1786
[QTS:EMIT] pos=84 u32=0x000009cd (2509) @parser.c:1788
[QTS:EMIT] pos=88 op=186 @parser.c:1799
[QTS:EMIT] pos=89 u32=0x000001d8 (472) @parser.c:1777
[QTS:EMIT] pos=93 u16=0x0002 (2) @parser.c:1772
[QTS:EMIT] pos=95 op=200 @parser.c:1786
[QTS:EMIT] pos=96 u32=0x000009db (2523) @parser.c:1788
[QTS:EMIT] pos=100 op=66 @parser.c:1799
[QTS:EMIT] pos=101 atom=500 @parser.c:1807
[QTS:EMIT] pos=105 op=200 @parser.c:1786
[QTS:EMIT] pos=106 u32=0x000009e2 (2530) @parser.c:1788
[QTS:EMIT] pos=110 op=66 @parser.c:1799
[QTS:EMIT] pos=111 atom=501 @parser.c:1807
[QTS:EMIT] pos=110 op=200 @parser.c:1786
[QTS:EMIT] pos=111 u32=0x000009ee (2542) @parser.c:1788
[QTS:EMIT] pos=115 op=186 @parser.c:1799
[QTS:EMIT] pos=116 u32=0x00000047 (71) @parser.c:1777
[QTS:EMIT] pos=120 u16=0x0002 (2) @parser.c:1772
[QTS:EMIT] pos=122 op=21 @parser.c:1799
[QTS:EMIT] pos=123 op=68 @parser.c:1799
[QTS:EMIT] pos=124 u32=0x000001f5 (501) @parser.c:1777
[QTS:EMIT] pos=128 op=14 @parser.c:1799
[QTS:EMIT] pos=129 op=200 @parser.c:1786
[QTS:EMIT] pos=130 u32=0x000009fd (2557) @parser.c:1788
[QTS:EMIT] pos=134 op=186 @parser.c:1799
[QTS:EMIT] pos=135 u32=0x000001d8 (472) @parser.c:1777
[QTS:EMIT] pos=139 u16=0x0002 (2) @parser.c:1772
[QTS:EMIT] pos=141 op=200 @parser.c:1786
[QTS:EMIT] pos=142 u32=0x00000a0b (2571) @parser.c:1788
[QTS:EMIT] pos=146 op=66 @parser.c:1799
[QTS:EMIT] pos=147 atom=500 @parser.c:1807
[QTS:EMIT] pos=151 op=200 @parser.c:1786
[QTS:EMIT] pos=152 u32=0x00000a12 (2578) @parser.c:1788
[QTS:EMIT] pos=156 op=66 @parser.c:1799
[QTS:EMIT] pos=157 atom=502 @parser.c:1807
[QTS:EMIT] pos=156 op=200 @parser.c:1786
[QTS:EMIT] pos=157 u32=0x00000a25 (2597) @parser.c:1788
[QTS:EMIT] pos=161 op=186 @parser.c:1799
[QTS:EMIT] pos=162 u32=0x00000047 (71) @parser.c:1777
[QTS:EMIT] pos=166 u16=0x0002 (2) @parser.c:1772
[QTS:EMIT] pos=168 op=21 @parser.c:1799
[QTS:EMIT] pos=169 op=68 @parser.c:1799
[QTS:EMIT] pos=170 u32=0x000001f6 (502) @parser.c:1777
[QTS:EMIT] pos=174 op=14 @parser.c:1799
[QTS:EMIT] pos=175 op=200 @parser.c:1786
[QTS:EMIT] pos=176 u32=0x00000a34 (2612) @parser.c:1788
[QTS:EMIT] pos=180 op=186 @parser.c:1799
[QTS:EMIT] pos=181 u32=0x000001d8 (472) @parser.c:1777
[QTS:EMIT] pos=185 u16=0x0002 (2) @parser.c:1772
[QTS:EMIT] pos=187 op=200 @parser.c:1786
[QTS:EMIT] pos=188 u32=0x00000a42 (2626) @parser.c:1788
[QTS:EMIT] pos=192 op=66 @parser.c:1799
[QTS:EMIT] pos=193 atom=503 @parser.c:1807
[QTS:EMIT] pos=197 op=11 @parser.c:1799
[QTS:EMIT] pos=198 op=200 @parser.c:1786
[QTS:EMIT] pos=199 u32=0x00000a65 (2661) @parser.c:1788
[QTS:EMIT] pos=203 op=186 @parser.c:1799
[QTS:EMIT] pos=204 u32=0x000001f0 (496) @parser.c:1777
[QTS:EMIT] pos=208 u16=0x0002 (2) @parser.c:1772
[QTS:EMIT] pos=210 op=78 @parser.c:1799
[QTS:EMIT] pos=211 atom=504 @parser.c:1807
[QTS:EMIT] pos=0 op=182 @parser.c:1799
[QTS:EMIT] pos=1 u16=0x0001 (1) @parser.c:1772
[QTS:EMIT] pos=3 op=200 @parser.c:1786
[QTS:EMIT] pos=4 u32=0x00000aa6 (2726) @parser.c:1788
[QTS:EMIT] pos=8 op=186 @parser.c:1799
[QTS:EMIT] pos=9 u32=0x000001f0 (496) @parser.c:1777
[QTS:EMIT] pos=13 u16=0x0001 (1) @parser.c:1772
[QTS:EMIT] pos=15 op=200 @parser.c:1786
[QTS:EMIT] pos=16 u32=0x00000ab2 (2738) @parser.c:1788
[QTS:EMIT] pos=20 op=186 @parser.c:1799
[QTS:EMIT] pos=21 u32=0x00000038 (56) @parser.c:1777
[QTS:EMIT] pos=25 u16=0x0001 (1) @parser.c:1772
[QTS:EMIT] pos=27 op=200 @parser.c:1786
[QTS:EMIT] pos=28 u32=0x00000ab8 (2744) @parser.c:1788
[QTS:EMIT] pos=32 op=186 @parser.c:1799
[QTS:EMIT] pos=33 u32=0x000001fa (506) @parser.c:1777
[QTS:EMIT] pos=37 u16=0x0001 (1) @parser.c:1772
[QTS:EMIT] pos=39 op=200 @parser.c:1786
[QTS:EMIT] pos=40 u32=0x00000ab1 (2737) @parser.c:1788
[QTS:EMIT] pos=44 op=34 @parser.c:1799
[QTS:EMIT] pos=45 u16=0x0002 (2) @parser.c:1772
[QTS:EMIT] pos=47 op=14 @parser.c:1799
[QTS:EMIT] pos=48 op=200 @parser.c:1786
[QTS:EMIT] pos=49 u32=0x00000acc (2764) @parser.c:1788
[QTS:EMIT] pos=53 op=186 @parser.c:1799
[QTS:EMIT] pos=54 u32=0x000001ea (490) @parser.c:1777
[QTS:EMIT] pos=58 u16=0x0001 (1) @parser.c:1772
[QTS:EMIT] pos=53 op=189 @parser.c:1799
[QTS:EMIT] pos=54 atom=490 @parser.c:1807
[QTS:EMIT] pos=58 u32=0x00000000 (0) @parser.c:1777
[QTS:EMIT] pos=62 u16=0x0001 (1) @parser.c:1772
[QTS:EMIT] pos=64 op=9 @parser.c:1799
[QTS:EMIT] pos=65 op=184 @parser.c:1799
[QTS:EMIT] pos=66 u32=0x00000000 (0) @parser.c:1777
[QTS:EMIT] pos=70 op=22 @parser.c:1799
[QTS:EMIT] pos=71 op=62 @parser.c:1799
[QTS:EMIT] pos=72 op=14 @parser.c:1799
[QTS:EMIT] pos=73 op=41 @parser.c:1799
[QTS:EMIT] pos=215 op=3 @parser.c:1799
[QTS:EMIT] pos=216 u32=0x00000001 (1) @parser.c:1777
[QTS:EMIT] pos=220 op=79 @parser.c:1799
[QTS:EMIT] pos=221 u32=0x00000000 (0) @parser.c:1777
[QTS:EMIT] pos=220 op=79 @parser.c:1799
[QTS:EMIT] pos=221 atom=505 @parser.c:1807
[QTS:EMIT] pos=225 op=78 @parser.c:1799
[QTS:EMIT] pos=226 atom=505 @parser.c:1807
[QTS:EMIT] pos=0 op=182 @parser.c:1799
[QTS:EMIT] pos=1 u16=0x0001 (1) @parser.c:1772
[QTS:EMIT] pos=3 op=200 @parser.c:1786
[QTS:EMIT] pos=4 u32=0x00000b34 (2868) @parser.c:1788
[QTS:EMIT] pos=8 op=186 @parser.c:1799
[QTS:EMIT] pos=9 u32=0x000001eb (491) @parser.c:1777
[QTS:EMIT] pos=13 u16=0x0001 (1) @parser.c:1772
[QTS:EMIT] pos=15 op=4 @parser.c:1799
[QTS:EMIT] pos=16 u32=0x000001fd (509) @parser.c:1777
[QTS:EMIT] pos=20 op=200 @parser.c:1786
[QTS:EMIT] pos=21 u32=0x00000b39 (2873) @parser.c:1788
[QTS:EMIT] pos=25 op=34 @parser.c:1799
[QTS:EMIT] pos=26 u16=0x0001 (1) @parser.c:1772
[QTS:EMIT] pos=28 op=14 @parser.c:1799
[QTS:EMIT] pos=29 op=200 @parser.c:1786
[QTS:EMIT] pos=30 u32=0x00000b4f (2895) @parser.c:1788
[QTS:EMIT] pos=34 op=186 @parser.c:1799
[QTS:EMIT] pos=35 u32=0x000001eb (491) @parser.c:1777
[QTS:EMIT] pos=39 u16=0x0001 (1) @parser.c:1772
[QTS:EMIT] pos=41 op=4 @parser.c:1799
[QTS:EMIT] pos=42 u32=0x000001fe (510) @parser.c:1777
[QTS:EMIT] pos=46 op=200 @parser.c:1786
[QTS:EMIT] pos=47 u32=0x00000b69 (2921) @parser.c:1788
[QTS:EMIT] pos=51 op=186 @parser.c:1799
[QTS:EMIT] pos=52 u32=0x000001d8 (472) @parser.c:1777
[QTS:EMIT] pos=56 u16=0x0001 (1) @parser.c:1772
[QTS:EMIT] pos=58 op=200 @parser.c:1786
[QTS:EMIT] pos=59 u32=0x00000b77 (2935) @parser.c:1788
[QTS:EMIT] pos=63 op=66 @parser.c:1799
[QTS:EMIT] pos=64 atom=511 @parser.c:1807
[QTS:EMIT] pos=68 op=200 @parser.c:1786
[QTS:EMIT] pos=69 u32=0x00000b67 (2919) @parser.c:1788
[QTS:EMIT] pos=73 op=159 @parser.c:1799
[QTS:EMIT] pos=74 op=4 @parser.c:1799
[QTS:EMIT] pos=75 u32=0x00000200 (512) @parser.c:1777
[QTS:EMIT] pos=79 op=200 @parser.c:1786
[QTS:EMIT] pos=80 u32=0x00000b80 (2944) @parser.c:1788
[QTS:EMIT] pos=84 op=159 @parser.c:1799
[QTS:EMIT] pos=85 op=200 @parser.c:1786
[QTS:EMIT] pos=86 u32=0x00000b8a (2954) @parser.c:1788
[QTS:EMIT] pos=90 op=186 @parser.c:1799
[QTS:EMIT] pos=91 u32=0x000001fc (508) @parser.c:1777
[QTS:EMIT] pos=95 u16=0x0001 (1) @parser.c:1772
[QTS:EMIT] pos=97 op=200 @parser.c:1786
[QTS:EMIT] pos=98 u32=0x00000b88 (2952) @parser.c:1788
[QTS:EMIT] pos=102 op=159 @parser.c:1799
[QTS:EMIT] pos=103 op=200 @parser.c:1786
[QTS:EMIT] pos=104 u32=0x00000b54 (2900) @parser.c:1788
[QTS:EMIT] pos=108 op=34 @parser.c:1799
[QTS:EMIT] pos=109 u16=0x0001 (1) @parser.c:1772
[QTS:EMIT] pos=111 op=14 @parser.c:1799
[QTS:EMIT] pos=112 op=41 @parser.c:1799
[QTS:EMIT] pos=230 op=3 @parser.c:1799
[QTS:EMIT] pos=231 u32=0x00000002 (2) @parser.c:1777
[QTS:EMIT] pos=235 op=79 @parser.c:1799
[QTS:EMIT] pos=236 u32=0x00000000 (0) @parser.c:1777
[QTS:EMIT] pos=235 op=79 @parser.c:1799
[QTS:EMIT] pos=236 atom=507 @parser.c:1807
[QTS:EMIT] pos=240 op=78 @parser.c:1799
[QTS:EMIT] pos=241 atom=507 @parser.c:1807
[QTS:EMIT] pos=0 op=182 @parser.c:1799
[QTS:EMIT] pos=1 u16=0x0001 (1) @parser.c:1772
[QTS:EMIT] pos=3 op=182 @parser.c:1799
[QTS:EMIT] pos=4 u16=0x0002 (2) @parser.c:1772
[QTS:EMIT] pos=6 op=200 @parser.c:1786
[QTS:EMIT] pos=7 u32=0x00000be4 (3044) @parser.c:1788
[QTS:EMIT] pos=11 op=186 @parser.c:1799
[QTS:EMIT] pos=12 u32=0x00000202 (514) @parser.c:1777
[QTS:EMIT] pos=16 u16=0x0002 (2) @parser.c:1772
[QTS:EMIT] pos=18 op=108 @parser.c:1799
[QTS:EMIT] pos=19 u32=0x00000000 (0) @parser.c:1777
[QTS:EMIT] pos=23 op=182 @parser.c:1799
[QTS:EMIT] pos=24 u16=0x0003 (3) @parser.c:1772
[QTS:EMIT] pos=26 op=200 @parser.c:1786
[QTS:EMIT] pos=27 u32=0x00000bfc (3068) @parser.c:1788
[QTS:EMIT] pos=31 op=186 @parser.c:1799
[QTS:EMIT] pos=32 u32=0x000001eb (491) @parser.c:1777
[QTS:EMIT] pos=36 u16=0x0003 (3) @parser.c:1772
[QTS:EMIT] pos=38 op=4 @parser.c:1799
[QTS:EMIT] pos=39 u32=0x000001fd (509) @parser.c:1777
[QTS:EMIT] pos=43 op=67 @parser.c:1799
[QTS:EMIT] pos=44 atom=94 @parser.c:1807
[QTS:EMIT] pos=48 op=200 @parser.c:1786
[QTS:EMIT] pos=49 u32=0x00000c09 (3081) @parser.c:1788
[QTS:EMIT] pos=53 op=186 @parser.c:1799
[QTS:EMIT] pos=54 u32=0x00000038 (56) @parser.c:1777
[QTS:EMIT] pos=58 u16=0x0003 (3) @parser.c:1772
[QTS:EMIT] pos=60 op=4 @parser.c:1799
[QTS:EMIT] pos=61 u32=0x000001f2 (498) @parser.c:1777
[QTS:EMIT] pos=65 op=200 @parser.c:1786
[QTS:EMIT] pos=66 u32=0x00000c12 (3090) @parser.c:1788
[QTS:EMIT] pos=70 op=186 @parser.c:1799
[QTS:EMIT] pos=71 u32=0x00000124 (292) @parser.c:1777
[QTS:EMIT] pos=75 u16=0x0003 (3) @parser.c:1772
[QTS:EMIT] pos=77 op=200 @parser.c:1786
[QTS:EMIT] pos=78 u32=0x00000c1b (3099) @parser.c:1788
[QTS:EMIT] pos=82 op=186 @parser.c:1799
[QTS:EMIT] pos=83 u32=0x00000202 (514) @parser.c:1777
[QTS:EMIT] pos=87 u16=0x0003 (3) @parser.c:1772
[QTS:EMIT] pos=89 op=200 @parser.c:1786
[QTS:EMIT] pos=90 u32=0x00000c1a (3098) @parser.c:1788
[QTS:EMIT] pos=94 op=34 @parser.c:1799
[QTS:EMIT] pos=95 u16=0x0001 (1) @parser.c:1772
[QTS:EMIT] pos=97 op=4 @parser.c:1799
[QTS:EMIT] pos=98 u32=0x00000203 (515) @parser.c:1777
[QTS:EMIT] pos=102 op=36 @parser.c:1799
[QTS:EMIT] pos=103 u16=0x0004 (4) @parser.c:1772
[QTS:EMIT] pos=105 op=200 @parser.c:1786
[QTS:EMIT] pos=106 u32=0x00000c01 (3073) @parser.c:1788
[QTS:EMIT] pos=110 op=34 @parser.c:1799
[QTS:EMIT] pos=111 u16=0x0001 (1) @parser.c:1772
[QTS:EMIT] pos=113 op=14 @parser.c:1799
[QTS:EMIT] pos=114 op=183 @parser.c:1799
[QTS:EMIT] pos=115 u16=0x0003 (3) @parser.c:1772
[QTS:EMIT] pos=117 op=184 @parser.c:1799
[QTS:EMIT] pos=118 u32=0x00000000 (0) @parser.c:1777
[QTS:EMIT] pos=122 op=183 @parser.c:1799
[QTS:EMIT] pos=123 u16=0x0002 (2) @parser.c:1772
[QTS:EMIT] pos=125 op=41 @parser.c:1799
[QTS:EMIT] pos=245 op=3 @parser.c:1799
[QTS:EMIT] pos=246 u32=0x00000003 (3) @parser.c:1777
[QTS:EMIT] pos=250 op=79 @parser.c:1799
[QTS:EMIT] pos=251 u32=0x00000000 (0) @parser.c:1777
[QTS:EMIT] pos=250 op=79 @parser.c:1799
[QTS:EMIT] pos=251 atom=513 @parser.c:1807
[QTS:EMIT] pos=255 op=78 @parser.c:1799
[QTS:EMIT] pos=256 atom=513 @parser.c:1807
[QTS:EMIT] pos=260 op=200 @parser.c:1786
[QTS:EMIT] pos=261 u32=0x00000a4c (2636) @parser.c:1788
[QTS:EMIT] pos=265 op=36 @parser.c:1799
[QTS:EMIT] pos=266 u16=0x0001 (1) @parser.c:1772
[QTS:EMIT] pos=268 op=14 @parser.c:1799
[QTS:EMIT] pos=269 op=41 @parser.c:1799
[QTS:EMIT] pos=11 op=200 @parser.c:1786
[QTS:EMIT] pos=12 u32=0x00000c5f (3167) @parser.c:1788
[QTS:EMIT] pos=16 op=186 @parser.c:1799
[QTS:EMIT] pos=17 u32=0x000001f3 (499) @parser.c:1777
[QTS:EMIT] pos=21 u16=0x0001 (1) @parser.c:1772
[QTS:EMIT] pos=23 op=200 @parser.c:1786
[QTS:EMIT] pos=24 u32=0x00000c62 (3170) @parser.c:1788
[QTS:EMIT] pos=28 op=34 @parser.c:1799
[QTS:EMIT] pos=29 u16=0x0000 (0) @parser.c:1772
[QTS:EMIT] pos=31 op=14 @parser.c:1799
[QTS:EMIT] pos=32 op=6 @parser.c:1799
[QTS:EMIT] pos=33 op=47 @parser.c:1799
[QTS:PC2LINE] begin: slots=18 source_pos=2145 @parser.c:10908
[QTS:PC2LINE] init: line=47 col=0 @parser.c:10915
[QTS:PC2LINE] end: pc2line_len=38 @parser.c:10960
[QTS:PC2LINE] begin: slots=6 source_pos=2362 @parser.c:10908
[QTS:PC2LINE] init: line=55 col=0 @parser.c:10915
[QTS:PC2LINE] end: pc2line_len=14 @parser.c:10960
[QTS:PC2LINE] begin: slots=0 source_pos=2456 @parser.c:10908
[QTS:PC2LINE] init: line=58 col=22 @parser.c:10915
[QTS:PC2LINE] end: pc2line_len=2 @parser.c:10960
[QTS:PC2LINE] begin: slots=5 source_pos=2695 @parser.c:10908
[QTS:PC2LINE] init: line=64 col=21 @parser.c:10915
[QTS:PC2LINE] end: pc2line_len=12 @parser.c:10960
[QTS:PC2LINE] begin: slots=10 source_pos=2813 @parser.c:10908
[QTS:PC2LINE] init: line=68 col=21 @parser.c:10915
[QTS:PC2LINE] end: pc2line_len=22 @parser.c:10960
[QTS:PC2LINE] begin: slots=7 source_pos=3010 @parser.c:10908
[QTS:PC2LINE] init: line=74 col=20 @parser.c:10915
[QTS:PC2LINE] end: pc2line_len=16 @parser.c:10960
[QTS:PC2LINE] begin: slots=12 source_pos=2434 @parser.c:10908
[QTS:PC2LINE] init: line=58 col=0 @parser.c:10915
[QTS:PC2LINE] end: pc2line_len=26 @parser.c:10960
[QTS:PC2LINE] begin: slots=2 source_pos=0 @parser.c:10908
[QTS:PC2LINE] init: line=0 col=0 @parser.c:10915
[QTS:PC2LINE] end: pc2line_len=9 @parser.c:10960
