[QTS:SCOPE] push: level=1 first_var=-1
[QTS:SCOPE] enter: idx=1 is_body=0
[QTS:EMIT] pos=0 op=182
[QTS:EMIT] pos=1 u16=0x0001 (1)
[QTS:SCOPE] push: level=1 first_var=-1
[QTS:SCOPE] enter: idx=1 is_body=0
[QTS:EMIT] pos=0 op=182
[QTS:EMIT] pos=1 u16=0x0001 (1)
[QTS:EMIT] pos=3 op=1
[QTS:EMIT] pos=4 u32=0x0000002a (42)
[QTS:EMIT] pos=8 op=200
[QTS:EMIT] pos=9 u32=0x00000020 (32)
[QTS:EMIT] pos=13 op=47
[QTS:SCOPE] push: level=1 first_var=-1
[QTS:SCOPE] enter: idx=1 is_body=0
[QTS:EMIT] pos=0 op=182
[QTS:EMIT] pos=1 u16=0x0001 (1)
[QTS:EMIT] pos=3 op=200
[QTS:EMIT] pos=4 u32=0x0000005a (90)
[QTS:EMIT] pos=8 op=186
[QTS:EMIT] pos=9 u32=0x000001d8 (472)
[QTS:EMIT] pos=13 u16=0x0001 (1)
[QTS:EMIT] pos=15 op=200
[QTS:EMIT] pos=16 u32=0x00000064 (100)
[QTS:EMIT] pos=20 op=34
[QTS:EMIT] pos=21 u16=0x0000 (0)
[QTS:EMIT] pos=23 op=141
[QTS:EMIT] pos=24 op=191
[QTS:EMIT] pos=25 atom=66
[QTS:EMIT] pos=29 u16=0x0001 (1)
[QTS:EMIT] pos=31 op=200
[QTS:EMIT] pos=32 u32=0x00000069 (105)
[QTS:EMIT] pos=36 op=186
[QTS:EMIT] pos=37 u32=0x000001da (474)
[QTS:EMIT] pos=41 u16=0x0001 (1)
[QTS:EMIT] pos=43 op=200
[QTS:EMIT] pos=44 u32=0x00000070 (112)
[QTS:EMIT] pos=48 op=66
[QTS:EMIT] pos=49 atom=475
[QTS:EMIT] pos=53 op=4
[QTS:EMIT] pos=54 u32=0x00000042 (66)
[QTS:EMIT] pos=58 op=200
[QTS:EMIT] pos=59 u32=0x0000007e (126)
[QTS:EMIT] pos=63 op=186
[QTS:EMIT] pos=64 u32=0x00000042 (66)
[QTS:EMIT] pos=68 u16=0x0001 (1)
[QTS:EMIT] pos=70 op=200
[QTS:EMIT] pos=71 u32=0x00000074 (116)
[QTS:EMIT] pos=75 op=36
[QTS:EMIT] pos=76 u16=0x0002 (2)
[QTS:EMIT] pos=78 op=14
[QTS:EMIT] pos=79 op=200
[QTS:EMIT] pos=80 u32=0x0000008e (142)
[QTS:EMIT] pos=84 op=186
[QTS:EMIT] pos=85 u32=0x00000042 (66)
[QTS:EMIT] pos=89 u16=0x0001 (1)
[QTS:EMIT] pos=91 op=1
[QTS:EMIT] pos=92 u32=0x00000001 (1)
[QTS:EMIT] pos=96 op=200
[QTS:EMIT] pos=97 u32=0x00000094 (148)
[QTS:EMIT] pos=101 op=159
[QTS:EMIT] pos=102 op=200
[QTS:EMIT] pos=103 u32=0x00000087 (135)
[QTS:EMIT] pos=107 op=47
[QTS:EMIT] pos=3 op=200
[QTS:EMIT] pos=4 u32=0x0000009b (155)
[QTS:EMIT] pos=8 op=186
[QTS:EMIT] pos=9 u32=0x000001d9 (473)
[QTS:EMIT] pos=13 u16=0x0001 (1)
[QTS:EMIT] pos=15 op=200
[QTS:EMIT] pos=16 u32=0x0000009e (158)
[QTS:EMIT] pos=20 op=34
[QTS:EMIT] pos=21 u16=0x0000 (0)
[QTS:EMIT] pos=23 op=200
[QTS:EMIT] pos=24 u32=0x000000a0 (160)
[QTS:EMIT] pos=28 op=66
[QTS:EMIT] pos=29 atom=129
[QTS:SCOPE] push: level=1 first_var=-1
[QTS:SCOPE] enter: idx=1 is_body=0
[QTS:EMIT] pos=0 op=182
[QTS:EMIT] pos=1 u16=0x0001 (1)
[QTS:EMIT] pos=3 op=200
[QTS:EMIT] pos=4 u32=0x000000b0 (176)
[QTS:EMIT] pos=8 op=186
[QTS:EMIT] pos=9 u32=0x000001da (474)
[QTS:EMIT] pos=13 u16=0x0001 (1)
[QTS:EMIT] pos=15 op=200
[QTS:EMIT] pos=16 u32=0x000000b7 (183)
[QTS:EMIT] pos=20 op=66
[QTS:EMIT] pos=21 atom=475
[QTS:EMIT] pos=25 op=4
[QTS:EMIT] pos=26 u32=0x0000006c (108)
[QTS:EMIT] pos=30 op=200
[QTS:EMIT] pos=31 u32=0x000000c4 (196)
[QTS:EMIT] pos=35 op=186
[QTS:EMIT] pos=36 u32=0x0000006c (108)
[QTS:EMIT] pos=40 u16=0x0001 (1)
[QTS:EMIT] pos=42 op=200
[QTS:EMIT] pos=43 u32=0x000000bb (187)
[QTS:EMIT] pos=47 op=36
[QTS:EMIT] pos=48 u16=0x0002 (2)
[QTS:EMIT] pos=50 op=40
[QTS:EMIT] pos=33 op=3
[QTS:EMIT] pos=34 u32=0x00000002 (2)
[QTS:EMIT] pos=38 op=79
[QTS:EMIT] pos=39 u32=0x00000000 (0)
[QTS:EMIT] pos=43 op=200
[QTS:EMIT] pos=44 u32=0x000000a5 (165)
[QTS:EMIT] pos=48 op=36
[QTS:EMIT] pos=49 u16=0x0001 (1)
[QTS:EMIT] pos=51 op=14
[QTS:EMIT] pos=52 op=6
[QTS:EMIT] pos=53 op=47
