[QTS:SCOPE] push: level=1 first_var=-1
[QTS:SCOPE] enter: idx=1 is_body=0
[QTS:EMIT] pos=0 op=182
[QTS:EMIT] pos=1 u16=0x0001 (1)
[QTS:SCOPE] push: level=2 first_var=-1
[QTS:SCOPE] enter: idx=2 is_body=0
[QTS:EMIT] pos=3 op=182
[QTS:EMIT] pos=4 u16=0x0002 (2)
[QTS:EMIT] pos=6 op=6
[QTS:SCOPE] push: level=3 first_var=0
[QTS:SCOPE] enter: idx=3 is_body=0
[QTS:EMIT] pos=7 op=182
[QTS:EMIT] pos=8 u16=0x0003 (3)
[QTS:EMIT] pos=10 op=2
[QTS:EMIT] pos=11 u32=0x00000000 (0)
[QTS:EMIT] pos=15 op=88
[QTS:EMIT] pos=16 atom=472
[QTS:EMIT] pos=20 u8=0x00
[QTS:EMIT] pos=0 op=9
[QTS:EMIT] pos=1 op=108
[QTS:EMIT] pos=2 u32=0x00000000 (0)
[QTS:EMIT] pos=6 op=186
[QTS:EMIT] pos=7 atom=8
[QTS:EMIT] pos=11 u16=0x0000 (0)
[QTS:EMIT] pos=13 op=186
[QTS:EMIT] pos=14 atom=117
[QTS:EMIT] pos=18 u16=0x0000 (0)
[QTS:EMIT] pos=20 op=46
[QTS:EMIT] pos=21 op=184
[QTS:EMIT] pos=22 u32=0x00000000 (0)
[QTS:EMIT] pos=26 op=186
[QTS:EMIT] pos=27 atom=8
[QTS:EMIT] pos=31 u16=0x0000 (0)
[QTS:EMIT] pos=33 op=6
[QTS:EMIT] pos=34 op=78
[QTS:EMIT] pos=35 atom=56
[QTS:EMIT] pos=0 op=43
[QTS:EMIT] pos=1 op=186
[QTS:EMIT] pos=2 atom=120
[QTS:EMIT] pos=6 u16=0x0000 (0)
[QTS:EMIT] pos=8 op=17
[QTS:EMIT] pos=9 op=108
[QTS:EMIT] pos=10 u32=0x00000000 (0)
[QTS:EMIT] pos=14 op=186
[QTS:EMIT] pos=15 atom=8
[QTS:EMIT] pos=19 u16=0x0000 (0)
[QTS:EMIT] pos=21 op=27
[QTS:EMIT] pos=22 op=36
[QTS:EMIT] pos=23 u16=0x0000 (0)
[QTS:EMIT] pos=25 op=184
[QTS:EMIT] pos=26 u32=0x00000000 (0)
[QTS:EMIT] pos=30 op=14
[QTS:SCOPE] push: level=1 first_var=-1
[QTS:SCOPE] enter: idx=1 is_body=0
[QTS:EMIT] pos=31 op=182
[QTS:EMIT] pos=32 u16=0x0001 (1)
[QTS:EMIT] pos=34 op=200
[QTS:EMIT] pos=35 u32=0x00000031 (49)
[QTS:EMIT] pos=39 op=186
[QTS:EMIT] pos=40 atom=8
[QTS:EMIT] pos=44 u16=0x0000 (0)
[QTS:EMIT] pos=46 op=200
[QTS:EMIT] pos=47 u32=0x00000035 (53)
[QTS:EMIT] pos=51 op=66
[QTS:EMIT] pos=52 atom=56
[QTS:EMIT] pos=51 op=200
[QTS:EMIT] pos=52 u32=0x0000003d (61)
[QTS:EMIT] pos=56 op=186
[QTS:EMIT] pos=57 u32=0x00000038 (56)
[QTS:EMIT] pos=61 u16=0x0001 (1)
[QTS:EMIT] pos=63 op=21
[QTS:EMIT] pos=64 op=68
[QTS:EMIT] pos=65 u32=0x00000038 (56)
[QTS:EMIT] pos=69 op=14
[QTS:EMIT] pos=70 op=41
[QTS:SCOPE] push: level=1 first_var=-1
[QTS:SCOPE] enter: idx=1 is_body=0
[QTS:EMIT] pos=0 op=182
[QTS:EMIT] pos=1 u16=0x0001 (1)
[QTS:EMIT] pos=3 op=200
[QTS:EMIT] pos=4 u32=0x00000057 (87)
[QTS:EMIT] pos=8 op=186
[QTS:EMIT] pos=9 u32=0x000001da (474)
[QTS:EMIT] pos=13 u16=0x0001 (1)
[QTS:EMIT] pos=15 op=200
[QTS:EMIT] pos=16 u32=0x0000005e (94)
[QTS:EMIT] pos=20 op=66
[QTS:EMIT] pos=21 atom=475
[QTS:EMIT] pos=25 op=4
[QTS:EMIT] pos=26 u32=0x000001dc (476)
[QTS:EMIT] pos=30 op=200
[QTS:EMIT] pos=31 u32=0x00000062 (98)
[QTS:EMIT] pos=35 op=36
[QTS:EMIT] pos=36 u16=0x0001 (1)
[QTS:EMIT] pos=38 op=14
[QTS:EMIT] pos=39 op=41
[QTS:EMIT] pos=21 op=3
[QTS:EMIT] pos=22 u32=0x00000001 (1)
[QTS:EMIT] pos=26 op=79
[QTS:EMIT] pos=27 u32=0x00000000 (0)
[QTS:EMIT] pos=31 op=86
[QTS:EMIT] pos=32 atom=473
[QTS:EMIT] pos=36 u8=0x00
[QTS:EMIT] pos=39 op=41
[QTS:EMIT] pos=37 op=3
[QTS:EMIT] pos=38 u32=0x00000002 (2)
[QTS:EMIT] pos=42 op=82
[QTS:EMIT] pos=43 op=191
[QTS:EMIT] pos=44 atom=120
[QTS:EMIT] pos=48 u16=0x0003 (3)
[QTS:EMIT] pos=50 op=14
[QTS:EMIT] pos=51 op=17
[QTS:EMIT] pos=52 op=191
[QTS:EMIT] pos=53 atom=472
[QTS:EMIT] pos=57 u16=0x0003 (3)
[QTS:SCOPE] leave: idx=3
[QTS:SCOPE] pop: level=3
[QTS:EMIT] pos=59 op=183
[QTS:EMIT] pos=60 u16=0x0003 (3)
[QTS:SCOPE] leave: idx=2
[QTS:SCOPE] pop: level=2
[QTS:EMIT] pos=62 op=183
[QTS:EMIT] pos=63 u16=0x0002 (2)
[QTS:EMIT] pos=65 op=191
[QTS:EMIT] pos=66 atom=472
[QTS:EMIT] pos=70 u16=0x0001 (1)
[QTS:SCOPE] push: level=4 first_var=-1
[QTS:SCOPE] enter: idx=4 is_body=0
[QTS:EMIT] pos=72 op=182
[QTS:EMIT] pos=73 u16=0x0004 (4)
[QTS:EMIT] pos=75 op=200
[QTS:EMIT] pos=76 u32=0x0000008e (142)
[QTS:EMIT] pos=80 op=186
[QTS:EMIT] pos=81 u32=0x000001d8 (472)
[QTS:EMIT] pos=85 u16=0x0004 (4)
[QTS:SCOPE] push: level=5 first_var=2
[QTS:SCOPE] enter: idx=5 is_body=0
[QTS:EMIT] pos=87 op=182
[QTS:EMIT] pos=88 u16=0x0005 (5)
[QTS:EMIT] pos=90 op=2
[QTS:EMIT] pos=91 u32=0x00000000 (0)
[QTS:EMIT] pos=95 op=88
[QTS:EMIT] pos=96 atom=477
[QTS:EMIT] pos=100 u8=0x01
[QTS:EMIT] pos=0 op=9
[QTS:EMIT] pos=1 op=108
[QTS:EMIT] pos=2 u32=0x00000000 (0)
[QTS:EMIT] pos=6 op=186
[QTS:EMIT] pos=7 atom=8
[QTS:EMIT] pos=11 u16=0x0000 (0)
[QTS:EMIT] pos=13 op=186
[QTS:EMIT] pos=14 atom=117
[QTS:EMIT] pos=18 u16=0x0000 (0)
[QTS:EMIT] pos=20 op=46
[QTS:EMIT] pos=21 op=184
[QTS:EMIT] pos=22 u32=0x00000000 (0)
[QTS:EMIT] pos=26 op=186
[QTS:EMIT] pos=27 atom=8
[QTS:EMIT] pos=31 u16=0x0000 (0)
[QTS:EMIT] pos=33 op=6
[QTS:EMIT] pos=34 op=78
[QTS:EMIT] pos=35 atom=478
[QTS:EMIT] pos=0 op=43
[QTS:SCOPE] push: level=1 first_var=-1
[QTS:SCOPE] enter: idx=1 is_body=0
[QTS:EMIT] pos=1 op=182
[QTS:EMIT] pos=2 u16=0x0001 (1)
[QTS:EMIT] pos=4 op=200
[QTS:EMIT] pos=5 u32=0x000000c1 (193)
[QTS:EMIT] pos=9 op=186
[QTS:EMIT] pos=10 atom=116
[QTS:EMIT] pos=14 u16=0x0000 (0)
[QTS:EMIT] pos=16 op=53
[QTS:EMIT] pos=17 op=186
[QTS:EMIT] pos=18 atom=115
[QTS:EMIT] pos=22 u16=0x0000 (0)
[QTS:EMIT] pos=24 op=200
[QTS:EMIT] pos=25 u32=0x000000c7 (199)
[QTS:EMIT] pos=29 op=186
[QTS:EMIT] pos=30 u32=0x00000038 (56)
[QTS:EMIT] pos=34 u16=0x0001 (1)
[QTS:EMIT] pos=36 op=200
[QTS:EMIT] pos=37 u32=0x000000c6 (198)
[QTS:EMIT] pos=41 op=33
[QTS:EMIT] pos=42 u16=0x0001 (1)
[QTS:EMIT] pos=44 op=17
[QTS:EMIT] pos=45 op=191
[QTS:EMIT] pos=46 atom=8
[QTS:EMIT] pos=50 u16=0x0000 (0)
[QTS:EMIT] pos=52 op=186
[QTS:EMIT] pos=53 atom=120
[QTS:EMIT] pos=57 u16=0x0001 (1)
[QTS:EMIT] pos=59 op=17
[QTS:EMIT] pos=60 op=108
[QTS:EMIT] pos=61 u32=0x00000000 (0)
[QTS:EMIT] pos=65 op=186
[QTS:EMIT] pos=66 atom=8
[QTS:EMIT] pos=70 u16=0x0000 (0)
[QTS:EMIT] pos=72 op=27
[QTS:EMIT] pos=73 op=36
[QTS:EMIT] pos=74 u16=0x0000 (0)
[QTS:EMIT] pos=76 op=184
[QTS:EMIT] pos=77 u32=0x00000000 (0)
[QTS:EMIT] pos=81 op=14
[QTS:EMIT] pos=82 op=14
[QTS:EMIT] pos=83 op=200
[QTS:EMIT] pos=84 u32=0x000000d2 (210)
[QTS:EMIT] pos=88 op=186
[QTS:EMIT] pos=89 atom=8
[QTS:EMIT] pos=93 u16=0x0000 (0)
[QTS:EMIT] pos=95 op=200
[QTS:EMIT] pos=96 u32=0x000000d6 (214)
[QTS:EMIT] pos=100 op=66
[QTS:EMIT] pos=101 atom=478
[QTS:EMIT] pos=100 op=200
[QTS:EMIT] pos=101 u32=0x000000df (223)
[QTS:EMIT] pos=105 op=186
[QTS:EMIT] pos=106 u32=0x000001de (478)
[QTS:EMIT] pos=110 u16=0x0001 (1)
[QTS:EMIT] pos=112 op=21
[QTS:EMIT] pos=113 op=68
[QTS:EMIT] pos=114 u32=0x000001de (478)
[QTS:EMIT] pos=118 op=14
[QTS:EMIT] pos=119 op=192
[QTS:EMIT] pos=120 atom=8
[QTS:EMIT] pos=124 u16=0x0000 (0)
[QTS:EMIT] pos=126 op=40
[QTS:SCOPE] push: level=1 first_var=-1
[QTS:SCOPE] enter: idx=1 is_body=0
[QTS:EMIT] pos=0 op=182
[QTS:EMIT] pos=1 u16=0x0001 (1)
[QTS:EMIT] pos=3 op=200
[QTS:EMIT] pos=4 u32=0x000000fa (250)
[QTS:EMIT] pos=8 op=186
[QTS:EMIT] pos=9 atom=8
[QTS:EMIT] pos=13 u16=0x0000 (0)
[QTS:EMIT] pos=15 op=186
[QTS:EMIT] pos=16 atom=117
[QTS:EMIT] pos=20 u16=0x0000 (0)
[QTS:EMIT] pos=22 op=53
[QTS:EMIT] pos=23 op=200
[QTS:EMIT] pos=24 u32=0x000000ff (255)
[QTS:EMIT] pos=28 op=4
[QTS:EMIT] pos=29 u32=0x000001d9 (473)
[QTS:EMIT] pos=33 op=76
[QTS:EMIT] pos=34 op=200
[QTS:EMIT] pos=35 u32=0x00000105 (261)
[QTS:EMIT] pos=39 op=36
[QTS:EMIT] pos=40 u16=0x0000 (0)
[QTS:EMIT] pos=42 op=14
[QTS:EMIT] pos=43 op=200
[QTS:EMIT] pos=44 u32=0x0000010d (269)
[QTS:EMIT] pos=48 op=186
[QTS:EMIT] pos=49 u32=0x000001da (474)
[QTS:EMIT] pos=53 u16=0x0001 (1)
[QTS:EMIT] pos=55 op=200
[QTS:EMIT] pos=56 u32=0x00000114 (276)
[QTS:EMIT] pos=60 op=66
[QTS:EMIT] pos=61 atom=475
[QTS:EMIT] pos=65 op=4
[QTS:EMIT] pos=66 u32=0x000001df (479)
[QTS:EMIT] pos=70 op=200
[QTS:EMIT] pos=71 u32=0x00000118 (280)
[QTS:EMIT] pos=75 op=36
[QTS:EMIT] pos=76 u16=0x0001 (1)
[QTS:EMIT] pos=78 op=14
[QTS:EMIT] pos=79 op=41
[QTS:EMIT] pos=101 op=3
[QTS:EMIT] pos=102 u32=0x00000004 (4)
[QTS:EMIT] pos=106 op=79
[QTS:EMIT] pos=107 u32=0x00000000 (0)
[QTS:EMIT] pos=111 op=86
[QTS:EMIT] pos=112 atom=473
[QTS:EMIT] pos=116 u8=0x00
[QTS:EMIT] pos=39 op=41
[QTS:EMIT] pos=117 op=3
[QTS:EMIT] pos=118 u32=0x00000005 (5)
[QTS:EMIT] pos=122 op=82
[QTS:EMIT] pos=123 op=191
[QTS:EMIT] pos=124 atom=120
[QTS:EMIT] pos=128 u16=0x0005 (5)
[QTS:EMIT] pos=130 op=14
[QTS:EMIT] pos=131 op=17
[QTS:EMIT] pos=132 op=191
[QTS:EMIT] pos=133 atom=477
[QTS:EMIT] pos=137 u16=0x0005 (5)
[QTS:SCOPE] leave: idx=5
[QTS:SCOPE] pop: level=5
[QTS:EMIT] pos=139 op=183
[QTS:EMIT] pos=140 u16=0x0005 (5)
[QTS:SCOPE] leave: idx=4
[QTS:SCOPE] pop: level=4
[QTS:EMIT] pos=142 op=183
[QTS:EMIT] pos=143 u16=0x0004 (4)
[QTS:EMIT] pos=145 op=191
[QTS:EMIT] pos=146 atom=477
[QTS:EMIT] pos=150 u16=0x0001 (1)
[QTS:EMIT] pos=152 op=200
[QTS:EMIT] pos=153 u32=0x0000013c (316)
[QTS:EMIT] pos=157 op=186
[QTS:EMIT] pos=158 u32=0x000001dd (477)
[QTS:EMIT] pos=162 u16=0x0001 (1)
[QTS:EMIT] pos=164 op=17
[QTS:EMIT] pos=165 op=4
[QTS:EMIT] pos=166 u32=0x000001e1 (481)
[QTS:EMIT] pos=170 op=4
[QTS:EMIT] pos=171 u32=0x000001e2 (482)
[QTS:EMIT] pos=175 op=200
[QTS:EMIT] pos=176 u32=0x0000013f (319)
[QTS:EMIT] pos=180 op=33
[QTS:EMIT] pos=181 u16=0x0002 (2)
[QTS:EMIT] pos=183 op=191
[QTS:EMIT] pos=184 atom=480
[QTS:EMIT] pos=188 u16=0x0001 (1)
[QTS:EMIT] pos=190 op=200
[QTS:EMIT] pos=191 u32=0x0000015b (347)
[QTS:EMIT] pos=195 op=186
[QTS:EMIT] pos=196 u32=0x000001e0 (480)
[QTS:EMIT] pos=200 u16=0x0001 (1)
[QTS:EMIT] pos=202 op=200
[QTS:EMIT] pos=203 u32=0x0000015c (348)
[QTS:EMIT] pos=207 op=66
[QTS:EMIT] pos=208 atom=473
[QTS:EMIT] pos=212 op=200
[QTS:EMIT] pos=213 u32=0x00000162 (354)
[QTS:EMIT] pos=217 op=36
[QTS:EMIT] pos=218 u16=0x0000 (0)
[QTS:EMIT] pos=220 op=14
[QTS:EMIT] pos=221 op=6
[QTS:EMIT] pos=222 op=47
