[QTS:SCOPE] push: level=1 first_var=-1
[QTS:SCOPE] enter: idx=1 is_body=0
[QTS:EMIT] pos=0 op=182
[QTS:EMIT] pos=1 u16=0x0001 (1)
[QTS:SCOPE] push: level=2 first_var=-1
[QTS:SCOPE] enter: idx=2 is_body=0
[QTS:EMIT] pos=3 op=182
[QTS:EMIT] pos=4 u16=0x0002 (2)
[QTS:EMIT] pos=6 op=1
[QTS:EMIT] pos=7 u32=0x00000000 (0)
[QTS:EMIT] pos=11 op=191
[QTS:EMIT] pos=12 atom=473
[QTS:EMIT] pos=16 u16=0x0002 (2)
[QTS:EMIT] pos=18 op=183
[QTS:EMIT] pos=19 u16=0x0002 (2)
[QTS:EMIT] pos=21 op=184
[QTS:EMIT] pos=22 u32=0x00000000 (0)
[QTS:EMIT] pos=26 op=200
[QTS:EMIT] pos=27 u32=0x00000017 (23)
[QTS:EMIT] pos=31 op=186
[QTS:EMIT] pos=32 u32=0x000001d9 (473)
[QTS:EMIT] pos=36 u16=0x0002 (2)
[QTS:EMIT] pos=38 op=1
[QTS:EMIT] pos=39 u32=0x00000003 (3)
[QTS:EMIT] pos=43 op=200
[QTS:EMIT] pos=44 u32=0x00000019 (25)
[QTS:EMIT] pos=48 op=165
[QTS:EMIT] pos=49 op=108
[QTS:EMIT] pos=50 u32=0x00000003 (3)
[QTS:EMIT] pos=54 op=110
[QTS:EMIT] pos=55 u32=0x00000002 (2)
[QTS:EMIT] pos=59 op=184
[QTS:EMIT] pos=60 u32=0x00000001 (1)
[QTS:EMIT] pos=64 op=200
[QTS:EMIT] pos=65 u32=0x0000001e (30)
[QTS:EMIT] pos=69 op=186
[QTS:EMIT] pos=70 u32=0x000001d9 (473)
[QTS:EMIT] pos=74 u16=0x0002 (2)
[QTS:EMIT] pos=69 op=189
[QTS:EMIT] pos=70 atom=473
[QTS:EMIT] pos=74 u32=0x00000004 (4)
[QTS:EMIT] pos=78 u16=0x0002 (2)
[QTS:EMIT] pos=80 op=61
[QTS:EMIT] pos=81 op=200
[QTS:EMIT] pos=82 u32=0x0000001f (31)
[QTS:EMIT] pos=86 op=147
[QTS:EMIT] pos=87 op=184
[QTS:EMIT] pos=88 u32=0x00000004 (4)
[QTS:EMIT] pos=92 op=25
[QTS:EMIT] pos=93 op=62
[QTS:EMIT] pos=94 op=14
[QTS:EMIT] pos=95 op=110
[QTS:EMIT] pos=96 u32=0x00000000 (0)
[QTS:EMIT] pos=100 op=184
[QTS:EMIT] pos=101 u32=0x00000002 (2)
[QTS:SCOPE] push: level=3 first_var=0
[QTS:SCOPE] enter: idx=3 is_body=0
[QTS:EMIT] pos=105 op=182
[QTS:EMIT] pos=106 u16=0x0003 (3)
[QTS:SCOPE] push: level=4 first_var=0
[QTS:SCOPE] enter: idx=4 is_body=0
[QTS:EMIT] pos=108 op=182
[QTS:EMIT] pos=109 u16=0x0004 (4)
[QTS:EMIT] pos=111 op=1
[QTS:EMIT] pos=112 u32=0x00000000 (0)
[QTS:EMIT] pos=116 op=191
[QTS:EMIT] pos=117 atom=475
[QTS:EMIT] pos=121 u16=0x0004 (4)
[QTS:EMIT] pos=123 op=183
[QTS:EMIT] pos=124 u16=0x0004 (4)
[QTS:EMIT] pos=126 op=184
[QTS:EMIT] pos=127 u32=0x00000005 (5)
[QTS:EMIT] pos=131 op=200
[QTS:EMIT] pos=132 u32=0x00000040 (64)
[QTS:EMIT] pos=136 op=186
[QTS:EMIT] pos=137 u32=0x000001db (475)
[QTS:EMIT] pos=141 u16=0x0004 (4)
[QTS:EMIT] pos=143 op=1
[QTS:EMIT] pos=144 u32=0x00000003 (3)
[QTS:EMIT] pos=148 op=200
[QTS:EMIT] pos=149 u32=0x00000042 (66)
[QTS:EMIT] pos=153 op=165
[QTS:EMIT] pos=154 op=108
[QTS:EMIT] pos=155 u32=0x00000008 (8)
[QTS:EMIT] pos=159 op=110
[QTS:EMIT] pos=160 u32=0x00000007 (7)
[QTS:EMIT] pos=164 op=184
[QTS:EMIT] pos=165 u32=0x00000006 (6)
[QTS:EMIT] pos=169 op=200
[QTS:EMIT] pos=170 u32=0x00000047 (71)
[QTS:EMIT] pos=174 op=186
[QTS:EMIT] pos=175 u32=0x000001db (475)
[QTS:EMIT] pos=179 u16=0x0004 (4)
[QTS:EMIT] pos=174 op=189
[QTS:EMIT] pos=175 atom=475
[QTS:EMIT] pos=179 u32=0x00000009 (9)
[QTS:EMIT] pos=183 u16=0x0004 (4)
[QTS:EMIT] pos=185 op=61
[QTS:EMIT] pos=186 op=200
[QTS:EMIT] pos=187 u32=0x00000048 (72)
[QTS:EMIT] pos=191 op=147
[QTS:EMIT] pos=192 op=184
[QTS:EMIT] pos=193 u32=0x00000009 (9)
[QTS:EMIT] pos=197 op=25
[QTS:EMIT] pos=198 op=62
[QTS:EMIT] pos=199 op=14
[QTS:EMIT] pos=200 op=110
[QTS:EMIT] pos=201 u32=0x00000005 (5)
[QTS:EMIT] pos=205 op=184
[QTS:EMIT] pos=206 u32=0x00000007 (7)
[QTS:SCOPE] push: level=5 first_var=1
[QTS:SCOPE] enter: idx=5 is_body=0
[QTS:EMIT] pos=210 op=182
[QTS:EMIT] pos=211 u16=0x0005 (5)
[QTS:SCOPE] push: level=6 first_var=1
[QTS:SCOPE] enter: idx=6 is_body=0
[QTS:EMIT] pos=213 op=182
[QTS:EMIT] pos=214 u16=0x0006 (6)
[QTS:EMIT] pos=216 op=200
[QTS:EMIT] pos=217 u32=0x0000005a (90)
[QTS:EMIT] pos=221 op=186
[QTS:EMIT] pos=222 u32=0x000001d9 (473)
[QTS:EMIT] pos=226 u16=0x0006 (6)
[QTS:EMIT] pos=228 op=1
[QTS:EMIT] pos=229 u32=0x00000001 (1)
[QTS:EMIT] pos=233 op=200
[QTS:EMIT] pos=234 u32=0x0000005c (92)
[QTS:EMIT] pos=238 op=173
[QTS:EMIT] pos=239 op=108
[QTS:EMIT] pos=240 u32=0x0000000a (10)
[QTS:SCOPE] push: level=7 first_var=1
[QTS:SCOPE] enter: idx=7 is_body=0
[QTS:EMIT] pos=244 op=182
[QTS:EMIT] pos=245 u16=0x0007 (7)
[QTS:SCOPE] push: level=8 first_var=1
[QTS:SCOPE] enter: idx=8 is_body=0
[QTS:EMIT] pos=247 op=182
[QTS:EMIT] pos=248 u16=0x0008 (8)
[QTS:EMIT] pos=250 op=200
[QTS:EMIT] pos=251 u32=0x00000075 (117)
[QTS:EMIT] pos=255 op=186
[QTS:EMIT] pos=256 u32=0x000001db (475)
[QTS:EMIT] pos=260 u16=0x0008 (8)
[QTS:EMIT] pos=262 op=1
[QTS:EMIT] pos=263 u32=0x00000001 (1)
[QTS:EMIT] pos=267 op=200
[QTS:EMIT] pos=268 u32=0x00000077 (119)
[QTS:EMIT] pos=272 op=173
[QTS:EMIT] pos=273 op=108
[QTS:EMIT] pos=274 u32=0x0000000b (11)
[QTS:SCOPE] push: level=9 first_var=1
[QTS:SCOPE] enter: idx=9 is_body=0
[QTS:EMIT] pos=278 op=182
[QTS:EMIT] pos=279 u16=0x0009 (9)
[QTS:EMIT] pos=281 op=183
[QTS:EMIT] pos=282 u16=0x0009 (9)
[QTS:EMIT] pos=284 op=183
[QTS:EMIT] pos=285 u16=0x0008 (8)
[QTS:EMIT] pos=287 op=183
[QTS:EMIT] pos=288 u16=0x0007 (7)
[QTS:EMIT] pos=290 op=183
[QTS:EMIT] pos=291 u16=0x0006 (6)
[QTS:EMIT] pos=293 op=183
[QTS:EMIT] pos=294 u16=0x0005 (5)
[QTS:EMIT] pos=296 op=183
[QTS:EMIT] pos=297 u16=0x0004 (4)
[QTS:EMIT] pos=299 op=183
[QTS:EMIT] pos=300 u16=0x0003 (3)
[QTS:EMIT] pos=302 op=110
[QTS:EMIT] pos=303 u32=0x00000001 (1)
[QTS:SCOPE] leave: idx=9
[QTS:SCOPE] pop: level=9
[QTS:EMIT] pos=307 op=183
[QTS:EMIT] pos=308 u16=0x0009 (9)
[QTS:EMIT] pos=310 op=184
[QTS:EMIT] pos=311 u32=0x0000000b (11)
[QTS:SCOPE] leave: idx=8
[QTS:SCOPE] pop: level=8
[QTS:EMIT] pos=315 op=183
[QTS:EMIT] pos=316 u16=0x0008 (8)
[QTS:SCOPE] leave: idx=7
[QTS:SCOPE] pop: level=7
[QTS:EMIT] pos=318 op=183
[QTS:EMIT] pos=319 u16=0x0007 (7)
[QTS:EMIT] pos=321 op=184
[QTS:EMIT] pos=322 u32=0x0000000a (10)
[QTS:SCOPE] leave: idx=6
[QTS:SCOPE] pop: level=6
[QTS:EMIT] pos=326 op=183
[QTS:EMIT] pos=327 u16=0x0006 (6)
[QTS:SCOPE] push: level=10 first_var=1
[QTS:SCOPE] enter: idx=10 is_body=0
[QTS:EMIT] pos=329 op=182
[QTS:EMIT] pos=330 u16=0x000a (10)
[QTS:EMIT] pos=332 op=200
[QTS:EMIT] pos=333 u32=0x000000c4 (196)
[QTS:EMIT] pos=337 op=186
[QTS:EMIT] pos=338 u32=0x000001d9 (473)
[QTS:EMIT] pos=342 u16=0x000a (10)
[QTS:EMIT] pos=344 op=1
[QTS:EMIT] pos=345 u32=0x00000002 (2)
[QTS:EMIT] pos=349 op=200
[QTS:EMIT] pos=350 u32=0x000000c6 (198)
[QTS:EMIT] pos=354 op=173
[QTS:EMIT] pos=355 op=108
[QTS:EMIT] pos=356 u32=0x0000000c (12)
[QTS:SCOPE] push: level=11 first_var=1
[QTS:SCOPE] enter: idx=11 is_body=0
[QTS:EMIT] pos=360 op=182
[QTS:EMIT] pos=361 u16=0x000b (11)
[QTS:SCOPE] push: level=12 first_var=1
[QTS:SCOPE] enter: idx=12 is_body=0
[QTS:EMIT] pos=363 op=182
[QTS:EMIT] pos=364 u16=0x000c (12)
[QTS:EMIT] pos=366 op=200
[QTS:EMIT] pos=367 u32=0x000000df (223)
[QTS:EMIT] pos=371 op=186
[QTS:EMIT] pos=372 u32=0x000001db (475)
[QTS:EMIT] pos=376 u16=0x000c (12)
[QTS:EMIT] pos=378 op=1
[QTS:EMIT] pos=379 u32=0x00000002 (2)
[QTS:EMIT] pos=383 op=200
[QTS:EMIT] pos=384 u32=0x000000e1 (225)
[QTS:EMIT] pos=388 op=173
[QTS:EMIT] pos=389 op=108
[QTS:EMIT] pos=390 u32=0x0000000d (13)
[QTS:SCOPE] push: level=13 first_var=1
[QTS:SCOPE] enter: idx=13 is_body=0
[QTS:EMIT] pos=394 op=182
[QTS:EMIT] pos=395 u16=0x000d (13)
[QTS:EMIT] pos=397 op=183
[QTS:EMIT] pos=398 u16=0x000d (13)
[QTS:EMIT] pos=400 op=183
[QTS:EMIT] pos=401 u16=0x000c (12)
[QTS:EMIT] pos=403 op=183
[QTS:EMIT] pos=404 u16=0x000b (11)
[QTS:EMIT] pos=406 op=183
[QTS:EMIT] pos=407 u16=0x000a (10)
[QTS:EMIT] pos=409 op=183
[QTS:EMIT] pos=410 u16=0x0005 (5)
[QTS:EMIT] pos=412 op=110
[QTS:EMIT] pos=413 u32=0x00000008 (8)
[QTS:SCOPE] leave: idx=13
[QTS:SCOPE] pop: level=13
[QTS:EMIT] pos=417 op=183
[QTS:EMIT] pos=418 u16=0x000d (13)
[QTS:EMIT] pos=420 op=184
[QTS:EMIT] pos=421 u32=0x0000000d (13)
[QTS:SCOPE] leave: idx=12
[QTS:SCOPE] pop: level=12
[QTS:EMIT] pos=425 op=183
[QTS:EMIT] pos=426 u16=0x000c (12)
[QTS:SCOPE] leave: idx=11
[QTS:SCOPE] pop: level=11
[QTS:EMIT] pos=428 op=183
[QTS:EMIT] pos=429 u16=0x000b (11)
[QTS:EMIT] pos=431 op=184
[QTS:EMIT] pos=432 u32=0x0000000c (12)
[QTS:SCOPE] leave: idx=10
[QTS:SCOPE] pop: level=10
[QTS:EMIT] pos=436 op=183
[QTS:EMIT] pos=437 u16=0x000a (10)
[QTS:EMIT] pos=439 op=200
[QTS:EMIT] pos=440 u32=0x00000127 (295)
[QTS:EMIT] pos=444 op=186
[QTS:EMIT] pos=445 u32=0x000001dc (476)
[QTS:EMIT] pos=449 u16=0x0005 (5)
[QTS:EMIT] pos=451 op=200
[QTS:EMIT] pos=452 u32=0x0000012e (302)
[QTS:EMIT] pos=456 op=66
[QTS:EMIT] pos=457 atom=477
[QTS:EMIT] pos=461 op=200
[QTS:EMIT] pos=462 u32=0x00000133 (307)
[QTS:EMIT] pos=466 op=186
[QTS:EMIT] pos=467 u32=0x000001d9 (473)
[QTS:EMIT] pos=471 u16=0x0005 (5)
[QTS:EMIT] pos=473 op=200
[QTS:EMIT] pos=474 u32=0x00000136 (310)
[QTS:EMIT] pos=478 op=186
[QTS:EMIT] pos=479 u32=0x000001db (475)
[QTS:EMIT] pos=483 u16=0x0005 (5)
[QTS:EMIT] pos=485 op=200
[QTS:EMIT] pos=486 u32=0x00000132 (306)
[QTS:EMIT] pos=490 op=36
[QTS:EMIT] pos=491 u16=0x0002 (2)
[QTS:EMIT] pos=493 op=14
[QTS:SCOPE] leave: idx=5
[QTS:SCOPE] pop: level=5
[QTS:EMIT] pos=494 op=183
[QTS:EMIT] pos=495 u16=0x0005 (5)
[QTS:EMIT] pos=497 op=183
[QTS:EMIT] pos=498 u16=0x0004 (4)
[QTS:EMIT] pos=541 op=184
[QTS:EMIT] pos=542 u32=0x00000008 (8)
[QTS:SCOPE] leave: idx=4
[QTS:SCOPE] pop: level=4
[QTS:EMIT] pos=546 op=183
[QTS:EMIT] pos=547 u16=0x0004 (4)
[QTS:SCOPE] leave: idx=3
[QTS:SCOPE] pop: level=3
[QTS:EMIT] pos=549 op=183
[QTS:EMIT] pos=550 u16=0x0003 (3)
[QTS:EMIT] pos=552 op=183
[QTS:EMIT] pos=553 u16=0x0002 (2)
[QTS:EMIT] pos=596 op=184
[QTS:EMIT] pos=597 u32=0x00000003 (3)
[QTS:SCOPE] leave: idx=2
[QTS:SCOPE] pop: level=2
[QTS:EMIT] pos=601 op=183
[QTS:EMIT] pos=602 u16=0x0002 (2)
[QTS:EMIT] pos=604 op=6
[QTS:EMIT] pos=605 op=47
