[QTS:SCOPE] push: level=1 first_var=-1
[QTS:SCOPE] enter: idx=1 is_body=0
[QTS:EMIT] pos=0 op=182
[QTS:EMIT] pos=1 u16=0x0001 (1)
[QTS:EMIT] pos=0 op=137
[QTS:SCOPE] push: level=1 first_var=-1
[QTS:SCOPE] enter: idx=1 is_body=0
[QTS:EMIT] pos=1 op=182
[QTS:EMIT] pos=2 u16=0x0001 (1)
[QTS:EMIT] pos=4 op=200
[QTS:EMIT] pos=5 u32=0x0000001e (30)
[QTS:EMIT] pos=9 op=1
[QTS:EMIT] pos=10 u32=0x00000001 (1)
[QTS:EMIT] pos=14 op=141
[QTS:EMIT] pos=15 op=138
[QTS:EMIT] pos=16 op=108
[QTS:EMIT] pos=17 u32=0x00000000 (0)
[QTS:EMIT] pos=21 op=141
[QTS:EMIT] pos=22 op=141
[QTS:EMIT] pos=23 op=47
[QTS:EMIT] pos=24 op=184
[QTS:EMIT] pos=25 u32=0x00000000 (0)
[QTS:EMIT] pos=29 op=14
[QTS:EMIT] pos=30 op=200
[QTS:EMIT] pos=31 u32=0x00000028 (40)
[QTS:EMIT] pos=35 op=1
[QTS:EMIT] pos=36 u32=0x00000002 (2)
[QTS:EMIT] pos=40 op=141
[QTS:EMIT] pos=41 op=138
[QTS:EMIT] pos=42 op=108
[QTS:EMIT] pos=43 u32=0x00000001 (1)
[QTS:EMIT] pos=47 op=141
[QTS:EMIT] pos=48 op=141
[QTS:EMIT] pos=49 op=47
[QTS:EMIT] pos=50 op=184
[QTS:EMIT] pos=51 u32=0x00000001 (1)
[QTS:EMIT] pos=55 op=14
[QTS:EMIT] pos=56 op=200
[QTS:EMIT] pos=57 u32=0x00000032 (50)
[QTS:EMIT] pos=61 op=1
[QTS:EMIT] pos=62 u32=0x00000003 (3)
[QTS:EMIT] pos=66 op=141
[QTS:EMIT] pos=67 op=138
[QTS:EMIT] pos=68 op=108
[QTS:EMIT] pos=69 u32=0x00000002 (2)
[QTS:EMIT] pos=73 op=141
[QTS:EMIT] pos=74 op=141
[QTS:EMIT] pos=75 op=47
[QTS:EMIT] pos=76 op=184
[QTS:EMIT] pos=77 u32=0x00000002 (2)
[QTS:EMIT] pos=81 op=14
[QTS:EMIT] pos=82 op=6
[QTS:EMIT] pos=83 op=141
[QTS:EMIT] pos=84 op=47
[QTS:SCOPE] push: level=1 first_var=-1
[QTS:SCOPE] enter: idx=1 is_body=0
[QTS:EMIT] pos=0 op=182
[QTS:EMIT] pos=1 u16=0x0001 (1)
[QTS:EMIT] pos=3 op=1
[QTS:EMIT] pos=4 u32=0x00000000 (0)
[QTS:EMIT] pos=8 op=191
[QTS:EMIT] pos=9 atom=474
[QTS:EMIT] pos=13 u16=0x0001 (1)
[QTS:SCOPE] push: level=2 first_var=0
[QTS:SCOPE] enter: idx=2 is_body=0
[QTS:EMIT] pos=15 op=182
[QTS:EMIT] pos=16 u16=0x0002 (2)
[QTS:EMIT] pos=18 op=110
[QTS:EMIT] pos=19 u32=0x00000004 (4)
[QTS:EMIT] pos=23 op=184
[QTS:EMIT] pos=24 u32=0x00000003 (3)
[QTS:EMIT] pos=28 op=191
[QTS:EMIT] pos=29 atom=475
[QTS:EMIT] pos=33 u16=0x0002 (2)
[QTS:EMIT] pos=35 op=110
[QTS:EMIT] pos=36 u32=0x00000001 (1)
[QTS:EMIT] pos=40 op=184
[QTS:EMIT] pos=41 u32=0x00000004 (4)
[QTS:EMIT] pos=45 op=200
[QTS:EMIT] pos=46 u32=0x0000007b (123)
[QTS:EMIT] pos=50 op=186
[QTS:EMIT] pos=51 u32=0x000001d8 (472)
[QTS:EMIT] pos=55 u16=0x0002 (2)
[QTS:EMIT] pos=57 op=200
[QTS:EMIT] pos=58 u32=0x00000082 (130)
[QTS:EMIT] pos=62 op=34
[QTS:EMIT] pos=63 u16=0x0000 (0)
[QTS:EMIT] pos=65 op=183
[QTS:EMIT] pos=66 u16=0x0002 (2)
[QTS:EMIT] pos=68 op=128
[QTS:EMIT] pos=69 op=110
[QTS:EMIT] pos=70 u32=0x00000000 (0)
[QTS:EMIT] pos=91 op=184
[QTS:EMIT] pos=92 u32=0x00000001 (1)
[QTS:SCOPE] push: level=3 first_var=1
[QTS:SCOPE] enter: idx=3 is_body=0
[QTS:EMIT] pos=96 op=182
[QTS:EMIT] pos=97 u16=0x0003 (3)
[QTS:EMIT] pos=99 op=200
[QTS:EMIT] pos=100 u32=0x0000008c (140)
[QTS:EMIT] pos=104 op=186
[QTS:EMIT] pos=105 u32=0x000001da (474)
[QTS:EMIT] pos=109 u16=0x0003 (3)
[QTS:EMIT] pos=104 op=189
[QTS:EMIT] pos=105 atom=474
[QTS:EMIT] pos=109 u32=0x00000005 (5)
[QTS:EMIT] pos=113 u16=0x0003 (3)
[QTS:EMIT] pos=115 op=61
[QTS:EMIT] pos=116 op=200
[QTS:EMIT] pos=117 u32=0x00000093 (147)
[QTS:EMIT] pos=121 op=186
[QTS:EMIT] pos=122 u32=0x000001db (475)
[QTS:EMIT] pos=126 u16=0x0003 (3)
[QTS:EMIT] pos=128 op=200
[QTS:EMIT] pos=129 u32=0x00000090 (144)
[QTS:EMIT] pos=133 op=159
[QTS:EMIT] pos=134 op=184
[QTS:EMIT] pos=135 u32=0x00000005 (5)
[QTS:EMIT] pos=139 op=22
[QTS:EMIT] pos=140 op=62
[QTS:EMIT] pos=141 op=14
[QTS:SCOPE] leave: idx=3
[QTS:SCOPE] pop: level=3
[QTS:EMIT] pos=142 op=183
[QTS:EMIT] pos=143 u16=0x0003 (3)
[QTS:EMIT] pos=145 op=183
[QTS:EMIT] pos=146 u16=0x0002 (2)
[QTS:EMIT] pos=148 op=184
[QTS:EMIT] pos=149 u32=0x00000000 (0)
[QTS:EMIT] pos=153 op=131
[QTS:EMIT] pos=154 op=141
[QTS:EMIT] pos=155 op=133
[QTS:EMIT] pos=156 op=108
[QTS:EMIT] pos=157 u32=0x00000003 (3)
[QTS:EMIT] pos=161 op=14
[QTS:EMIT] pos=162 op=184
[QTS:EMIT] pos=163 u32=0x00000002 (2)
[QTS:EMIT] pos=167 op=134
[QTS:SCOPE] leave: idx=2
[QTS:SCOPE] pop: level=2
[QTS:EMIT] pos=168 op=183
[QTS:EMIT] pos=169 u16=0x0002 (2)
[QTS:EMIT] pos=171 op=200
[QTS:EMIT] pos=172 u32=0x0000009b (155)
[QTS:EMIT] pos=176 op=186
[QTS:EMIT] pos=177 u32=0x000001dc (476)
[QTS:EMIT] pos=181 u16=0x0001 (1)
[QTS:EMIT] pos=183 op=200
[QTS:EMIT] pos=184 u32=0x000000a2 (162)
[QTS:EMIT] pos=188 op=66
[QTS:EMIT] pos=189 atom=477
[QTS:EMIT] pos=193 op=4
[QTS:EMIT] pos=194 u32=0x000001da (474)
[QTS:EMIT] pos=198 op=200
[QTS:EMIT] pos=199 u32=0x000000ae (174)
[QTS:EMIT] pos=203 op=186
[QTS:EMIT] pos=204 u32=0x000001da (474)
[QTS:EMIT] pos=208 u16=0x0001 (1)
[QTS:EMIT] pos=210 op=200
[QTS:EMIT] pos=211 u32=0x000000a6 (166)
[QTS:EMIT] pos=215 op=36
[QTS:EMIT] pos=216 u16=0x0002 (2)
[QTS:EMIT] pos=218 op=14
[QTS:EMIT] pos=219 op=6
[QTS:EMIT] pos=220 op=47
[QTS:EMIT] pos=3 op=200
[QTS:EMIT] pos=4 u32=0x000000b6 (182)
[QTS:EMIT] pos=8 op=186
[QTS:EMIT] pos=9 u32=0x000001d9 (473)
[QTS:EMIT] pos=13 u16=0x0001 (1)
[QTS:EMIT] pos=15 op=200
[QTS:EMIT] pos=16 u32=0x000000ba (186)
[QTS:EMIT] pos=20 op=34
[QTS:EMIT] pos=21 u16=0x0000 (0)
[QTS:EMIT] pos=23 op=14
[QTS:EMIT] pos=24 op=6
[QTS:EMIT] pos=25 op=47
