__tests__/fixtures/closure-for.js:1:1: function: main
  locals:
    0: var i
  stack_size: 2
  opcodes:
        push_0 0
        put_loc0 0: i
    2:  get_loc0 0: i
        push_i8 10
        lt
        if_false8 12
        inc_loc 0: i
        goto8 2
   12:  return_undef

__tests__/fixtures/closure-for.js:1:1: function: <eval>
  locals:
    0: var <ret>
  stack_size: 1
  opcodes:
        check_define_var main,64
        fclosure8 0: [bytecode main]
        define_func main,0
        get_var main
        call0 0
        set_loc0 0: "<ret>"
        return

