[QTS:SCOPE] push: level=1 first_var=-1
[QTS:SCOPE] enter: idx=1 is_body=0
[QTS:EMIT] pos=0 op=182
[QTS:EMIT] pos=1 u16=0x0001 (1)
[QTS:SCOPE] push: level=1 first_var=-1
[QTS:SCOPE] enter: idx=1 is_body=0
[QTS:EMIT] pos=0 op=182
[QTS:EMIT] pos=1 u16=0x0001 (1)
[QTS:EMIT] pos=3 op=93
[QTS:EMIT] pos=4 u16=0x0000 (0)
[QTS:EMIT] pos=6 op=17
[QTS:EMIT] pos=7 op=6
[QTS:EMIT] pos=8 op=173
[QTS:EMIT] pos=9 op=108
[QTS:EMIT] pos=10 u32=0x00000000 (0)
[QTS:EMIT] pos=14 op=14
[QTS:EMIT] pos=15 op=4
[QTS:EMIT] pos=16 u32=0x000001d9 (473)
[QTS:EMIT] pos=20 op=17
[QTS:EMIT] pos=21 op=94
[QTS:EMIT] pos=22 u16=0x0000 (0)
[QTS:EMIT] pos=24 op=184
[QTS:EMIT] pos=25 u32=0x00000000 (0)
[QTS:EMIT] pos=29 op=191
[QTS:EMIT] pos=30 atom=56
[QTS:EMIT] pos=34 u16=0x0001 (1)
[QTS:EMIT] pos=36 op=183
[QTS:EMIT] pos=37 u16=0x0001 (1)
[QTS:SCOPE] push: level=2 first_var=-1
[QTS:SCOPE] enter: idx=2 is_body=0
[QTS:EMIT] pos=39 op=182
[QTS:EMIT] pos=40 u16=0x0002 (2)
[QTS:EMIT] pos=42 op=200
[QTS:EMIT] pos=43 u32=0x00000023 (35)
[QTS:EMIT] pos=47 op=186
[QTS:EMIT] pos=48 u32=0x000001da (474)
[QTS:EMIT] pos=52 u16=0x0002 (2)
[QTS:EMIT] pos=54 op=200
[QTS:EMIT] pos=55 u32=0x0000002a (42)
[QTS:EMIT] pos=59 op=66
[QTS:EMIT] pos=60 atom=475
[QTS:EMIT] pos=64 op=4
[QTS:EMIT] pos=65 u32=0x000001dc (476)
[QTS:EMIT] pos=69 op=200
[QTS:EMIT] pos=70 u32=0x00000038 (56)
[QTS:EMIT] pos=74 op=186
[QTS:EMIT] pos=75 u32=0x00000038 (56)
[QTS:EMIT] pos=79 u16=0x0002 (2)
[QTS:EMIT] pos=81 op=200
[QTS:EMIT] pos=82 u32=0x0000002e (46)
[QTS:EMIT] pos=86 op=36
[QTS:EMIT] pos=87 u16=0x0002 (2)
[QTS:EMIT] pos=89 op=14
[QTS:EMIT] pos=90 op=41
[QTS:EMIT] pos=3 op=200
[QTS:EMIT] pos=4 u32=0x00000041 (65)
[QTS:EMIT] pos=8 op=186
[QTS:EMIT] pos=9 u32=0x000001d8 (472)
[QTS:EMIT] pos=13 u16=0x0001 (1)
[QTS:EMIT] pos=15 op=200
[QTS:EMIT] pos=16 u32=0x00000046 (70)
[QTS:EMIT] pos=20 op=34
[QTS:EMIT] pos=21 u16=0x0000 (0)
[QTS:EMIT] pos=23 op=14
[QTS:EMIT] pos=24 op=200
[QTS:EMIT] pos=25 u32=0x0000004a (74)
[QTS:EMIT] pos=29 op=186
[QTS:EMIT] pos=30 u32=0x000001d8 (472)
[QTS:EMIT] pos=34 u16=0x0001 (1)
[QTS:EMIT] pos=36 op=4
[QTS:EMIT] pos=37 u32=0x000001dd (477)
[QTS:EMIT] pos=41 op=200
[QTS:EMIT] pos=42 u32=0x0000004f (79)
[QTS:EMIT] pos=46 op=34
[QTS:EMIT] pos=47 u16=0x0001 (1)
[QTS:EMIT] pos=49 op=14
[QTS:EMIT] pos=50 op=6
[QTS:EMIT] pos=51 op=47
