__tests__/fixtures/bitwise-ops.js:1:1: function: <eval>
  locals:
    0: var <ret>
  stack_size: 4
  opcodes:
        get_var console
        get_field2 log
        push_1 1
        push_2 2
        and
        call_method 1
        put_loc0 0: "<ret>"
        get_var console
        get_field2 log
        push_1 1
        push_2 2
        or
        call_method 1
        put_loc0 0: "<ret>"
        get_var console
        get_field2 log
        push_1 1
        push_2 2
        xor
        call_method 1
        put_loc0 0: "<ret>"
        get_var console
        get_field2 log
        push_1 1
        push_2 2
        shl
        call_method 1
        put_loc0 0: "<ret>"
        get_var console
        get_field2 log
        push_1 1
        push_2 2
        sar
        call_method 1
        put_loc0 0: "<ret>"
        get_var console
        get_field2 log
        push_1 1
        push_2 2
        shr
        call_method 1
        set_loc0 0: "<ret>"
        return

