__tests__/fixtures/quickjs-tests/microbench.js:31:1: function: pad
  args: str n
  stack_size: 2
  opcodes:
        get_arg0 0: str
        push_empty_string
        add
        put_arg0 0: str
    4:  get_arg0 0: str
        get_length
        get_arg1 1: n
        lt
        if_false8 20
        get_arg0 0: str
        push_atom_value " "
        add
        put_arg0 0: str
        goto8 4
   20:  get_arg0 0: str
        return

__tests__/fixtures/quickjs-tests/microbench.js:37:1: function: pad_left
  args: str n
  stack_size: 2
  opcodes:
        get_arg0 0: str
        push_empty_string
        add
        put_arg0 0: str
    4:  get_arg0 0: str
        get_length
        get_arg1 1: n
        lt
        if_false8 20
        push_atom_value " "
        get_arg0 0: str
        add
        put_arg0 0: str
        goto8 4
   20:  get_arg0 0: str
        return

__tests__/fixtures/quickjs-tests/microbench.js:43:1: function: pad_center
  args: str n
  stack_size: 2
  opcodes:
        get_arg0 0: str
        push_empty_string
        add
        put_arg0 0: str
    4:  get_arg0 0: str
        get_length
        get_arg1 1: n
        lt
        if_false8 38
        get_arg1 1: n
        get_arg0 0: str
        get_length
        sub
        push_1 1
        and
        if_false8 28
        get_arg0 0: str
        push_atom_value " "
        add
        put_arg0 0: str
        goto8 4
   28:  push_atom_value " "
        get_arg0 0: str
        add
        put_arg0 0: str
        goto8 4
   38:  get_arg0 0: str
        return

__tests__/fixtures/quickjs-tests/microbench.js:61:1: function: log_line
  locals:
    0: var i
    1: var n
    2: var s
    3: var a
    4: var arguments
  stack_size: 5
  opcodes:
        special_object 1
        put_loc8 4: arguments
        push_empty_string
        put_loc2 2: s
        push_0 0
        put_loc0 0: i
        get_loc8 4: arguments
        get_length
        put_loc1 1: n
   12:  get_loc0 0: i
        get_loc1 1: n
        lt
        if_false8 110
        get_loc0 0: i
        push_0 0
        gt
        if_false8 29
        push_atom_value " "
        add_loc 2: s
   29:  get_loc8 4: arguments
        get_loc0 0: i
        get_array_el
        set_loc3 3: a
        typeof
        push_atom_value number
        strict_eq
        if_false8 89
        get_var total
        get_loc0 0: i
        get_array_el3
        get_loc3 3: a
        add
        put_array_el
        get_loc3 3: a
        get_field2 toFixed
        get_var precs
        get_loc0 0: i
        get_array_el
        call_method 1
        put_loc3 3: a
        get_loc2 2: s
        get_var pad_left
        get_loc3 3: a
        get_var widths
        get_loc0 0: i
        get_array_el
        call2 2
        add
        put_loc2 2: s
        goto8 106
   89:  get_loc2 2: s
        get_var pad_left
        get_loc3 3: a
        get_var widths
        get_loc0 0: i
        get_array_el
        call2 2
        add
        put_loc2 2: s
  106:  inc_loc 0: i
        goto8 12
  110:  get_var console
        get_field2 log
        get_loc2 2: s
        call_method 1
        return_undef

__tests__/fixtures/quickjs-tests/microbench.js:87:17: function: <null>
  stack_size: 2
  opcodes:
        get_var performance
        get_field2 now
        tail_call_method 0

__tests__/fixtures/quickjs-tests/microbench.js:95:17: function: <null>
  locals:
    0: var t0
    1: var t
  stack_size: 2
  opcodes:
        get_var Date
        get_field2 now
        call_method 0
        put_loc0 0: t0
   14:  get_var Date
        get_field2 now
        call_method 0
        set_loc1 1: t
        get_loc0 0: t0
        eq
        if_true8 14
        get_loc1 1: t
        return

__tests__/fixtures/quickjs-tests/microbench.js:103:1: function: log_one
  args: text n ti
  locals:
    0: var ref
  stack_size: 9
  opcodes:
        get_var ref_data
        if_false8 17
        get_var ref_data
        get_arg0 0: text
        get_array_el
        put_loc0 0: ref
        goto8 19
   17:  null
        put_loc0 0: ref
   19:  get_var Math
        get_field2 round
        get_arg2 2: ti
        push_i8 100
        mul
        call_method 1
        push_i8 100
        div
        put_arg2 2: ti
        get_var log_data
        get_arg0 0: text
        get_arg2 2: ti
        put_array_el
        get_loc0 0: ref
        typeof
        push_atom_value number
        strict_eq
        if_false8 126
        get_var log_line
        get_arg0 0: text
        get_arg1 1: n
        get_arg2 2: ti
        get_loc0 0: ref
        get_var Math
        get_field2 round
        get_loc0 0: ref
        push_i16 1000
        mul
        get_arg2 2: ti
        div
        call_method 1
        call 5
        drop
        get_var total_score
        get_arg2 2: ti
        push_i8 100
        mul
        get_loc0 0: ref
        div
        add
        dup
        put_var total_score
        drop
        get_var total_scale
        push_i8 100
        add
        dup
        put_var total_scale
        drop
        return_undef
  126:  get_var log_line
        get_arg0 0: text
        get_arg1 1: n
        get_arg2 2: ti
        call3 3
        drop
        get_var total_score
        push_i8 100
        add
        dup
        put_var total_score
        drop
        get_var total_scale
        push_i8 100
        add
        dup
        put_var total_scale
        drop
        return_undef

__tests__/fixtures/quickjs-tests/microbench.js:122:1: function: bench
  args: f text
  locals:
    0: var i
    1: var j
    2: var n
    3: var t
    4: var ti
    5: var nb_its
    6: var ref
    7: var ti_n
    8: var ti_n1
  stack_size: 5
  opcodes:
        push_1 1
        set_loc2 2: n
        put_loc8 5: nb_its
        get_arg0 0: f
        get_field bench
        if_false8 20
        get_arg0 0: f
        get_arg1 1: text
        call1 1
        put_loc8 7: ti_n
        goto16 166
   20:  push_i32 1000000000
        put_loc8 7: ti_n
        push_0 0
        put_loc0 0: i
   29:  get_loc0 0: i
        push_i8 30
        lt
        if_false 166
        push_i32 1000000000
        put_loc8 4: ti
        push_0 0
        put_loc1 1: j
   47:  get_loc1 1: j
        get_var max_iterations
        lt
        if_false8 97
        get_var get_clock
        call0 0
        put_loc3 3: t
        get_arg0 0: f
        get_loc2 2: n
        call1 1
        put_loc8 5: nb_its
        get_var get_clock
        call0 0
        get_loc3 3: t
        sub
        put_loc3 3: t
        get_loc8 5: nb_its
        push_0 0
        lt
        if_false8 84
        return_undef
   84:  get_loc8 4: ti
        get_loc3 3: t
        gt
        if_false8 93
        get_loc3 3: t
        put_loc8 4: ti
   93:  inc_loc 1: j
        goto8 47
   97:  get_loc8 4: ti
        get_var clock_threshold
        push_i8 10
        div
        gte
        if_false8 128
        get_loc8 4: ti
        get_loc8 5: nb_its
        div
        put_loc8 8: ti_n1
        get_loc8 7: ti_n
        get_loc8 8: ti_n1
        gt
        if_false8 128
        get_loc8 8: ti_n1
        put_loc8 7: ti_n
  128:  get_loc8 4: ti
        get_var clock_threshold
        gte
        if_false8 147
        get_loc2 2: n
        get_var min_n_argument
        gte
        if_true8 166
  147:  get_loc2 2: n
        push_2 2
        push_const8 0: 2.5
        push_2 2
        array_from 3
        get_loc0 0: i
        push_3 3
        mod
        get_array_el
        mul
        put_loc2 2: n
        inc_loc 0: i
        goto16 29
  166:  get_var log_one
        get_arg1 1: text
        get_loc2 2: n
        get_loc8 7: ti_n
        push_i32 1000000000
        mul
        get_var clocks_per_sec
        div
        call3 3
        return_undef

__tests__/fixtures/quickjs-tests/microbench.js:159:1: function: empty_loop
  args: n
  locals:
    0: var j
  stack_size: 2
  opcodes:
        push_0 0
        put_loc0 0: j
    2:  get_loc0 0: j
        get_arg0 0: n
        lt
        if_false8 11
        inc_loc 0: j
        goto8 2
   11:  get_arg0 0: n
        return

__tests__/fixtures/quickjs-tests/microbench.js:165:1: function: empty_down_loop
  args: n
  locals:
    0: var j
  stack_size: 2
  opcodes:
        get_arg0 0: n
        put_loc0 0: j
    2:  get_loc0 0: j
        push_0 0
        gt
        if_false8 11
        dec_loc 0: j
        goto8 2
   11:  get_arg0 0: n
        return

__tests__/fixtures/quickjs-tests/microbench.js:171:1: function: empty_down_loop2
  args: n
  locals:
    0: var j
  stack_size: 2
  opcodes:
        get_arg0 0: n
        put_loc0 0: j
    2:  get_loc0 0: j
        post_dec
        put_loc0 0: j
        push_0 0
        gt
        if_false8 11
        goto8 2
   11:  get_arg0 0: n
        return

__tests__/fixtures/quickjs-tests/microbench.js:177:1: function: empty_do_loop
  args: n
  locals:
    0: var j
  stack_size: 2
  opcodes:
        get_arg0 0: n
        put_loc0 0: j
    2:  get_loc0 0: j
        dec
        set_loc0 0: j
        push_0 0
        gt
        if_true8 2
        get_arg0 0: n
        return

__tests__/fixtures/quickjs-tests/microbench.js:182:1: function: date_now
  args: n
  locals:
    0: var j
  stack_size: 2
  opcodes:
        push_0 0
        put_loc0 0: j
    2:  get_loc0 0: j
        get_arg0 0: n
        lt
        if_false8 25
        get_var Date
        get_field2 now
        call_method 0
        drop
        inc_loc 0: j
        goto8 2
   25:  get_arg0 0: n
        return

__tests__/fixtures/quickjs-tests/microbench.js:189:1: function: date_parse
  args: n
  locals:
    0: var x0
    1: var dx
    2: var j
    3: var x1
    4: var x2
    5: var x3
    6: var d0
    7: var d1
    8: var d2
    9: var d3
  stack_size: 4
  opcodes:
        push_0 0
        put_loc0 0: x0
        push_0 0
        put_loc1 1: dx
        push_0 0
        put_loc2 2: j
    6:  get_loc2 2: j
        get_arg0 0: n
        lt
        if_false 302
        get_loc0 0: x0
        get_loc0 0: x0
        push_i16 1000
        mod
        sub
        put_loc3 3: x1
        get_loc0 0: x0
        neg
        put_loc8 4: x2
        get_loc3 3: x1
        neg
        put_loc8 5: x3
        get_var Date
        dup
        get_loc0 0: x0
        call_constructor 1
        put_loc8 6: d0
        get_var Date
        dup
        get_loc3 3: x1
        call_constructor 1
        put_loc8 7: d1
        get_var Date
        dup
        get_loc8 4: x2
        call_constructor 1
        put_loc8 8: d2
        get_var Date
        dup
        get_loc8 5: x3
        call_constructor 1
        put_loc8 9: d3
        get_var Date
        get_field2 parse
        get_loc8 6: d0
        get_field2 toISOString
        call_method 0
        call_method 1
        get_loc0 0: x0
        neq
        dup
        if_true 256
        drop
        get_var Date
        get_field2 parse
        get_loc8 7: d1
        get_field2 toGMTString
        call_method 0
        call_method 1
        get_loc3 3: x1
        neq
        dup
        if_true8 256
        drop
        get_var Date
        get_field2 parse
        get_loc8 7: d1
        get_field2 toString
        call_method 0
        call_method 1
        get_loc3 3: x1
        neq
        dup
        if_true8 256
        drop
        get_var Date
        get_field2 parse
        get_loc8 8: d2
        get_field2 toISOString
        call_method 0
        call_method 1
        get_loc8 4: x2
        neq
        dup
        if_true8 256
        drop
        get_var Date
        get_field2 parse
        get_loc8 9: d3
        get_field2 toGMTString
        call_method 0
        call_method 1
        get_loc8 5: x3
        neq
        dup
        if_true8 256
        drop
        get_var Date
        get_field2 parse
        get_loc8 9: d3
        get_field2 toString
        call_method 0
        call_method 1
        get_loc8 5: x3
        neq
  256:  if_false8 281
        get_var console
        get_field2 log
        push_atom_value "Date.parse error for "
        get_loc0 0: x0
        add
        call_method 1
        drop
        push_minus1 -1
        return
  281:  get_loc1 1: dx
        push_const8 0: 1.1
        mul
        push_1 1
        add
        push_0 0
        sar
        put_loc1 1: dx
        get_loc0 0: x0
        get_loc1 1: dx
        add
        push_const8 1: 8640000000000000
        mod
        put_loc0 0: x0
        inc_loc 2: j
        goto16 6
  302:  get_arg0 0: n
        push_6 6
        mul
        return

__tests__/fixtures/quickjs-tests/microbench.js:214:1: function: prop_read
  args: n
  locals:
    0: var obj
    1: var sum
    2: var j
  stack_size: 2
  opcodes:
        object
        push_1 1
        define_field a
        push_2 2
        define_field b
        push_3 3
        define_field c
        push_4 4
        define_field d
        put_loc0 0: obj
        push_0 0
        put_loc1 1: sum
        push_0 0
        put_loc2 2: j
   30:  get_loc2 2: j
        get_arg0 0: n
        lt
        if_false8 72
        get_loc1 1: sum
        get_loc0 0: obj
        get_field a
        add
        set_loc1 1: sum
        get_loc0 0: obj
        get_field b
        add
        set_loc1 1: sum
        get_loc0 0: obj
        get_field c
        add
        set_loc1 1: sum
        get_loc0 0: obj
        get_field d
        add
        put_loc1 1: sum
        inc_loc 2: j
        goto8 30
   72:  get_loc1 1: sum
        dup
        put_var global_res
        drop
        get_arg0 0: n
        push_4 4
        mul
        return

__tests__/fixtures/quickjs-tests/microbench.js:227:1: function: prop_write
  args: n
  locals:
    0: var obj
    1: var j
  stack_size: 2
  opcodes:
        object
        push_1 1
        define_field a
        push_2 2
        define_field b
        push_3 3
        define_field c
        push_4 4
        define_field d
        put_loc0 0: obj
        push_0 0
        put_loc1 1: j
   28:  get_loc1 1: j
        get_arg0 0: n
        lt
        if_false8 65
        get_loc0 0: obj
        get_loc1 1: j
        put_field a
        get_loc0 0: obj
        get_loc1 1: j
        put_field b
        get_loc0 0: obj
        get_loc1 1: j
        put_field c
        get_loc0 0: obj
        get_loc1 1: j
        put_field d
        inc_loc 1: j
        goto8 28
   65:  get_arg0 0: n
        push_4 4
        mul
        return

__tests__/fixtures/quickjs-tests/microbench.js:238:1: function: prop_update
  args: n
  locals:
    0: var obj
    1: var j
  stack_size: 3
  opcodes:
        object
        push_1 1
        define_field a
        push_2 2
        define_field b
        push_3 3
        define_field c
        push_4 4
        define_field d
        put_loc0 0: obj
        push_0 0
        put_loc1 1: j
   28:  get_loc1 1: j
        get_arg0 0: n
        lt
        if_false8 89
        get_loc0 0: obj
        get_field2 a
        get_loc1 1: j
        add
        put_field a
        get_loc0 0: obj
        get_field2 b
        get_loc1 1: j
        add
        put_field b
        get_loc0 0: obj
        get_field2 c
        get_loc1 1: j
        add
        put_field c
        get_loc0 0: obj
        get_field2 d
        get_loc1 1: j
        add
        put_field d
        inc_loc 1: j
        goto8 28
   89:  get_arg0 0: n
        push_4 4
        mul
        return

__tests__/fixtures/quickjs-tests/microbench.js:249:1: function: prop_create
  args: n
  locals:
    0: var obj
    1: var i
    2: var j
  stack_size: 3
  opcodes:
        push_0 0
        put_loc2 2: j
    2:  get_loc2 2: j
        get_arg0 0: n
        lt
        if_false8 101
        object
        set_loc0 0: obj
        push_1 1
        put_field a
        get_loc0 0: obj
        push_2 2
        put_field b
        get_loc0 0: obj
        push_3 3
        put_field c
        get_loc0 0: obj
        push_4 4
        put_field d
        get_loc0 0: obj
        push_5 5
        put_field e
        get_loc0 0: obj
        push_6 6
        put_field f
        get_loc0 0: obj
        push_7 7
        put_field g
        get_loc0 0: obj
        push_i8 8
        put_field h
        get_loc0 0: obj
        push_i8 9
        put_field i
        get_loc0 0: obj
        push_i8 10
        put_field j
        push_0 0
        put_loc1 1: i
   83:  get_loc1 1: i
        push_i8 10
        lt
        if_false8 97
        get_loc0 0: obj
        get_loc1 1: i
        get_loc1 1: i
        put_array_el
        inc_loc 1: i
        goto8 83
   97:  inc_loc 2: j
        goto8 2
  101:  get_arg0 0: n
        push_i8 20
        mul
        return

__tests__/fixtures/quickjs-tests/microbench.js:269:1: function: prop_clone
  args: n
  locals:
    0: var ref
    1: var obj
    2: var j
    3: var k
  stack_size: 3
  opcodes:
        object
        push_1 1
        define_field a
        push_2 2
        define_field b
        push_3 3
        define_field c
        push_4 4
        define_field d
        push_5 5
        define_field e
        push_6 6
        define_field f
        push_7 7
        define_field g
        push_i8 8
        define_field h
        push_i8 9
        define_field i
        push_i8 10
        define_field j
        put_loc0 0: ref
        push_0 0
        put_loc3 3: k
   67:  get_loc3 3: k
        push_i8 10
        lt
        if_false8 81
        get_loc0 0: ref
        get_loc3 3: k
        get_loc3 3: k
        put_array_el
        inc_loc 3: k
        goto8 67
   81:  push_0 0
        put_loc2 2: j
   83:  get_loc2 2: j
        get_arg0 0: n
        lt
        if_false8 106
        object
        get_loc0 0: ref
        null
        copy_data_properties 6
        drop
        drop
        dup
        put_var global_res
        drop
        inc_loc 2: j
        goto8 83
  106:  get_arg0 0: n
        push_i8 20
        mul
        return

__tests__/fixtures/quickjs-tests/microbench.js:280:1: function: prop_delete
  args: n
  locals:
    0: var ref
    1: var obj
    2: var j
    3: var k
  stack_size: 3
  opcodes:
        object
        push_1 1
        define_field a
        push_2 2
        define_field b
        push_3 3
        define_field c
        push_4 4
        define_field d
        push_5 5
        define_field e
        push_6 6
        define_field f
        push_7 7
        define_field g
        push_i8 8
        define_field h
        push_i8 9
        define_field i
        push_i8 10
        define_field j
        put_loc0 0: ref
        push_0 0
        put_loc3 3: k
   67:  get_loc3 3: k
        push_i8 10
        lt
        if_false8 81
        get_loc0 0: ref
        get_loc3 3: k
        get_loc3 3: k
        put_array_el
        inc_loc 3: k
        goto8 67
   81:  push_0 0
        put_loc2 2: j
   83:  get_loc2 2: j
        get_arg0 0: n
        lt
        if_false8 195
        object
        get_loc0 0: ref
        null
        copy_data_properties 6
        drop
        drop
        set_loc1 1: obj
        push_atom_value a
        delete
        drop
        get_loc1 1: obj
        push_atom_value b
        delete
        drop
        get_loc1 1: obj
        push_atom_value c
        delete
        drop
        get_loc1 1: obj
        push_atom_value d
        delete
        drop
        get_loc1 1: obj
        push_atom_value e
        delete
        drop
        get_loc1 1: obj
        push_atom_value f
        delete
        drop
        get_loc1 1: obj
        push_atom_value g
        delete
        drop
        get_loc1 1: obj
        push_atom_value h
        delete
        drop
        get_loc1 1: obj
        push_atom_value i
        delete
        drop
        get_loc1 1: obj
        push_atom_value j
        delete
        drop
        push_0 0
        put_loc3 3: k
  177:  get_loc3 3: k
        push_i8 10
        lt
        if_false8 191
        get_loc1 1: obj
        get_loc3 3: k
        delete
        drop
        inc_loc 3: k
        goto8 177
  191:  inc_loc 2: j
        goto8 83
  195:  get_arg0 0: n
        push_i8 20
        mul
        return

__tests__/fixtures/quickjs-tests/microbench.js:304:1: function: array_read
  args: n
  locals:
    0: var tab
    1: var len
    2: var sum
    3: var i
    4: var j
  stack_size: 3
  opcodes:
        array_from 0
        put_loc0 0: tab
        push_i8 10
        put_loc1 1: len
        push_0 0
        put_loc3 3: i
    9:  get_loc3 3: i
        get_loc1 1: len
        lt
        if_false8 22
        get_loc0 0: tab
        get_loc3 3: i
        get_loc3 3: i
        put_array_el
        inc_loc 3: i
        goto8 9
   22:  push_0 0
        put_loc2 2: sum
        push_0 0
        put_loc8 4: j
   27:  get_loc8 4: j
        get_arg0 0: n
        lt
        if_false8 90
        get_loc2 2: sum
        get_loc0 0: tab
        push_0 0
        get_array_el
        add
        set_loc2 2: sum
        get_loc0 0: tab
        push_1 1
        get_array_el
        add
        set_loc2 2: sum
        get_loc0 0: tab
        push_2 2
        get_array_el
        add
        set_loc2 2: sum
        get_loc0 0: tab
        push_3 3
        get_array_el
        add
        set_loc2 2: sum
        get_loc0 0: tab
        push_4 4
        get_array_el
        add
        set_loc2 2: sum
        get_loc0 0: tab
        push_5 5
        get_array_el
        add
        set_loc2 2: sum
        get_loc0 0: tab
        push_6 6
        get_array_el
        add
        set_loc2 2: sum
        get_loc0 0: tab
        push_7 7
        get_array_el
        add
        set_loc2 2: sum
        get_loc0 0: tab
        push_i8 8
        get_array_el
        add
        set_loc2 2: sum
        get_loc0 0: tab
        push_i8 9
        get_array_el
        add
        put_loc2 2: sum
        inc_loc 4: j
        goto8 27
   90:  get_loc2 2: sum
        dup
        put_var global_res
        drop
        get_loc1 1: len
        get_arg0 0: n
        mul
        return

__tests__/fixtures/quickjs-tests/microbench.js:326:1: function: array_write
  args: n
  locals:
    0: var tab
    1: var len
    2: var i
    3: var j
  stack_size: 3
  opcodes:
        array_from 0
        put_loc0 0: tab
        push_i8 10
        put_loc1 1: len
        push_0 0
        put_loc2 2: i
    9:  get_loc2 2: i
        get_loc1 1: len
        lt
        if_false8 22
        get_loc0 0: tab
        get_loc2 2: i
        get_loc2 2: i
        put_array_el
        inc_loc 2: i
        goto8 9
   22:  push_0 0
        put_loc3 3: j
   24:  get_loc3 3: j
        get_arg0 0: n
        lt
        if_false8 75
        get_loc0 0: tab
        push_0 0
        get_loc3 3: j
        put_array_el
        get_loc0 0: tab
        push_1 1
        get_loc3 3: j
        put_array_el
        get_loc0 0: tab
        push_2 2
        get_loc3 3: j
        put_array_el
        get_loc0 0: tab
        push_3 3
        get_loc3 3: j
        put_array_el
        get_loc0 0: tab
        push_4 4
        get_loc3 3: j
        put_array_el
        get_loc0 0: tab
        push_5 5
        get_loc3 3: j
        put_array_el
        get_loc0 0: tab
        push_6 6
        get_loc3 3: j
        put_array_el
        get_loc0 0: tab
        push_7 7
        get_loc3 3: j
        put_array_el
        get_loc0 0: tab
        push_i8 8
        get_loc3 3: j
        put_array_el
        get_loc0 0: tab
        push_i8 9
        get_loc3 3: j
        put_array_el
        inc_loc 3: j
        goto8 24
   75:  get_loc1 1: len
        get_arg0 0: n
        mul
        return

__tests__/fixtures/quickjs-tests/microbench.js:346:1: function: array_prop_create
  args: n
  locals:
    0: var tab
    1: var i
    2: var j
    3: var len
  stack_size: 3
  opcodes:
        push_i16 1000
        put_loc3 3: len
        push_0 0
        put_loc2 2: j
    6:  get_loc2 2: j
        get_arg0 0: n
        lt
        if_false8 34
        array_from 0
        put_loc0 0: tab
        push_0 0
        put_loc1 1: i
   17:  get_loc1 1: i
        get_loc3 3: len
        lt
        if_false8 30
        get_loc0 0: tab
        get_loc1 1: i
        get_loc1 1: i
        put_array_el
        inc_loc 1: i
        goto8 17
   30:  inc_loc 2: j
        goto8 6
   34:  get_loc3 3: len
        get_arg0 0: n
        mul
        return

__tests__/fixtures/quickjs-tests/microbench.js:356:1: function: array_slice
  args: n
  locals:
    0: var ref
    1: var a
    2: var i
    3: var j
    4: var len
  stack_size: 3
  opcodes:
        push_i16 1000
        put_loc8 4: len
        array_from 0
        put_loc0 0: ref
        push_0 0
        put_loc2 2: i
   11:  get_loc2 2: i
        get_loc8 4: len
        lt
        if_false8 25
        get_loc0 0: ref
        get_loc2 2: i
        get_loc2 2: i
        put_array_el
        inc_loc 2: i
        goto8 11
   25:  push_0 0
        put_loc3 3: j
   27:  get_loc3 3: j
        get_arg0 0: n
        lt
        if_false8 61
        get_loc0 0: ref
        push_0 0
        get_loc3 3: j
        put_array_el
        get_loc0 0: ref
        get_field2 slice
        call_method 0
        set_loc1 1: a
        push_0 0
        push_0 0
        put_array_el
        get_loc1 1: a
        dup
        put_var global_res
        drop
        inc_loc 3: j
        goto8 27
   61:  get_loc8 4: len
        get_arg0 0: n
        mul
        return

__tests__/fixtures/quickjs-tests/microbench.js:370:1: function: array_length_decr
  args: n
  locals:
    0: var tab
    1: var ref
    2: var i
    3: var j
    4: var len
  stack_size: 3
  opcodes:
        push_i16 1000
        put_loc8 4: len
        array_from 0
        put_loc1 1: ref
        push_0 0
        put_loc2 2: i
   11:  get_loc2 2: i
        get_loc8 4: len
        lt
        if_false8 25
        get_loc1 1: ref
        get_loc2 2: i
        get_loc2 2: i
        put_array_el
        inc_loc 2: i
        goto8 11
   25:  push_0 0
        put_loc3 3: j
   27:  get_loc3 3: j
        get_arg0 0: n
        lt
        if_false8 65
        get_loc1 1: ref
        get_field2 slice
        call_method 0
        put_loc0 0: tab
        get_loc8 4: len
        put_loc2 2: i
   45:  get_loc2 2: i
        post_dec
        put_loc2 2: i
        push_0 0
        gt
        if_false8 61
        get_loc0 0: tab
        get_loc2 2: i
        put_field length
        goto8 45
   61:  inc_loc 3: j
        goto8 27
   65:  get_loc8 4: len
        get_arg0 0: n
        mul
        return

__tests__/fixtures/quickjs-tests/microbench.js:383:1: function: array_hole_length_decr
  args: n
  locals:
    0: var tab
    1: var ref
    2: var i
    3: var j
    4: var len
  stack_size: 3
  opcodes:
        push_i16 1000
        put_loc8 4: len
        array_from 0
        put_loc1 1: ref
        push_0 0
        put_loc2 2: i
   11:  get_loc2 2: i
        get_loc8 4: len
        lt
        if_false8 34
        get_loc2 2: i
        push_i8 10
        mod
        push_i8 9
        eq
        if_false8 30
        get_loc1 1: ref
        get_loc2 2: i
        get_loc2 2: i
        put_array_el
   30:  inc_loc 2: i
        goto8 11
   34:  push_0 0
        put_loc3 3: j
   36:  get_loc3 3: j
        get_arg0 0: n
        lt
        if_false8 74
        get_loc1 1: ref
        get_field2 slice
        call_method 0
        put_loc0 0: tab
        get_loc8 4: len
        put_loc2 2: i
   54:  get_loc2 2: i
        post_dec
        put_loc2 2: i
        push_0 0
        gt
        if_false8 70
        get_loc0 0: tab
        get_loc2 2: i
        put_field length
        goto8 54
   70:  inc_loc 3: j
        goto8 36
   74:  get_loc8 4: len
        get_arg0 0: n
        mul
        return

__tests__/fixtures/quickjs-tests/microbench.js:398:1: function: array_push
  args: n
  locals:
    0: var tab
    1: var i
    2: var j
    3: var len
  stack_size: 3
  opcodes:
        push_i16 500
        put_loc3 3: len
        push_0 0
        put_loc2 2: j
    6:  get_loc2 2: j
        get_arg0 0: n
        lt
        if_false8 41
        array_from 0
        put_loc0 0: tab
        push_0 0
        put_loc1 1: i
   17:  get_loc1 1: i
        get_loc3 3: len
        lt
        if_false8 37
        get_loc0 0: tab
        get_field2 push
        get_loc1 1: i
        call_method 1
        drop
        inc_loc 1: i
        goto8 17
   37:  inc_loc 2: j
        goto8 6
   41:  get_loc3 3: len
        get_arg0 0: n
        mul
        return

__tests__/fixtures/quickjs-tests/microbench.js:408:1: function: array_pop
  args: n
  locals:
    0: var tab
    1: var ref
    2: var i
    3: var j
    4: var len
    5: var sum
  stack_size: 3
  opcodes:
        push_i16 500
        put_loc8 4: len
        array_from 0
        put_loc1 1: ref
        push_0 0
        put_loc2 2: i
   11:  get_loc2 2: i
        get_loc8 4: len
        lt
        if_false8 25
        get_loc1 1: ref
        get_loc2 2: i
        get_loc2 2: i
        put_array_el
        inc_loc 2: i
        goto8 11
   25:  push_0 0
        put_loc3 3: j
   27:  get_loc3 3: j
        get_arg0 0: n
        lt
        if_false8 84
        get_loc1 1: ref
        get_field2 slice
        call_method 0
        put_loc0 0: tab
        push_0 0
        put_loc8 5: sum
        push_0 0
        put_loc2 2: i
   47:  get_loc2 2: i
        get_loc8 4: len
        lt
        if_false8 71
        get_loc8 5: sum
        get_loc0 0: tab
        get_field2 pop
        call_method 0
        add
        put_loc8 5: sum
        inc_loc 2: i
        goto8 47
   71:  get_loc8 5: sum
        dup
        put_var global_res
        drop
        inc_loc 3: j
        goto8 27
   84:  get_loc8 4: len
        get_arg0 0: n
        mul
        return

__tests__/fixtures/quickjs-tests/microbench.js:423:1: function: typed_array_read
  args: n
  locals:
    0: var tab
    1: var len
    2: var sum
    3: var i
    4: var j
  stack_size: 3
  opcodes:
        push_i8 10
        put_loc1 1: len
        get_var Int32Array
        dup
        get_loc1 1: len
        call_constructor 1
        put_loc0 0: tab
        push_0 0
        put_loc3 3: i
   16:  get_loc3 3: i
        get_loc1 1: len
        lt
        if_false8 29
        get_loc0 0: tab
        get_loc3 3: i
        get_loc3 3: i
        put_array_el
        inc_loc 3: i
        goto8 16
   29:  push_0 0
        put_loc2 2: sum
        push_0 0
        put_loc8 4: j
   34:  get_loc8 4: j
        get_arg0 0: n
        lt
        if_false8 97
        get_loc2 2: sum
        get_loc0 0: tab
        push_0 0
        get_array_el
        add
        set_loc2 2: sum
        get_loc0 0: tab
        push_1 1
        get_array_el
        add
        set_loc2 2: sum
        get_loc0 0: tab
        push_2 2
        get_array_el
        add
        set_loc2 2: sum
        get_loc0 0: tab
        push_3 3
        get_array_el
        add
        set_loc2 2: sum
        get_loc0 0: tab
        push_4 4
        get_array_el
        add
        set_loc2 2: sum
        get_loc0 0: tab
        push_5 5
        get_array_el
        add
        set_loc2 2: sum
        get_loc0 0: tab
        push_6 6
        get_array_el
        add
        set_loc2 2: sum
        get_loc0 0: tab
        push_7 7
        get_array_el
        add
        set_loc2 2: sum
        get_loc0 0: tab
        push_i8 8
        get_array_el
        add
        set_loc2 2: sum
        get_loc0 0: tab
        push_i8 9
        get_array_el
        add
        put_loc2 2: sum
        inc_loc 4: j
        goto8 34
   97:  get_loc2 2: sum
        dup
        put_var global_res
        drop
        get_loc1 1: len
        get_arg0 0: n
        mul
        return

__tests__/fixtures/quickjs-tests/microbench.js:445:1: function: typed_array_write
  args: n
  locals:
    0: var tab
    1: var len
    2: var i
    3: var j
  stack_size: 3
  opcodes:
        push_i8 10
        put_loc1 1: len
        get_var Int32Array
        dup
        get_loc1 1: len
        call_constructor 1
        put_loc0 0: tab
        push_0 0
        put_loc2 2: i
   16:  get_loc2 2: i
        get_loc1 1: len
        lt
        if_false8 29
        get_loc0 0: tab
        get_loc2 2: i
        get_loc2 2: i
        put_array_el
        inc_loc 2: i
        goto8 16
   29:  push_0 0
        put_loc3 3: j
   31:  get_loc3 3: j
        get_arg0 0: n
        lt
        if_false8 82
        get_loc0 0: tab
        push_0 0
        get_loc3 3: j
        put_array_el
        get_loc0 0: tab
        push_1 1
        get_loc3 3: j
        put_array_el
        get_loc0 0: tab
        push_2 2
        get_loc3 3: j
        put_array_el
        get_loc0 0: tab
        push_3 3
        get_loc3 3: j
        put_array_el
        get_loc0 0: tab
        push_4 4
        get_loc3 3: j
        put_array_el
        get_loc0 0: tab
        push_5 5
        get_loc3 3: j
        put_array_el
        get_loc0 0: tab
        push_6 6
        get_loc3 3: j
        put_array_el
        get_loc0 0: tab
        push_7 7
        get_loc3 3: j
        put_array_el
        get_loc0 0: tab
        push_i8 8
        get_loc3 3: j
        put_array_el
        get_loc0 0: tab
        push_i8 9
        get_loc3 3: j
        put_array_el
        inc_loc 3: j
        goto8 31
   82:  get_loc1 1: len
        get_arg0 0: n
        mul
        return

__tests__/fixtures/quickjs-tests/microbench.js:466:1: function: global_read
  args: n
  locals:
    0: var sum
    1: var j
  stack_size: 2
  opcodes:
        push_0 0
        dup
        put_var global_var0
        drop
        push_0 0
        put_loc0 0: sum
        push_0 0
        put_loc1 1: j
   12:  get_loc1 1: j
        get_arg0 0: n
        lt
        if_false8 50
        get_loc0 0: sum
        get_var global_var0
        add
        set_loc0 0: sum
        get_var global_var0
        add
        set_loc0 0: sum
        get_var global_var0
        add
        set_loc0 0: sum
        get_var global_var0
        add
        put_loc0 0: sum
        inc_loc 1: j
        goto8 12
   50:  get_loc0 0: sum
        dup
        put_var global_res
        drop
        get_arg0 0: n
        push_4 4
        mul
        return

__tests__/fixtures/quickjs-tests/microbench.js:491:1: function: global_write_strict
  args: n
  locals:
    0: var j
  stack_size: 2
  opcodes:
        push_0 0
        put_loc0 0: j
    2:  get_loc0 0: j
        get_arg0 0: n
        lt
        if_false8 43
        get_loc0 0: j
        dup
        put_var global_var0
        drop
        get_loc0 0: j
        dup
        put_var global_var0
        drop
        get_loc0 0: j
        dup
        put_var global_var0
        drop
        get_loc0 0: j
        dup
        put_var global_var0
        drop
        inc_loc 0: j
        goto8 2
   43:  get_arg0 0: n
        push_4 4
        mul
        return

__tests__/fixtures/quickjs-tests/microbench.js:501:1: function: local_destruct
  args: n
  locals:
    0: var j
    1: var v1
    2: var v2
    3: var v3
    4: var v4
    5: var array
    6: var o
    7: var a
    8: var b
    9: var c
   10: var d
  stack_size: 10
  opcodes:
        push_1 1
        push_2 2
        push_3 3
        push_4 4
        push_5 5
        array_from 5
        put_loc8 5: array
        object
        push_1 1
        define_field a
        push_2 2
        define_field b
        push_3 3
        define_field c
        push_4 4
        define_field d
        put_loc8 6: o
        push_0 0
        put_loc0 0: j
   39:  get_loc0 0: j
        get_arg0 0: n
        lt
        if_false 267
        goto8 113
   49:  dup
        for_of_start
        make_loc_ref v1,1
        for_of_next 2
        drop
        put_ref_value
        make_loc_ref v2,2
        for_of_next 2
        drop
        put_ref_value
        for_of_next 0
        drop
        drop
        make_loc_ref v3,3
        for_of_next 2
        drop
        put_ref_value
        make_loc_ref v4,4
        array_from 0
        push_0 0
   99:  for_of_next 4
        if_true8 107
        define_array_el
        inc
        goto8 99
  107:  drop
        drop
        put_ref_value
        iterator_close
        goto8 117
  113:  get_loc8 5: array
        goto8 49
  117:  drop
        goto8 185
  120:  dup
        to_object
        dup
        make_loc_ref a,7
        rot3l
        get_field a
        put_ref_value
        dup
        make_loc_ref b,8
        rot3l
        get_field b
        put_ref_value
        dup
        make_loc_ref c,9
        rot3l
        get_field c
        put_ref_value
        dup
        make_loc_ref d,10
        rot3l
        get_field d
        put_ref_value
        drop
        goto8 189
  185:  get_loc8 6: o
        goto8 120
  189:  drop
        goto8 257
  192:  dup
        to_object
        dup
        make_loc_ref a,7
        rot3l
        get_field a
        put_ref_value
        dup
        make_loc_ref b,8
        rot3l
        get_field b
        put_ref_value
        dup
        make_loc_ref c,9
        rot3l
        get_field c
        put_ref_value
        dup
        make_loc_ref d,10
        rot3l
        get_field d
        put_ref_value
        drop
        goto8 261
  257:  get_loc8 6: o
        goto8 192
  261:  drop
        inc_loc 0: j
        goto16 39
  267:  get_arg0 0: n
        push_i8 12
        mul
        return

__tests__/fixtures/quickjs-tests/microbench.js:528:1: function: global_destruct_strict
  args: n
  locals:
    0: var j
    1: var v1
    2: var v2
    3: var v3
    4: var v4
    5: var array
    6: var o
    7: var a
    8: var b
    9: var c
   10: var d
  stack_size: 10
  opcodes:
        push_1 1
        push_2 2
        push_3 3
        push_4 4
        push_5 5
        array_from 5
        put_loc8 5: array
        object
        push_1 1
        define_field a
        push_2 2
        define_field b
        push_3 3
        define_field c
        push_4 4
        define_field d
        put_loc8 6: o
        push_0 0
        put_loc0 0: j
   39:  get_loc0 0: j
        get_arg0 0: n
        lt
        if_false 179
        goto8 105
   49:  dup
        for_of_start
        make_var_ref global_v1
        for_of_next 2
        drop
        put_ref_value
        make_var_ref global_v2
        for_of_next 2
        drop
        put_ref_value
        for_of_next 0
        drop
        drop
        make_var_ref global_v3
        for_of_next 2
        drop
        put_ref_value
        make_var_ref global_v4
        array_from 0
        push_0 0
   91:  for_of_next 4
        if_true8 99
        define_array_el
        inc
        goto8 91
   99:  drop
        drop
        put_ref_value
        iterator_close
        goto8 109
  105:  get_loc8 5: array
        goto8 49
  109:  drop
        goto8 169
  112:  dup
        to_object
        dup
        make_var_ref global_a
        rot3l
        get_field a
        put_ref_value
        dup
        make_var_ref global_b
        rot3l
        get_field b
        put_ref_value
        dup
        make_var_ref global_c
        rot3l
        get_field c
        put_ref_value
        dup
        make_var_ref global_d
        rot3l
        get_field d
        put_ref_value
        drop
        goto8 173
  169:  get_loc8 6: o
        goto8 112
  173:  drop
        inc_loc 0: j
        goto16 39
  179:  get_arg0 0: n
        push_i8 8
        mul
        return

__tests__/fixtures/quickjs-tests/microbench.js:539:1: function: g
  args: a
  stack_size: 1
  opcodes:
        push_1 1
        return

__tests__/fixtures/quickjs-tests/microbench.js:542:1: function: global_func_call
  args: n
  locals:
    0: var j
    1: var sum
  stack_size: 3
  opcodes:
        push_0 0
        put_loc1 1: sum
        push_0 0
        put_loc0 0: j
    4:  get_loc0 0: j
        get_arg0 0: n
        lt
        if_false8 50
        get_loc1 1: sum
        get_var g
        get_loc0 0: j
        call1 1
        add
        set_loc1 1: sum
        get_var g
        get_loc0 0: j
        call1 1
        add
        set_loc1 1: sum
        get_var g
        get_loc0 0: j
        call1 1
        add
        set_loc1 1: sum
        get_var g
        get_loc0 0: j
        call1 1
        add
        put_loc1 1: sum
        inc_loc 0: j
        goto8 4
   50:  get_loc1 1: sum
        dup
        put_var global_res
        drop
        get_arg0 0: n
        push_4 4
        mul
        return

__tests__/fixtures/quickjs-tests/microbench.js:555:5: function: f
  args: a
  stack_size: 1
  opcodes:
        push_1 1
        return

__tests__/fixtures/quickjs-tests/microbench.js:554:1: function: func_call
  args: n
  locals:
    0: var f
    1: var j
    2: var sum
  stack_size: 3
  opcodes:
        fclosure8 0: [bytecode f]
        put_loc0 0: f
        push_0 0
        put_loc2 2: sum
        push_0 0
        put_loc1 1: j
    7:  get_loc1 1: j
        get_arg0 0: n
        lt
        if_false8 37
        get_loc2 2: sum
        get_loc0 0: f
        get_loc1 1: j
        call1 1
        add
        set_loc2 2: sum
        get_loc0 0: f
        get_loc1 1: j
        call1 1
        add
        set_loc2 2: sum
        get_loc0 0: f
        get_loc1 1: j
        call1 1
        add
        set_loc2 2: sum
        get_loc0 0: f
        get_loc1 1: j
        call1 1
        add
        put_loc2 2: sum
        inc_loc 1: j
        goto8 7
   37:  get_loc2 2: sum
        dup
        put_var global_res
        drop
        get_arg0 0: n
        push_4 4
        mul
        return

__tests__/fixtures/quickjs-tests/microbench.js:570:5: function: f
  args: a
  closure vars:
    0: sum local:loc2 var
  stack_size: 1
  opcodes:
        get_var_ref0 0: sum
        inc
        put_var_ref0 0: sum
        return_undef

__tests__/fixtures/quickjs-tests/microbench.js:569:1: function: func_closure_call
  args: n
  locals:
    0: var f
    1: var j
    2: var sum
  stack_size: 2
  opcodes:
        fclosure8 0: [bytecode f]
        put_loc0 0: f
        push_0 0
        put_loc2 2: sum
        push_0 0
        put_loc1 1: j
    7:  get_loc1 1: j
        get_arg0 0: n
        lt
        if_false8 32
        get_loc0 0: f
        get_loc1 1: j
        call1 1
        drop
        get_loc0 0: f
        get_loc1 1: j
        call1 1
        drop
        get_loc0 0: f
        get_loc1 1: j
        call1 1
        drop
        get_loc0 0: f
        get_loc1 1: j
        call1 1
        drop
        inc_loc 1: j
        goto8 7
   32:  get_loc2 2: sum
        dup
        put_var global_res
        drop
        get_arg0 0: n
        push_4 4
        mul
        return

__tests__/fixtures/quickjs-tests/microbench.js:584:1: function: int_arith
  args: n
  locals:
    0: var i
    1: var j
    2: var sum
  stack_size: 3
  opcodes:
        push_0 0
        dup
        put_var global_res
        drop
        push_0 0
        put_loc1 1: j
   10:  get_loc1 1: j
        get_arg0 0: n
        lt
        if_false8 54
        push_0 0
        put_loc2 2: sum
        push_0 0
        put_loc0 0: i
   19:  get_loc0 0: i
        push_i16 1000
        lt
        if_false8 36
        get_loc2 2: sum
        get_loc0 0: i
        get_loc0 0: i
        mul
        add
        put_loc2 2: sum
        inc_loc 0: i
        goto8 19
   36:  get_var global_res
        get_loc2 2: sum
        add
        dup
        put_var global_res
        drop
        inc_loc 1: j
        goto8 10
   54:  get_arg0 0: n
        push_i16 1000
        mul
        return

__tests__/fixtures/quickjs-tests/microbench.js:596:1: function: float_arith
  args: n
  locals:
    0: var i
    1: var j
    2: var sum
    3: var a
    4: var incr
    5: var a0
  stack_size: 3
  opcodes:
        push_0 0
        dup
        put_var global_res
        drop
        push_const8 0: 0.1
        put_loc8 5: a0
        push_const8 1: 1.1
        put_loc8 4: incr
        push_0 0
        put_loc1 1: j
   18:  get_loc1 1: j
        get_arg0 0: n
        lt
        if_false8 69
        push_0 0
        put_loc2 2: sum
        get_loc8 5: a0
        put_loc3 3: a
        push_0 0
        put_loc0 0: i
   30:  get_loc0 0: i
        push_i16 1000
        lt
        if_false8 51
        get_loc2 2: sum
        get_loc3 3: a
        get_loc3 3: a
        mul
        add
        put_loc2 2: sum
        get_loc8 4: incr
        add_loc 3: a
        inc_loc 0: i
        goto8 30
   51:  get_var global_res
        get_loc2 2: sum
        add
        dup
        put_var global_res
        drop
        inc_loc 1: j
        goto8 18
   69:  get_arg0 0: n
        push_i16 1000
        mul
        return

__tests__/fixtures/quickjs-tests/microbench.js:612:1: function: bigint_arith
  args: n bits
  locals:
    0: var i
    1: var j
    2: var sum
    3: var a
    4: var incr
    5: var a0
    6: var sum0
  stack_size: 6
  opcodes:
        get_var BigInt
        push_0 0
        call1 1
        dup
        put_var global_res
        put_loc8 6: sum0
        get_var BigInt
        push_1 1
        call1 1
        get_var BigInt
        get_var Math
        get_field2 floor
        get_arg1 1: bits
        push_i8 10
        sub
        push_const8 0: 0.5
        mul
        call_method 1
        call1 1
        shl
        put_loc8 5: a0
        get_var BigInt
        push_1 1
        call1 1
        put_loc8 4: incr
        push_0 0
        put_loc1 1: j
   62:  get_loc1 1: j
        get_arg0 0: n
        lt
        if_false8 114
        get_loc8 6: sum0
        put_loc2 2: sum
        get_loc8 5: a0
        put_loc3 3: a
        push_0 0
        put_loc0 0: i
   75:  get_loc0 0: i
        push_i16 1000
        lt
        if_false8 96
        get_loc2 2: sum
        get_loc3 3: a
        get_loc3 3: a
        mul
        add
        put_loc2 2: sum
        get_loc8 4: incr
        add_loc 3: a
        inc_loc 0: i
        goto8 75
   96:  get_var global_res
        get_loc2 2: sum
        add
        dup
        put_var global_res
        drop
        inc_loc 1: j
        goto8 62
  114:  get_arg0 0: n
        push_i16 1000
        mul
        return

__tests__/fixtures/quickjs-tests/microbench.js:628:1: function: bigint32_arith
  args: n
  stack_size: 3
  opcodes:
        get_var bigint_arith
        get_arg0 0: n
        push_i8 32
        tail_call 2

__tests__/fixtures/quickjs-tests/microbench.js:631:1: function: bigint64_arith
  args: n
  stack_size: 3
  opcodes:
        get_var bigint_arith
        get_arg0 0: n
        push_i8 64
        tail_call 2

__tests__/fixtures/quickjs-tests/microbench.js:634:1: function: bigint256_arith
  args: n
  stack_size: 3
  opcodes:
        get_var bigint_arith
        get_arg0 0: n
        push_i16 256
        tail_call 2

__tests__/fixtures/quickjs-tests/microbench.js:637:1: function: map_set_string
  args: n
  locals:
    0: var s
    1: var i
    2: var j
    3: var len
  stack_size: 4
  opcodes:
        push_i16 1000
        put_loc3 3: len
        push_0 0
        put_loc2 2: j
    6:  get_loc2 2: j
        get_arg0 0: n
        lt
        if_false8 96
        get_var Map
        dup
        call_constructor 0
        put_loc0 0: s
        push_0 0
        put_loc1 1: i
   23:  get_loc1 1: i
        get_loc3 3: len
        lt
        if_false8 50
        get_loc0 0: s
        get_field2 set
        get_var String
        get_loc1 1: i
        call1 1
        get_loc1 1: i
        call_method 2
        drop
        inc_loc 1: i
        goto8 23
   50:  push_0 0
        put_loc1 1: i
   52:  get_loc1 1: i
        get_loc3 3: len
        lt
        if_false8 92
        get_loc0 0: s
        get_field2 has
        get_var String
        get_loc1 1: i
        call1 1
        call_method 1
        lnot
        if_false8 88
        get_var Error
        push_atom_value "bug in Map"
        call1 1
        throw
   88:  inc_loc 1: i
        goto8 52
   92:  inc_loc 2: j
        goto8 6
   96:  get_arg0 0: n
        get_loc3 3: len
        mul
        return

__tests__/fixtures/quickjs-tests/microbench.js:651:1: function: map_set_int
  args: n
  locals:
    0: var s
    1: var i
    2: var j
    3: var len
  stack_size: 4
  opcodes:
        push_i16 1000
        put_loc3 3: len
        push_0 0
        put_loc2 2: j
    6:  get_loc2 2: j
        get_arg0 0: n
        lt
        if_false8 84
        get_var Map
        dup
        call_constructor 0
        put_loc0 0: s
        push_0 0
        put_loc1 1: i
   23:  get_loc1 1: i
        get_loc3 3: len
        lt
        if_false8 44
        get_loc0 0: s
        get_field2 set
        get_loc1 1: i
        get_loc1 1: i
        call_method 2
        drop
        inc_loc 1: i
        goto8 23
   44:  push_0 0
        put_loc1 1: i
   46:  get_loc1 1: i
        get_loc3 3: len
        lt
        if_false8 80
        get_loc0 0: s
        get_field2 has
        get_loc1 1: i
        call_method 1
        lnot
        if_false8 76
        get_var Error
        push_atom_value "bug in Map"
        call1 1
        throw
   76:  inc_loc 1: i
        goto8 46
   80:  inc_loc 2: j
        goto8 6
   84:  get_arg0 0: n
        get_loc3 3: len
        mul
        return

__tests__/fixtures/quickjs-tests/microbench.js:665:1: function: map_set_bigint
  args: n
  locals:
    0: var s
    1: var i
    2: var j
    3: var len
  stack_size: 4
  opcodes:
        push_i16 1000
        put_loc3 3: len
        push_0 0
        put_loc2 2: j
    6:  get_loc2 2: j
        get_arg0 0: n
        lt
        if_false8 96
        get_var Map
        dup
        call_constructor 0
        put_loc0 0: s
        push_0 0
        put_loc1 1: i
   23:  get_loc1 1: i
        get_loc3 3: len
        lt
        if_false8 50
        get_loc0 0: s
        get_field2 set
        get_var BigInt
        get_loc1 1: i
        call1 1
        get_loc1 1: i
        call_method 2
        drop
        inc_loc 1: i
        goto8 23
   50:  push_0 0
        put_loc1 1: i
   52:  get_loc1 1: i
        get_loc3 3: len
        lt
        if_false8 92
        get_loc0 0: s
        get_field2 has
        get_var BigInt
        get_loc1 1: i
        call1 1
        call_method 1
        lnot
        if_false8 88
        get_var Error
        push_atom_value "bug in Map"
        call1 1
        throw
   88:  inc_loc 1: i
        goto8 52
   92:  inc_loc 2: j
        goto8 6
   96:  get_arg0 0: n
        get_loc3 3: len
        mul
        return

__tests__/fixtures/quickjs-tests/microbench.js:679:1: function: map_delete
  args: n
  locals:
    0: var a
    1: var i
    2: var j
  stack_size: 4
  opcodes:
        push_i16 1000
        dup
        put_var len
        drop
        push_0 0
        put_loc2 2: j
   12:  get_loc2 2: j
        get_arg0 0: n
        lt
        if_false8 96
        get_var Map
        dup
        call_constructor 0
        put_loc0 0: a
        push_0 0
        put_loc1 1: i
   29:  get_loc1 1: i
        get_var len
        lt
        if_false8 60
        get_loc0 0: a
        get_field2 set
        get_var String
        get_loc1 1: i
        call1 1
        get_loc1 1: i
        call_method 2
        drop
        inc_loc 1: i
        goto8 29
   60:  push_0 0
        put_loc1 1: i
   62:  get_loc1 1: i
        get_var len
        lt
        if_false8 92
        get_loc0 0: a
        get_field2 delete
        get_var String
        get_loc1 1: i
        call1 1
        call_method 1
        drop
        inc_loc 1: i
        goto8 62
   92:  inc_loc 2: j
        goto8 12
   96:  get_var len
        get_arg0 0: n
        mul
        return

__tests__/fixtures/quickjs-tests/microbench.js:693:1: function: weak_map_set
  args: n
  locals:
    0: var a
    1: var i
    2: var j
    3: var tab
  stack_size: 4
  opcodes:
        push_i16 1000
        dup
        put_var len
        drop
        array_from 0
        put_loc3 3: tab
        push_0 0
        put_loc1 1: i
   16:  get_loc1 1: i
        get_var len
        lt
        if_false8 46
        get_loc3 3: tab
        get_field2 push
        object
        get_loc1 1: i
        define_field key
        call_method 1
        drop
        inc_loc 1: i
        goto8 16
   46:  push_0 0
        put_loc2 2: j
   48:  get_loc2 2: j
        get_arg0 0: n
        lt
        if_false8 96
        get_var WeakMap
        dup
        call_constructor 0
        put_loc0 0: a
        push_0 0
        put_loc1 1: i
   65:  get_loc1 1: i
        get_var len
        lt
        if_false8 92
        get_loc0 0: a
        get_field2 set
        get_loc3 3: tab
        get_loc1 1: i
        get_array_el
        get_loc1 1: i
        call_method 2
        drop
        inc_loc 1: i
        goto8 65
   92:  inc_loc 2: j
        goto8 48
   96:  get_var len
        get_arg0 0: n
        mul
        return

__tests__/fixtures/quickjs-tests/microbench.js:708:1: function: weak_map_delete
  args: n
  locals:
    0: var a
    1: var i
    2: var j
    3: var tab
  stack_size: 4
  opcodes:
        push_i16 1000
        dup
        put_var len
        drop
        push_0 0
        put_loc2 2: j
   12:  get_loc2 2: j
        get_arg0 0: n
        lt
        if_false8 115
        array_from 0
        put_loc3 3: tab
        push_0 0
        put_loc1 1: i
   23:  get_loc1 1: i
        get_var len
        lt
        if_false8 53
        get_loc3 3: tab
        get_field2 push
        object
        get_loc1 1: i
        define_field key
        call_method 1
        drop
        inc_loc 1: i
        goto8 23
   53:  get_var WeakMap
        dup
        call_constructor 0
        put_loc0 0: a
        push_0 0
        put_loc1 1: i
   65:  get_loc1 1: i
        get_var len
        lt
        if_false8 92
        get_loc0 0: a
        get_field2 set
        get_loc3 3: tab
        get_loc1 1: i
        get_array_el
        get_loc1 1: i
        call_method 2
        drop
        inc_loc 1: i
        goto8 65
   92:  push_0 0
        put_loc1 1: i
   94:  get_loc1 1: i
        get_var len
        lt
        if_false8 111
        get_loc3 3: tab
        get_loc1 1: i
        null
        put_array_el
        inc_loc 1: i
        goto8 94
  111:  inc_loc 2: j
        goto8 12
  115:  get_var len
        get_arg0 0: n
        mul
        return

__tests__/fixtures/quickjs-tests/microbench.js:726:1: function: array_for
  args: n
  locals:
    0: var r
    1: var i
    2: var j
    3: var sum
    4: var len
  stack_size: 3
  opcodes:
        push_i8 100
        put_loc8 4: len
        array_from 0
        put_loc0 0: r
        push_0 0
        put_loc1 1: i
   10:  get_loc1 1: i
        get_loc8 4: len
        lt
        if_false8 24
        get_loc0 0: r
        get_loc1 1: i
        get_loc1 1: i
        put_array_el
        inc_loc 1: i
        goto8 10
   24:  push_0 0
        put_loc2 2: j
   26:  get_loc2 2: j
        get_arg0 0: n
        lt
        if_false8 63
        push_0 0
        put_loc3 3: sum
        push_0 0
        put_loc1 1: i
   35:  get_loc1 1: i
        get_loc8 4: len
        lt
        if_false8 51
        get_loc3 3: sum
        get_loc0 0: r
        get_loc1 1: i
        get_array_el
        add
        put_loc3 3: sum
        inc_loc 1: i
        goto8 35
   51:  get_loc3 3: sum
        dup
        put_var global_res
        drop
        inc_loc 2: j
        goto8 26
   63:  get_arg0 0: n
        get_loc8 4: len
        mul
        return

__tests__/fixtures/quickjs-tests/microbench.js:740:1: function: array_for_in
  args: n
  locals:
    0: var r
    1: var i
    2: var j
    3: var sum
    4: var len
  stack_size: 4
  opcodes:
        push_i8 100
        put_loc8 4: len
        array_from 0
        put_loc0 0: r
        push_0 0
        put_loc1 1: i
   10:  get_loc1 1: i
        get_loc8 4: len
        lt
        if_false8 24
        get_loc0 0: r
        get_loc1 1: i
        get_loc1 1: i
        put_array_el
        inc_loc 1: i
        goto8 10
   24:  push_0 0
        put_loc2 2: j
   26:  get_loc2 2: j
        get_arg0 0: n
        lt
        if_false8 61
        push_0 0
        put_loc3 3: sum
        get_loc0 0: r
        for_in_start
        goto8 44
   37:  put_loc1 1: i
        get_loc3 3: sum
        get_loc0 0: r
        get_loc1 1: i
        get_array_el
        add
        put_loc3 3: sum
   44:  for_in_next
        if_false8 37
        drop
        drop
        get_loc3 3: sum
        dup
        put_var global_res
        drop
        inc_loc 2: j
        goto8 26
   61:  get_arg0 0: n
        get_loc8 4: len
        mul
        return

__tests__/fixtures/quickjs-tests/microbench.js:754:1: function: array_for_of
  args: n
  locals:
    0: var r
    1: var i
    2: var j
    3: var sum
    4: var len
  stack_size: 5
  opcodes:
        push_i8 100
        put_loc8 4: len
        array_from 0
        put_loc0 0: r
        push_0 0
        put_loc1 1: i
   10:  get_loc1 1: i
        get_loc8 4: len
        lt
        if_false8 24
        get_loc0 0: r
        get_loc1 1: i
        get_loc1 1: i
        put_array_el
        inc_loc 1: i
        goto8 10
   24:  push_0 0
        put_loc2 2: j
   26:  get_loc2 2: j
        get_arg0 0: n
        lt
        if_false8 59
        push_0 0
        put_loc3 3: sum
        get_loc0 0: r
        for_of_start
        goto8 41
   37:  put_loc1 1: i
        get_loc1 1: i
        add_loc 3: sum
   41:  for_of_next 0
        if_false8 37
        drop
        iterator_close
        get_loc3 3: sum
        dup
        put_var global_res
        drop
        inc_loc 2: j
        goto8 26
   59:  get_arg0 0: n
        get_loc8 4: len
        mul
        return

__tests__/fixtures/quickjs-tests/microbench.js:768:1: function: math_min
  args: n
  locals:
    0: var i
    1: var j
    2: var r
  stack_size: 4
  opcodes:
        push_0 0
        put_loc2 2: r
        push_0 0
        put_loc1 1: j
    4:  get_loc1 1: j
        get_arg0 0: n
        lt
        if_false8 52
        push_0 0
        put_loc0 0: i
   11:  get_loc0 0: i
        push_i16 1000
        lt
        if_false8 40
        get_var Math
        get_field2 min
        get_loc0 0: i
        push_i16 500
        call_method 2
        put_loc2 2: r
        inc_loc 0: i
        goto8 11
   40:  get_loc2 2: r
        dup
        put_var global_res
        drop
        inc_loc 1: j
        goto8 4
   52:  get_arg0 0: n
        push_i16 1000
        mul
        return

__tests__/fixtures/quickjs-tests/microbench.js:1:1: function: <eval>
  locals:
    0: var <ret>
  stack_size: 5
  opcodes:
        check_define_var fs,0
        check_define_var pad,64
        check_define_var pad_left,64
        check_define_var pad_center,64
        check_define_var ref_data,0
        check_define_var log_data,0
        check_define_var heads,0
        check_define_var widths,0
        check_define_var precs,0
        check_define_var total,0
        check_define_var total_score,0
        check_define_var total_scale,0
        check_define_var log_line,64
        check_define_var clocks_per_sec,0
        check_define_var max_iterations,0
        check_define_var clock_threshold,0
        check_define_var min_n_argument,0
        check_define_var get_clock,0
        check_define_var log_one,64
        check_define_var bench,64
        check_define_var global_res,0
        check_define_var empty_loop,64
        check_define_var empty_down_loop,64
        check_define_var empty_down_loop2,64
        check_define_var empty_do_loop,64
        check_define_var date_now,64
        check_define_var date_parse,64
        check_define_var prop_read,64
        check_define_var prop_write,64
        check_define_var prop_update,64
        check_define_var prop_create,64
        check_define_var prop_clone,64
        check_define_var prop_delete,64
        check_define_var array_read,64
        check_define_var array_write,64
        check_define_var array_prop_create,64
        check_define_var array_slice,64
        check_define_var array_length_decr,64
        check_define_var array_hole_length_decr,64
        check_define_var array_push,64
        check_define_var array_pop,64
        check_define_var typed_array_read,64
        check_define_var typed_array_write,64
        check_define_var global_var0,0
        check_define_var global_read,64
        check_define_var global_write,0
        check_define_var global_write_strict,64
        check_define_var local_destruct,64
        check_define_var global_v1,0
        check_define_var global_v2,0
        check_define_var global_v3,0
        check_define_var global_v4,0
        check_define_var global_a,0
        check_define_var global_b,0
        check_define_var global_c,0
        check_define_var global_d,0
        check_define_var global_destruct,0
        check_define_var global_destruct_strict,64
        check_define_var g,64
        check_define_var global_func_call,64
        check_define_var func_call,64
        check_define_var func_closure_call,64
        check_define_var int_arith,64
        check_define_var float_arith,64
        check_define_var bigint_arith,64
        check_define_var bigint32_arith,64
        check_define_var bigint64_arith,64
        check_define_var bigint256_arith,64
        check_define_var map_set_string,64
        check_define_var map_set_int,64
        check_define_var map_set_bigint,64
        check_define_var map_delete,64
        check_define_var weak_map_set,64
        check_define_var weak_map_delete,64
        check_define_var array_for,64
        check_define_var array_for_in,64
        check_define_var array_for_of,64
        check_define_var math_min,64
        define_var fs,0
        fclosure8 0: [bytecode pad]
        define_func pad,0
        fclosure8 1: [bytecode pad_left]
        define_func pad_left,0
        fclosure8 2: [bytecode pad_center]
        define_func pad_center,0
        define_var ref_data,0
        define_var log_data,0
        define_var heads,0
        define_var widths,0
        define_var precs,0
        define_var total,0
        define_var total_score,0
        define_var total_scale,0
        fclosure8 3: [bytecode log_line]
        define_func log_line,0
        define_var clocks_per_sec,0
        define_var max_iterations,0
        define_var clock_threshold,0
        define_var min_n_argument,0
        define_var get_clock,0
        fclosure8 6: [bytecode log_one]
        define_func log_one,0
        fclosure8 7: [bytecode bench]
        define_func bench,0
        define_var global_res,0
        fclosure8 8: [bytecode empty_loop]
        define_func empty_loop,0
        fclosure8 9: [bytecode empty_down_loop]
        define_func empty_down_loop,0
        fclosure8 10: [bytecode empty_down_loop2]
        define_func empty_down_loop2,0
        fclosure8 11: [bytecode empty_do_loop]
        define_func empty_do_loop,0
        fclosure8 12: [bytecode date_now]
        define_func date_now,0
        fclosure8 13: [bytecode date_parse]
        define_func date_parse,0
        fclosure8 14: [bytecode prop_read]
        define_func prop_read,0
        fclosure8 15: [bytecode prop_write]
        define_func prop_write,0
        fclosure8 16: [bytecode prop_update]
        define_func prop_update,0
        fclosure8 17: [bytecode prop_create]
        define_func prop_create,0
        fclosure8 18: [bytecode prop_clone]
        define_func prop_clone,0
        fclosure8 19: [bytecode prop_delete]
        define_func prop_delete,0
        fclosure8 20: [bytecode array_read]
        define_func array_read,0
        fclosure8 21: [bytecode array_write]
        define_func array_write,0
        fclosure8 22: [bytecode array_prop_create]
        define_func array_prop_create,0
        fclosure8 23: [bytecode array_slice]
        define_func array_slice,0
        fclosure8 24: [bytecode array_length_decr]
        define_func array_length_decr,0
        fclosure8 25: [bytecode array_hole_length_decr]
        define_func array_hole_length_decr,0
        fclosure8 26: [bytecode array_push]
        define_func array_push,0
        fclosure8 27: [bytecode array_pop]
        define_func array_pop,0
        fclosure8 28: [bytecode typed_array_read]
        define_func typed_array_read,0
        fclosure8 29: [bytecode typed_array_write]
        define_func typed_array_write,0
        define_var global_var0,0
        fclosure8 30: [bytecode global_read]
        define_func global_read,0
        define_var global_write,0
        fclosure8 31: [bytecode global_write_strict]
        define_func global_write_strict,0
        fclosure8 32: [bytecode local_destruct]
        define_func local_destruct,0
        define_var global_v1,0
        define_var global_v2,0
        define_var global_v3,0
        define_var global_v4,0
        define_var global_a,0
        define_var global_b,0
        define_var global_c,0
        define_var global_d,0
        define_var global_destruct,0
        fclosure8 33: [bytecode global_destruct_strict]
        define_func global_destruct_strict,0
        fclosure8 34: [bytecode g]
        define_func g,0
        fclosure8 35: [bytecode global_func_call]
        define_func global_func_call,0
        fclosure8 36: [bytecode func_call]
        define_func func_call,0
        fclosure8 37: [bytecode func_closure_call]
        define_func func_closure_call,0
        fclosure8 38: [bytecode int_arith]
        define_func int_arith,0
        fclosure8 39: [bytecode float_arith]
        define_func float_arith,0
        fclosure8 40: [bytecode bigint_arith]
        define_func bigint_arith,0
        fclosure8 41: [bytecode bigint32_arith]
        define_func bigint32_arith,0
        fclosure8 42: [bytecode bigint64_arith]
        define_func bigint64_arith,0
        fclosure8 43: [bytecode bigint256_arith]
        define_func bigint256_arith,0
        fclosure8 44: [bytecode map_set_string]
        define_func map_set_string,0
        fclosure8 45: [bytecode map_set_int]
        define_func map_set_int,0
        fclosure8 46: [bytecode map_set_bigint]
        define_func map_set_bigint,0
        fclosure8 47: [bytecode map_delete]
        define_func map_delete,0
        fclosure8 48: [bytecode weak_map_set]
        define_func weak_map_set,0
        fclosure8 49: [bytecode weak_map_delete]
        define_func weak_map_delete,0
        fclosure8 50: [bytecode array_for]
        define_func array_for,0
        fclosure8 51: [bytecode array_for_in]
        define_func array_for_in,0
        fclosure8 52: [bytecode array_for_of]
        define_func array_for_of,0
        fclosure8 53: [bytecode math_min]
        define_func math_min,0
        undefined
        put_loc0 0: "<ret>"
        get_var_undef require
        typeof_is_undefined
        if_true8 1066
        get_var require
        push_atom_value fs
        call1 1
        put_var fs
 1066:  push_atom_value TEST
        push_atom_value N
        push_atom_value "TIME (ns)"
        push_atom_value "REF (ns)"
        push_atom_value "SCORE (1000)"
        array_from 5
        put_var heads
        push_i8 22
        push_i8 10
        push_i8 9
        push_i8 9
        push_i8 9
        array_from 5
        put_var widths
        push_0 0
        push_0 0
        push_2 2
        push_2 2
        push_0 0
        array_from 5
        put_var precs
        push_0 0
        push_0 0
        push_0 0
        push_0 0
        push_0 0
        array_from 5
        put_var total
        push_0 0
        put_var total_score
        push_0 0
        put_var total_scale
        push_i16 1000
        put_var clocks_per_sec
        push_i8 100
        put_var max_iterations
        push_2 2
        put_var clock_threshold
        push_1 1
        put_var min_n_argument
        undefined
        put_loc0 0: "<ret>"
        get_var_undef performance
        typeof_is_undefined
        if_true8 1208
        fclosure8 4: [bytecode <null>]
        set_name get_clock
        dup
        put_var get_clock
        put_loc0 0: "<ret>"
        goto8 1251
 1208:  undefined
        put_loc0 0: "<ret>"
        get_var_undef os
        typeof_is_undefined
        if_true8 1237
        get_var os
        get_field now
        dup
        put_var get_clock
        put_loc0 0: "<ret>"
        goto8 1251
 1237:  fclosure8 5: [bytecode <null>]
        set_name get_clock
        dup
        put_var get_clock
        put_loc0 0: "<ret>"
 1251:  get_var eval
        push_atom_value "(function global_write(n)\n           {\n               var j;\n               for(j = 0; j < n; j++) {\n                   global_var0 = j;\n                   global_var0 = j;\n                   global_var0 = j;\n                   global_var0 = j;\n               }\n               return n * 4;\n           })"
        call1 1
        put_var global_write
        get_var eval
        push_atom_value "(function global_destruct(n)\n           {\n               var j, v1, v2, v3, v4;\n               var array = [ 1, 2, 3, 4, 5 ];\n               var o = { a:1, b:2, c:3, d:4 };\n               var a, b, c, d;\n               for(j = 0; j < n; j++) {\n                   [ global_v1, global_v2,, global_v3, ...global_v4] = array;\n                   ({ a: global_a, b: global_b, c: global_c, d: global_d } = o);\n               }\n               return n * 8;\n          })"
        call1 1
        put_var global_destruct
        get_loc0 0: "<ret>"
        return

