__tests__/fixtures_generated/complex-036.js:2:8: function: f36
  mode: strict
  args: x
  stack_size: 2
  opcodes:
        get_arg0 0: x
        push_i8 36
        add
        return

__tests__/fixtures_generated/complex-036.js:1:1: function: <eval>
  mode: strict
  closure vars:
    0: f36 local:loc0 var
    1: v36 local:loc1 const
  stack_size: 3
  opcodes:
        push_this
        if_false8 7
        fclosure8 0: [bytecode f36]
        put_var_ref0 0: f36
        return_undef
    7:  get_var_ref0 0: f36
        push_1 1
        call1 1
        put_var_ref1 1: v36
        get_var console
        get_field2 log
        get_var_ref_check 1: v36
        call_method 1
        drop
        undefined
        return_async

