[QTS:SCOPE] push: level=1 first_var=-1
[QTS:SCOPE] enter: idx=1 is_body=0
[QTS:EMIT] pos=0 op=182
[QTS:EMIT] pos=1 u16=0x0001 (1)
[QTS:SCOPE] push: level=2 first_var=-1
[QTS:SCOPE] enter: idx=2 is_body=0
[QTS:EMIT] pos=3 op=182
[QTS:EMIT] pos=4 u16=0x0002 (2)
[QTS:EMIT] pos=6 op=1
[QTS:EMIT] pos=7 u32=0x00000000 (0)
[QTS:EMIT] pos=11 op=191
[QTS:EMIT] pos=12 atom=472
[QTS:EMIT] pos=16 u16=0x0002 (2)
[QTS:EMIT] pos=18 op=183
[QTS:EMIT] pos=19 u16=0x0002 (2)
[QTS:EMIT] pos=21 op=184
[QTS:EMIT] pos=22 u32=0x00000000 (0)
[QTS:EMIT] pos=26 op=200
[QTS:EMIT] pos=27 u32=0x00000010 (16)
[QTS:EMIT] pos=31 op=186
[QTS:EMIT] pos=32 u32=0x000001d8 (472)
[QTS:EMIT] pos=36 u16=0x0002 (2)
[QTS:EMIT] pos=38 op=1
[QTS:EMIT] pos=39 u32=0x00000003 (3)
[QTS:EMIT] pos=43 op=200
[QTS:EMIT] pos=44 u32=0x00000012 (18)
[QTS:EMIT] pos=48 op=165
[QTS:EMIT] pos=49 op=108
[QTS:EMIT] pos=50 u32=0x00000003 (3)
[QTS:EMIT] pos=54 op=110
[QTS:EMIT] pos=55 u32=0x00000002 (2)
[QTS:EMIT] pos=59 op=184
[QTS:EMIT] pos=60 u32=0x00000001 (1)
[QTS:EMIT] pos=64 op=200
[QTS:EMIT] pos=65 u32=0x00000017 (23)
[QTS:EMIT] pos=69 op=186
[QTS:EMIT] pos=70 u32=0x000001d8 (472)
[QTS:EMIT] pos=74 u16=0x0002 (2)
[QTS:EMIT] pos=69 op=189
[QTS:EMIT] pos=70 atom=472
[QTS:EMIT] pos=74 u32=0x00000004 (4)
[QTS:EMIT] pos=78 u16=0x0002 (2)
[QTS:EMIT] pos=80 op=61
[QTS:EMIT] pos=81 op=200
[QTS:EMIT] pos=82 u32=0x00000018 (24)
[QTS:EMIT] pos=86 op=147
[QTS:EMIT] pos=87 op=184
[QTS:EMIT] pos=88 u32=0x00000004 (4)
[QTS:EMIT] pos=92 op=25
[QTS:EMIT] pos=93 op=62
[QTS:EMIT] pos=94 op=14
[QTS:EMIT] pos=95 op=110
[QTS:EMIT] pos=96 u32=0x00000000 (0)
[QTS:EMIT] pos=100 op=184
[QTS:EMIT] pos=101 u32=0x00000002 (2)
[QTS:SCOPE] push: level=3 first_var=0
[QTS:SCOPE] enter: idx=3 is_body=0
[QTS:EMIT] pos=105 op=182
[QTS:EMIT] pos=106 u16=0x0003 (3)
[QTS:EMIT] pos=108 op=200
[QTS:EMIT] pos=109 u32=0x00000022 (34)
[QTS:EMIT] pos=113 op=186
[QTS:EMIT] pos=114 u32=0x000001d9 (473)
[QTS:EMIT] pos=118 u16=0x0003 (3)
[QTS:EMIT] pos=120 op=200
[QTS:EMIT] pos=121 u32=0x00000029 (41)
[QTS:EMIT] pos=125 op=66
[QTS:EMIT] pos=126 atom=474
[QTS:EMIT] pos=130 op=200
[QTS:EMIT] pos=131 u32=0x0000002e (46)
[QTS:EMIT] pos=135 op=186
[QTS:EMIT] pos=136 u32=0x000001d8 (472)
[QTS:EMIT] pos=140 u16=0x0003 (3)
[QTS:EMIT] pos=142 op=200
[QTS:EMIT] pos=143 u32=0x0000002d (45)
[QTS:EMIT] pos=147 op=36
[QTS:EMIT] pos=148 u16=0x0001 (1)
[QTS:EMIT] pos=150 op=14
[QTS:SCOPE] leave: idx=3
[QTS:SCOPE] pop: level=3
[QTS:EMIT] pos=151 op=183
[QTS:EMIT] pos=152 u16=0x0003 (3)
[QTS:EMIT] pos=154 op=183
[QTS:EMIT] pos=155 u16=0x0002 (2)
[QTS:EMIT] pos=198 op=184
[QTS:EMIT] pos=199 u32=0x00000003 (3)
[QTS:SCOPE] leave: idx=2
[QTS:SCOPE] pop: level=2
[QTS:EMIT] pos=203 op=183
[QTS:EMIT] pos=204 u16=0x0002 (2)
[QTS:EMIT] pos=206 op=6
[QTS:EMIT] pos=207 op=47
