__tests__/fixtures_generated/complex-074.js:2:8: function: f74
  mode: strict
  args: x
  stack_size: 2
  opcodes:
        get_arg0 0: x
        push_i8 74
        add
        return

__tests__/fixtures_generated/complex-074.js:1:1: function: <eval>
  mode: strict
  closure vars:
    0: f74 local:loc0 var
    1: v74 local:loc1 const
  stack_size: 3
  opcodes:
        push_this
        if_false8 7
        fclosure8 0: [bytecode f74]
        put_var_ref0 0: f74
        return_undef
    7:  get_var_ref0 0: f74
        push_1 1
        call1 1
        put_var_ref1 1: v74
        get_var console
        get_field2 log
        get_var_ref_check 1: v74
        call_method 1
        drop
        undefined
        return_async

