__tests__/fixtures/try-catch.js:1:1: function: <eval>
  locals:
    0: var <ret>
    1: catch e [level:3 next:-1]
    2: var <ret>
  stack_size: 5
  opcodes:
        undefined
        put_loc0 0: "<ret>"
        catch 32
        get_var console
        get_field2 log
        push_atom_value try
        call_method 1
        put_loc0 0: "<ret>"
        push_atom_value error
        throw
   32:  put_loc1 1: e
        catch 68
        get_var console
        get_field2 log
        push_atom_value catch
        get_loc1 1: e
        call_method 2
        put_loc0 0: "<ret>"
        drop
        undefined
        gosub 74
        drop
        goto8 100
   68:  gosub 74
        throw
   74:  get_loc0 0: "<ret>"
        put_loc2 2: "<ret>"
        undefined
        put_loc0 0: "<ret>"
        get_var console
        get_field2 log
        push_atom_value finally
        call_method 1
        put_loc0 0: "<ret>"
        get_loc2 2: "<ret>"
        put_loc0 0: "<ret>"
        ret
  100:  get_loc0 0: "<ret>"
        return

