[QTS:EMIT] pos=0 op=182
[QTS:EMIT] pos=1 u16=0x0001 (1)
[QTS:EMIT] pos=3 op=200
[QTS:EMIT] pos=4 u32=0x00000db1 (3505)
[QTS:EMIT] pos=8 op=186
[QTS:EMIT] pos=9 atom=231
[QTS:EMIT] pos=13 u16=0x0001 (1)
[QTS:EMIT] pos=15 op=17
[QTS:EMIT] pos=16 op=4
[QTS:EMIT] pos=17 u32=0x000000e8 (232)
[QTS:EMIT] pos=21 op=1
[QTS:EMIT] pos=22 u32=0x0006ddd0 (450000)
[QTS:EMIT] pos=26 op=38
[QTS:EMIT] pos=27 u16=0x0001 (1)
[QTS:EMIT] pos=29 op=200
[QTS:EMIT] pos=30 u32=0x00000de0 (3552)
[QTS:EMIT] pos=34 op=186
[QTS:EMIT] pos=35 atom=230
[QTS:EMIT] pos=39 u16=0x0001 (1)
[QTS:EMIT] pos=41 op=17
[QTS:EMIT] pos=42 op=4
[QTS:EMIT] pos=43 u32=0x000000e9 (233)
[QTS:EMIT] pos=47 op=9
[QTS:EMIT] pos=48 op=9
[QTS:EMIT] pos=49 op=1
[QTS:EMIT] pos=50 u32=0x00000640 (1600)
[QTS:EMIT] pos=54 op=200
[QTS:EMIT] pos=55 u32=0x00000e11 (3601)
[QTS:EMIT] pos=59 op=186
[QTS:EMIT] pos=60 atom=234
[QTS:EMIT] pos=64 u16=0x0001 (1)
[QTS:EMIT] pos=66 op=200
[QTS:EMIT] pos=67 u32=0x00000e25 (3621)
[QTS:EMIT] pos=71 op=186
[QTS:EMIT] pos=72 atom=235
[QTS:EMIT] pos=76 u16=0x0001 (1)
[QTS:EMIT] pos=78 op=200
[QTS:EMIT] pos=79 u32=0x00000e34 (3636)
[QTS:EMIT] pos=83 op=186
[QTS:EMIT] pos=84 atom=236
[QTS:EMIT] pos=88 u16=0x0001 (1)
[QTS:EMIT] pos=90 op=7
[QTS:EMIT] pos=91 op=1
[QTS:EMIT] pos=92 u32=0x00000010 (16)
[QTS:EMIT] pos=96 op=200
[QTS:EMIT] pos=97 u32=0x00000de9 (3561)
[QTS:EMIT] pos=101 op=33
[QTS:EMIT] pos=102 u16=0x0009 (9)
[QTS:EMIT] pos=104 op=200
[QTS:EMIT] pos=105 u32=0x00000e59 (3673)
[QTS:EMIT] pos=109 op=186
[QTS:EMIT] pos=110 atom=230
[QTS:EMIT] pos=114 u16=0x0001 (1)
[QTS:EMIT] pos=116 op=17
[QTS:EMIT] pos=117 op=4
[QTS:EMIT] pos=118 u32=0x000000ed (237)
[QTS:EMIT] pos=122 op=9
[QTS:EMIT] pos=123 op=9
[QTS:EMIT] pos=124 op=1
[QTS:EMIT] pos=125 u32=0x00000064 (100)
[QTS:EMIT] pos=129 op=200
[QTS:EMIT] pos=130 u32=0x00000e88 (3720)
[QTS:EMIT] pos=134 op=186
[QTS:EMIT] pos=135 atom=238
[QTS:EMIT] pos=139 u16=0x0001 (1)
[QTS:EMIT] pos=141 op=200
[QTS:EMIT] pos=142 u32=0x00000e9b (3739)
[QTS:EMIT] pos=146 op=186
[QTS:EMIT] pos=147 atom=235
[QTS:EMIT] pos=151 u16=0x0001 (1)
[QTS:EMIT] pos=153 op=200
[QTS:EMIT] pos=154 u32=0x00000eaa (3754)
[QTS:EMIT] pos=158 op=186
[QTS:EMIT] pos=159 atom=236
[QTS:EMIT] pos=163 u16=0x0001 (1)
[QTS:EMIT] pos=165 op=7
[QTS:EMIT] pos=166 op=1
[QTS:EMIT] pos=167 u32=0x00000010 (16)
[QTS:EMIT] pos=171 op=200
[QTS:EMIT] pos=172 u32=0x00000e62 (3682)
[QTS:EMIT] pos=176 op=33
[QTS:EMIT] pos=177 u16=0x0009 (9)
[QTS:EMIT] pos=179 op=38
[QTS:EMIT] pos=180 u16=0x0002 (2)
[QTS:EMIT] pos=182 op=200
[QTS:EMIT] pos=183 u32=0x00000dbf (3519)
[QTS:EMIT] pos=187 op=33
[QTS:EMIT] pos=188 u16=0x0003 (3)
[QTS:EMIT] pos=190 op=187
[QTS:EMIT] pos=191 u32=0x000000e8 (232)
[QTS:EMIT] pos=195 u16=0x0001 (1)
[QTS:EMIT] pos=0 op=182
[QTS:EMIT] pos=1 u16=0x0001 (1)
[QTS:EMIT] pos=3 op=200
[QTS:EMIT] pos=4 u32=0x00000f05 (3845)
[QTS:EMIT] pos=8 op=1
[QTS:EMIT] pos=9 u32=0x00000000 (0)
[QTS:EMIT] pos=13 op=17
[QTS:EMIT] pos=14 op=187
[QTS:EMIT] pos=15 u32=0x000000ef (239)
[QTS:EMIT] pos=19 u16=0x0001 (1)
[QTS:EMIT] pos=21 op=14
[QTS:EMIT] pos=22 op=200
[QTS:EMIT] pos=23 u32=0x00000f13 (3859)
[QTS:EMIT] pos=27 op=200
[QTS:EMIT] pos=28 u32=0x00000f22 (3874)
[QTS:EMIT] pos=32 op=186
[QTS:EMIT] pos=33 atom=60
[QTS:EMIT] pos=37 u16=0x0001 (1)
[QTS:EMIT] pos=39 op=17
[QTS:EMIT] pos=40 op=187
[QTS:EMIT] pos=41 u32=0x000000f0 (240)
[QTS:EMIT] pos=45 u16=0x0001 (1)
[QTS:EMIT] pos=47 op=14
[QTS:EMIT] pos=48 op=41
[QTS:EMIT] pos=0 op=182
[QTS:EMIT] pos=1 u16=0x0001 (1)
[QTS:EMIT] pos=3 op=200
[QTS:EMIT] pos=4 u32=0x00000f4c (3916)
[QTS:EMIT] pos=8 op=7
[QTS:EMIT] pos=9 op=17
[QTS:EMIT] pos=10 op=187
[QTS:EMIT] pos=11 u32=0x000000ef (239)
[QTS:EMIT] pos=15 u16=0x0001 (1)
[QTS:EMIT] pos=17 op=14
[QTS:EMIT] pos=18 op=200
[QTS:EMIT] pos=19 u32=0x00000f5d (3933)
[QTS:EMIT] pos=23 op=7
[QTS:EMIT] pos=24 op=17
[QTS:EMIT] pos=25 op=187
[QTS:EMIT] pos=26 u32=0x000000f0 (240)
[QTS:EMIT] pos=30 u16=0x0001 (1)
[QTS:EMIT] pos=32 op=14
[QTS:EMIT] pos=33 op=41
[QTS:EMIT] pos=0 op=182
[QTS:EMIT] pos=1 u16=0x0001 (1)
[QTS:EMIT] pos=3 op=200
[QTS:EMIT] pos=4 u32=0x00000f98 (3992)
[QTS:EMIT] pos=8 op=186
[QTS:EMIT] pos=9 atom=241
[QTS:EMIT] pos=13 u16=0x0001 (1)
[QTS:EMIT] pos=15 op=200
[QTS:EMIT] pos=16 u32=0x00000fa2 (4002)
[QTS:EMIT] pos=20 op=34
[QTS:EMIT] pos=21 u16=0x0000 (0)
[QTS:EMIT] pos=23 op=14
[QTS:EMIT] pos=24 op=200
[QTS:EMIT] pos=25 u32=0x00000faa (4010)
[QTS:EMIT] pos=29 op=189
[QTS:EMIT] pos=30 u32=0x000000ef (239)
[QTS:EMIT] pos=34 u32=0x00000000 (0)
[QTS:EMIT] pos=38 u16=0x0001 (1)
[QTS:EMIT] pos=40 op=61
[QTS:EMIT] pos=41 op=200
[QTS:EMIT] pos=42 u32=0x00000fae (4014)
[QTS:EMIT] pos=46 op=147
[QTS:EMIT] pos=47 op=184
[QTS:EMIT] pos=48 u32=0x00000000 (0)
[QTS:EMIT] pos=52 op=25
[QTS:EMIT] pos=53 op=62
[QTS:EMIT] pos=54 op=14
[QTS:EMIT] pos=55 op=41
[QTS:EMIT] pos=0 op=182
[QTS:EMIT] pos=1 u16=0x0001 (1)
[QTS:EMIT] pos=3 op=200
[QTS:EMIT] pos=4 u32=0x00000fd7 (4055)
[QTS:EMIT] pos=8 op=186
[QTS:EMIT] pos=9 atom=242
[QTS:EMIT] pos=13 u16=0x0001 (1)
[QTS:EMIT] pos=15 op=200
[QTS:EMIT] pos=16 u32=0x00000fe0 (4064)
[QTS:EMIT] pos=20 op=34
[QTS:EMIT] pos=21 u16=0x0000 (0)
[QTS:EMIT] pos=23 op=14
[QTS:EMIT] pos=24 op=200
[QTS:EMIT] pos=25 u32=0x00000fe8 (4072)
[QTS:EMIT] pos=29 op=189
[QTS:EMIT] pos=30 u32=0x000000ef (239)
[QTS:EMIT] pos=34 u32=0x00000000 (0)
[QTS:EMIT] pos=38 u16=0x0001 (1)
[QTS:EMIT] pos=40 op=61
[QTS:EMIT] pos=41 op=200
[QTS:EMIT] pos=42 u32=0x00000fec (4076)
[QTS:EMIT] pos=46 op=147
[QTS:EMIT] pos=47 op=184
[QTS:EMIT] pos=48 u32=0x00000000 (0)
[QTS:EMIT] pos=52 op=25
[QTS:EMIT] pos=53 op=62
[QTS:EMIT] pos=54 op=14
[QTS:EMIT] pos=55 op=41
[QTS:EMIT] pos=197 op=4
[QTS:EMIT] pos=198 u32=0x000000f4 (244)
[QTS:EMIT] pos=202 op=187
[QTS:EMIT] pos=203 u32=0x000000f3 (243)
[QTS:EMIT] pos=207 u16=0x0001 (1)
[QTS:EMIT] pos=209 op=4
[QTS:EMIT] pos=210 u32=0x000000f6 (246)
[QTS:EMIT] pos=214 op=187
[QTS:EMIT] pos=215 u32=0x000000f5 (245)
[QTS:EMIT] pos=219 u16=0x0001 (1)
[QTS:EMIT] pos=0 op=182
[QTS:EMIT] pos=1 u16=0x0001 (1)
[QTS:EMIT] pos=3 op=1
[QTS:EMIT] pos=4 u32=0x00000000 (0)
[QTS:EMIT] pos=8 op=187
[QTS:EMIT] pos=9 u32=0x000000fa (250)
[QTS:EMIT] pos=13 u16=0x0001 (1)
[QTS:EMIT] pos=15 op=182
[QTS:EMIT] pos=16 u16=0x0002 (2)
[QTS:EMIT] pos=18 op=1
[QTS:EMIT] pos=19 u32=0x00000000 (0)
[QTS:EMIT] pos=23 op=187
[QTS:EMIT] pos=24 u32=0x000000fb (251)
[QTS:EMIT] pos=28 u16=0x0002 (2)
[QTS:EMIT] pos=30 op=183
[QTS:EMIT] pos=31 u16=0x0002 (2)
[QTS:EMIT] pos=33 op=184
[QTS:EMIT] pos=34 u32=0x00000000 (0)
[QTS:EMIT] pos=38 op=200
[QTS:EMIT] pos=39 u32=0x0001bcdf (113887)
[QTS:EMIT] pos=43 op=186
[QTS:EMIT] pos=44 atom=251
[QTS:EMIT] pos=48 u16=0x0002 (2)
[QTS:EMIT] pos=50 op=200
[QTS:EMIT] pos=51 u32=0x0001bce3 (113891)
[QTS:EMIT] pos=55 op=186
[QTS:EMIT] pos=56 atom=249
[QTS:EMIT] pos=60 u16=0x0002 (2)
[QTS:EMIT] pos=62 op=200
[QTS:EMIT] pos=63 u32=0x0001bce1 (113889)
[QTS:EMIT] pos=67 op=165
[QTS:EMIT] pos=68 op=108
[QTS:EMIT] pos=69 u32=0x00000003 (3)
[QTS:EMIT] pos=73 op=184
[QTS:EMIT] pos=74 u32=0x00000002 (2)
[QTS:EMIT] pos=78 op=182
[QTS:EMIT] pos=79 u16=0x0003 (3)
[QTS:EMIT] pos=81 op=200
[QTS:EMIT] pos=82 u32=0x0001bcf7 (113911)
[QTS:EMIT] pos=86 op=186
[QTS:EMIT] pos=87 u32=0x000000fa (250)
[QTS:EMIT] pos=91 u16=0x0003 (3)
[QTS:EMIT] pos=93 op=200
[QTS:EMIT] pos=94 u32=0x0001bcff (113919)
[QTS:EMIT] pos=98 op=186
[QTS:EMIT] pos=99 atom=248
[QTS:EMIT] pos=103 u16=0x0003 (3)
[QTS:EMIT] pos=105 op=200
[QTS:EMIT] pos=106 u32=0x0001bd03 (113923)
[QTS:EMIT] pos=110 op=186
[QTS:EMIT] pos=111 atom=251
[QTS:EMIT] pos=115 u16=0x0003 (3)
[QTS:EMIT] pos=117 op=200
[QTS:EMIT] pos=118 u32=0x0001bd02 (113922)
[QTS:EMIT] pos=122 op=72
[QTS:EMIT] pos=123 op=200
[QTS:EMIT] pos=124 u32=0x0001bcfc (113916)
[QTS:EMIT] pos=128 op=159
[QTS:EMIT] pos=129 op=17
[QTS:EMIT] pos=130 op=187
[QTS:EMIT] pos=131 u32=0x000000fa (250)
[QTS:EMIT] pos=135 u16=0x0003 (3)
[QTS:EMIT] pos=137 op=14
[QTS:EMIT] pos=138 op=200
[QTS:EMIT] pos=139 u32=0x0001bd0f (113935)
[QTS:EMIT] pos=143 op=186
[QTS:EMIT] pos=144 u32=0x000000fa (250)
[QTS:EMIT] pos=148 u16=0x0003 (3)
[QTS:EMIT] pos=150 op=200
[QTS:EMIT] pos=151 u32=0x0001bd18 (113944)
[QTS:EMIT] pos=155 op=186
[QTS:EMIT] pos=156 atom=250
[QTS:EMIT] pos=160 u16=0x0003 (3)
[QTS:EMIT] pos=162 op=1
[QTS:EMIT] pos=163 u32=0x0000000a (10)
[QTS:EMIT] pos=167 op=200
[QTS:EMIT] pos=168 u32=0x0001bd1d (113949)
[QTS:EMIT] pos=172 op=162
[QTS:EMIT] pos=173 op=200
[QTS:EMIT] pos=174 u32=0x0001bd14 (113940)
[QTS:EMIT] pos=178 op=159
[QTS:EMIT] pos=179 op=17
[QTS:EMIT] pos=180 op=187
[QTS:EMIT] pos=181 u32=0x000000fa (250)
[QTS:EMIT] pos=185 u16=0x0003 (3)
[QTS:EMIT] pos=187 op=14
[QTS:EMIT] pos=188 op=200
[QTS:EMIT] pos=189 u32=0x0001bd2d (113965)
[QTS:EMIT] pos=193 op=186
[QTS:EMIT] pos=194 u32=0x000000fa (250)
[QTS:EMIT] pos=198 u16=0x0003 (3)
[QTS:EMIT] pos=200 op=200
[QTS:EMIT] pos=201 u32=0x0001bd36 (113974)
[QTS:EMIT] pos=205 op=186
[QTS:EMIT] pos=206 atom=250
[QTS:EMIT] pos=210 u16=0x0003 (3)
[QTS:EMIT] pos=212 op=1
[QTS:EMIT] pos=213 u32=0x00000006 (6)
[QTS:EMIT] pos=217 op=200
[QTS:EMIT] pos=218 u32=0x0001bd3b (113979)
[QTS:EMIT] pos=222 op=163
[QTS:EMIT] pos=223 op=200
[QTS:EMIT] pos=224 u32=0x0001bd32 (113970)
[QTS:EMIT] pos=228 op=176
[QTS:EMIT] pos=229 op=17
[QTS:EMIT] pos=230 op=187
[QTS:EMIT] pos=231 u32=0x000000fa (250)
[QTS:EMIT] pos=235 u16=0x0003 (3)
[QTS:EMIT] pos=237 op=14
[QTS:EMIT] pos=238 op=183
[QTS:EMIT] pos=239 u16=0x0003 (3)
[QTS:EMIT] pos=241 op=183
[QTS:EMIT] pos=242 u16=0x0002 (2)
[QTS:EMIT] pos=244 op=184
[QTS:EMIT] pos=245 u32=0x00000001 (1)
[QTS:EMIT] pos=249 op=200
[QTS:EMIT] pos=250 u32=0x0001bcea (113898)
[QTS:EMIT] pos=254 op=189
[QTS:EMIT] pos=255 u32=0x000000fb (251)
[QTS:EMIT] pos=259 u32=0x00000004 (4)
[QTS:EMIT] pos=263 u16=0x0002 (2)
[QTS:EMIT] pos=265 op=61
[QTS:EMIT] pos=266 op=200
[QTS:EMIT] pos=267 u32=0x0001bce8 (113896)
[QTS:EMIT] pos=271 op=145
[QTS:EMIT] pos=272 op=184
[QTS:EMIT] pos=273 u32=0x00000004 (4)
[QTS:EMIT] pos=277 op=22
[QTS:EMIT] pos=278 op=62
[QTS:EMIT] pos=279 op=14
[QTS:EMIT] pos=280 op=110
[QTS:EMIT] pos=281 u32=0x00000000 (0)
[QTS:EMIT] pos=285 op=184
[QTS:EMIT] pos=286 u32=0x00000003 (3)
[QTS:EMIT] pos=290 op=183
[QTS:EMIT] pos=291 u16=0x0002 (2)
[QTS:EMIT] pos=293 op=200
[QTS:EMIT] pos=294 u32=0x0001bd4c (113996)
[QTS:EMIT] pos=298 op=186
[QTS:EMIT] pos=299 u32=0x000000fa (250)
[QTS:EMIT] pos=303 u16=0x0001 (1)
[QTS:EMIT] pos=305 op=200
[QTS:EMIT] pos=306 u32=0x0001bd55 (114005)
[QTS:EMIT] pos=310 op=186
[QTS:EMIT] pos=311 atom=250
[QTS:EMIT] pos=315 u16=0x0001 (1)
[QTS:EMIT] pos=317 op=1
[QTS:EMIT] pos=318 u32=0x00000003 (3)
[QTS:EMIT] pos=322 op=200
[QTS:EMIT] pos=323 u32=0x0001bd5a (114010)
[QTS:EMIT] pos=327 op=162
[QTS:EMIT] pos=328 op=200
[QTS:EMIT] pos=329 u32=0x0001bd51 (114001)
[QTS:EMIT] pos=333 op=159
[QTS:EMIT] pos=334 op=17
[QTS:EMIT] pos=335 op=187
[QTS:EMIT] pos=336 u32=0x000000fa (250)
[QTS:EMIT] pos=340 u16=0x0001 (1)
[QTS:EMIT] pos=342 op=14
[QTS:EMIT] pos=343 op=200
[QTS:EMIT] pos=344 u32=0x0001bd65 (114021)
[QTS:EMIT] pos=348 op=186
[QTS:EMIT] pos=349 u32=0x000000fa (250)
[QTS:EMIT] pos=353 u16=0x0001 (1)
[QTS:EMIT] pos=355 op=200
[QTS:EMIT] pos=356 u32=0x0001bd6e (114030)
[QTS:EMIT] pos=360 op=186
[QTS:EMIT] pos=361 atom=250
[QTS:EMIT] pos=365 u16=0x0001 (1)
[QTS:EMIT] pos=367 op=1
[QTS:EMIT] pos=368 u32=0x0000000b (11)
[QTS:EMIT] pos=372 op=200
[QTS:EMIT] pos=373 u32=0x0001bd73 (114035)
[QTS:EMIT] pos=377 op=163
[QTS:EMIT] pos=378 op=200
[QTS:EMIT] pos=379 u32=0x0001bd6a (114026)
[QTS:EMIT] pos=383 op=176
[QTS:EMIT] pos=384 op=17
[QTS:EMIT] pos=385 op=187
[QTS:EMIT] pos=386 u32=0x000000fa (250)
[QTS:EMIT] pos=390 u16=0x0001 (1)
[QTS:EMIT] pos=392 op=14
[QTS:EMIT] pos=393 op=200
[QTS:EMIT] pos=394 u32=0x0001bd7f (114047)
[QTS:EMIT] pos=398 op=186
[QTS:EMIT] pos=399 u32=0x000000fa (250)
[QTS:EMIT] pos=403 u16=0x0001 (1)
[QTS:EMIT] pos=405 op=200
[QTS:EMIT] pos=406 u32=0x0001bd88 (114056)
[QTS:EMIT] pos=410 op=186
[QTS:EMIT] pos=411 atom=250
[QTS:EMIT] pos=415 u16=0x0001 (1)
[QTS:EMIT] pos=417 op=1
[QTS:EMIT] pos=418 u32=0x0000000f (15)
[QTS:EMIT] pos=422 op=200
[QTS:EMIT] pos=423 u32=0x0001bd8d (114061)
[QTS:EMIT] pos=427 op=162
[QTS:EMIT] pos=428 op=200
[QTS:EMIT] pos=429 u32=0x0001bd84 (114052)
[QTS:EMIT] pos=433 op=159
[QTS:EMIT] pos=434 op=17
[QTS:EMIT] pos=435 op=187
[QTS:EMIT] pos=436 u32=0x000000fa (250)
[QTS:EMIT] pos=440 u16=0x0001 (1)
[QTS:EMIT] pos=442 op=14
[QTS:EMIT] pos=443 op=200
[QTS:EMIT] pos=444 u32=0x0001bda0 (114080)
[QTS:EMIT] pos=448 op=186
[QTS:EMIT] pos=449 atom=250
[QTS:EMIT] pos=453 u16=0x0001 (1)
[QTS:EMIT] pos=455 op=200
[QTS:EMIT] pos=456 u32=0x0001bd99 (114073)
[QTS:EMIT] pos=460 op=40
[QTS:EMIT] pos=0 op=182
[QTS:EMIT] pos=1 u16=0x0001 (1)
[QTS:EMIT] pos=3 op=200
[QTS:EMIT] pos=4 u32=0x0001bdd6 (114134)
[QTS:EMIT] pos=8 op=186
[QTS:EMIT] pos=9 atom=239
[QTS:EMIT] pos=13 u16=0x0001 (1)
[QTS:EMIT] pos=15 op=200
[QTS:EMIT] pos=16 u32=0x0001bdda (114138)
[QTS:EMIT] pos=20 op=67
[QTS:EMIT] pos=21 atom=57
[QTS:EMIT] pos=25 op=200
[QTS:EMIT] pos=26 u32=0x0001bde3 (114147)
[QTS:EMIT] pos=30 op=36
[QTS:EMIT] pos=31 u16=0x0000 (0)
[QTS:EMIT] pos=33 op=200
[QTS:EMIT] pos=34 u32=0x0001bde5 (114149)
[QTS:EMIT] pos=38 op=67
[QTS:EMIT] pos=39 atom=95
[QTS:EMIT] pos=43 op=4
[QTS:EMIT] pos=44 u32=0x0000002f (47)
[QTS:EMIT] pos=48 op=200
[QTS:EMIT] pos=49 u32=0x0001bdeb (114155)
[QTS:EMIT] pos=53 op=36
[QTS:EMIT] pos=54 u16=0x0001 (1)
[QTS:EMIT] pos=56 op=200
[QTS:EMIT] pos=57 u32=0x0001bdef (114159)
[QTS:EMIT] pos=61 op=67
[QTS:EMIT] pos=62 atom=256
[QTS:EMIT] pos=66 op=200
[QTS:EMIT] pos=67 u32=0x0001bdf4 (114164)
[QTS:EMIT] pos=71 op=186
[QTS:EMIT] pos=72 atom=257
[QTS:EMIT] pos=76 u16=0x0001 (1)
[QTS:EMIT] pos=78 op=200
[QTS:EMIT] pos=79 u32=0x0001bdf3 (114163)
[QTS:EMIT] pos=83 op=36
[QTS:EMIT] pos=84 u16=0x0001 (1)
[QTS:EMIT] pos=86 op=187
[QTS:EMIT] pos=87 u32=0x000000ff (255)
[QTS:EMIT] pos=91 u16=0x0001 (1)
[QTS:EMIT] pos=93 op=200
[QTS:EMIT] pos=94 u32=0x0001be10 (114192)
[QTS:EMIT] pos=98 op=186
[QTS:EMIT] pos=99 atom=165
[QTS:EMIT] pos=103 u16=0x0001 (1)
[QTS:EMIT] pos=105 op=200
[QTS:EMIT] pos=106 u32=0x0001be14 (114196)
[QTS:EMIT] pos=110 op=67
[QTS:EMIT] pos=111 atom=258
[QTS:EMIT] pos=115 op=200
[QTS:EMIT] pos=116 u32=0x0001be19 (114201)
[QTS:EMIT] pos=120 op=186
[QTS:EMIT] pos=121 atom=247
[QTS:EMIT] pos=125 u16=0x0001 (1)
[QTS:EMIT] pos=127 op=200
[QTS:EMIT] pos=128 u32=0x0001be25 (114213)
[QTS:EMIT] pos=132 op=186
[QTS:EMIT] pos=133 atom=255
[QTS:EMIT] pos=137 u16=0x0001 (1)
[QTS:EMIT] pos=139 op=200
[QTS:EMIT] pos=140 u32=0x0001be2b (114219)
[QTS:EMIT] pos=144 op=186
[QTS:EMIT] pos=145 atom=255
[QTS:EMIT] pos=149 u16=0x0001 (1)
[QTS:EMIT] pos=151 op=200
[QTS:EMIT] pos=152 u32=0x0001be2f (114223)
[QTS:EMIT] pos=156 op=66
[QTS:EMIT] pos=157 atom=48
[QTS:EMIT] pos=161 op=200
[QTS:EMIT] pos=162 u32=0x0001be24 (114212)
[QTS:EMIT] pos=166 op=34
[QTS:EMIT] pos=167 u16=0x0002 (2)
[QTS:EMIT] pos=169 op=200
[QTS:EMIT] pos=170 u32=0x0001be18 (114200)
[QTS:EMIT] pos=174 op=36
[QTS:EMIT] pos=175 u16=0x0001 (1)
[QTS:EMIT] pos=177 op=187
[QTS:EMIT] pos=178 u32=0x000000fa (250)
[QTS:EMIT] pos=182 u16=0x0001 (1)
[QTS:EMIT] pos=184 op=200
[QTS:EMIT] pos=185 u32=0x0001be50 (114256)
[QTS:EMIT] pos=189 op=186
[QTS:EMIT] pos=190 atom=254
[QTS:EMIT] pos=194 u16=0x0001 (1)
[QTS:EMIT] pos=196 op=200
[QTS:EMIT] pos=197 u32=0x0001be56 (114262)
[QTS:EMIT] pos=201 op=186
[QTS:EMIT] pos=202 atom=250
[QTS:EMIT] pos=206 u16=0x0001 (1)
[QTS:EMIT] pos=208 op=200
[QTS:EMIT] pos=209 u32=0x0001be5a (114266)
[QTS:EMIT] pos=213 op=67
[QTS:EMIT] pos=214 atom=57
[QTS:EMIT] pos=218 op=1
[QTS:EMIT] pos=219 u32=0x00000024 (36)
[QTS:EMIT] pos=223 op=200
[QTS:EMIT] pos=224 u32=0x0001be63 (114275)
[QTS:EMIT] pos=228 op=36
[QTS:EMIT] pos=229 u16=0x0001 (1)
[QTS:EMIT] pos=231 op=200
[QTS:EMIT] pos=232 u32=0x0001be54 (114260)
[QTS:EMIT] pos=236 op=159
[QTS:EMIT] pos=237 op=187
[QTS:EMIT] pos=238 u32=0x00000103 (259)
[QTS:EMIT] pos=242 u16=0x0001 (1)
[QTS:EMIT] pos=244 op=200
[QTS:EMIT] pos=245 u32=0x0001be74 (114292)
[QTS:EMIT] pos=249 op=186
[QTS:EMIT] pos=250 atom=253
[QTS:EMIT] pos=254 u16=0x0001 (1)
[QTS:EMIT] pos=256 op=200
[QTS:EMIT] pos=257 u32=0x0001be77 (114295)
[QTS:EMIT] pos=261 op=67
[QTS:EMIT] pos=262 atom=260
[QTS:EMIT] pos=266 op=200
[QTS:EMIT] pos=267 u32=0x0001be84 (114308)
[QTS:EMIT] pos=271 op=186
[QTS:EMIT] pos=272 atom=171
[QTS:EMIT] pos=276 u16=0x0001 (1)
[QTS:EMIT] pos=278 op=17
[QTS:EMIT] pos=279 op=200
[QTS:EMIT] pos=280 u32=0x0001be8b (114315)
[QTS:EMIT] pos=284 op=186
[QTS:EMIT] pos=285 atom=254
[QTS:EMIT] pos=289 u16=0x0001 (1)
[QTS:EMIT] pos=291 op=4
[QTS:EMIT] pos=292 u32=0x00000105 (261)
[QTS:EMIT] pos=296 op=200
[QTS:EMIT] pos=297 u32=0x0001be8a (114314)
[QTS:EMIT] pos=301 op=33
[QTS:EMIT] pos=302 u16=0x0002 (2)
[QTS:EMIT] pos=304 op=200
[QTS:EMIT] pos=305 u32=0x0001be96 (114326)
[QTS:EMIT] pos=309 op=186
[QTS:EMIT] pos=310 atom=259
[QTS:EMIT] pos=314 u16=0x0001 (1)
[QTS:EMIT] pos=316 op=200
[QTS:EMIT] pos=317 u32=0x0001be7f (114303)
[QTS:EMIT] pos=321 op=36
[QTS:EMIT] pos=322 u16=0x0002 (2)
[QTS:EMIT] pos=324 op=200
[QTS:EMIT] pos=325 u32=0x0001be6d (114285)
[QTS:EMIT] pos=329 op=40
[QTS:EMIT] pos=0 op=182
[QTS:EMIT] pos=1 u16=0x0001 (1)
[QTS:EMIT] pos=3 op=200
[QTS:EMIT] pos=4 u32=0x0001bec2 (114370)
[QTS:EMIT] pos=0 op=182
[QTS:EMIT] pos=1 u16=0x0001 (1)
[QTS:EMIT] pos=3 op=4
[QTS:EMIT] pos=4 u32=0x00000107 (263)
[QTS:EMIT] pos=8 op=200
[QTS:EMIT] pos=9 u32=0x0001bef5 (114421)
[QTS:EMIT] pos=13 op=186
[QTS:EMIT] pos=14 atom=239
[QTS:EMIT] pos=18 u16=0x0001 (1)
[QTS:EMIT] pos=20 op=200
[QTS:EMIT] pos=21 u32=0x0001bef3 (114419)
[QTS:EMIT] pos=25 op=159
[QTS:EMIT] pos=26 op=4
[QTS:EMIT] pos=27 u32=0x00000108 (264)
[QTS:EMIT] pos=31 op=200
[QTS:EMIT] pos=32 u32=0x0001befa (114426)
[QTS:EMIT] pos=36 op=159
[QTS:EMIT] pos=37 op=200
[QTS:EMIT] pos=38 u32=0x0001bf02 (114434)
[QTS:EMIT] pos=42 op=186
[QTS:EMIT] pos=43 atom=243
[QTS:EMIT] pos=47 u16=0x0001 (1)
[QTS:EMIT] pos=49 op=200
[QTS:EMIT] pos=50 u32=0x0001bf00 (114432)
[QTS:EMIT] pos=54 op=159
[QTS:EMIT] pos=55 op=4
[QTS:EMIT] pos=56 u32=0x00000109 (265)
[QTS:EMIT] pos=60 op=200
[QTS:EMIT] pos=61 u32=0x0001bf0a (114442)
[QTS:EMIT] pos=65 op=159
[QTS:EMIT] pos=66 op=187
[QTS:EMIT] pos=67 u32=0x00000106 (262)
[QTS:EMIT] pos=71 u16=0x0001 (1)
[QTS:EMIT] pos=73 op=200
[QTS:EMIT] pos=74 u32=0x0001bf57 (114519)
[QTS:EMIT] pos=78 op=200
[QTS:EMIT] pos=79 u32=0x0001bf5d (114525)
[QTS:EMIT] pos=83 op=186
[QTS:EMIT] pos=84 atom=252
[QTS:EMIT] pos=88 u16=0x0001 (1)
[QTS:EMIT] pos=90 op=200
[QTS:EMIT] pos=91 u32=0x0001bf67 (114535)
[QTS:EMIT] pos=95 op=186
[QTS:EMIT] pos=96 atom=262
[QTS:EMIT] pos=100 u16=0x0001 (1)
[QTS:EMIT] pos=102 op=4
[QTS:EMIT] pos=103 u32=0x0000010a (266)
[QTS:EMIT] pos=107 op=200
[QTS:EMIT] pos=108 u32=0x0001bf66 (114534)
[QTS:EMIT] pos=112 op=34
[QTS:EMIT] pos=113 u16=0x0002 (2)
[QTS:EMIT] pos=115 op=17
[QTS:EMIT] pos=116 op=187
[QTS:EMIT] pos=117 u32=0x00000106 (262)
[QTS:EMIT] pos=121 u16=0x0001 (1)
[QTS:EMIT] pos=123 op=14
[QTS:EMIT] pos=124 op=200
[QTS:EMIT] pos=125 u32=0x0001bf8a (114570)
[QTS:EMIT] pos=129 op=186
[QTS:EMIT] pos=130 atom=240
[QTS:EMIT] pos=134 u16=0x0001 (1)
[QTS:EMIT] pos=136 op=200
[QTS:EMIT] pos=137 u32=0x0001bf97 (114583)
[QTS:EMIT] pos=141 op=186
[QTS:EMIT] pos=142 atom=262
[QTS:EMIT] pos=146 u16=0x0001 (1)
[QTS:EMIT] pos=148 op=200
[QTS:EMIT] pos=149 u32=0x0001bf96 (114582)
[QTS:EMIT] pos=153 op=34
[QTS:EMIT] pos=154 u16=0x0001 (1)
[QTS:EMIT] pos=156 op=187
[QTS:EMIT] pos=157 u32=0x0000010b (267)
[QTS:EMIT] pos=161 u16=0x0001 (1)
[QTS:EMIT] pos=163 op=182
[QTS:EMIT] pos=164 u16=0x0002 (2)
[QTS:EMIT] pos=166 op=200
[QTS:EMIT] pos=167 u32=0x0001bfa9 (114601)
[QTS:EMIT] pos=171 op=186
[QTS:EMIT] pos=172 atom=267
[QTS:EMIT] pos=176 u16=0x0002 (2)
[QTS:EMIT] pos=178 op=200
[QTS:EMIT] pos=179 u32=0x0001bfb3 (114611)
[QTS:EMIT] pos=183 op=186
[QTS:EMIT] pos=184 atom=239
[QTS:EMIT] pos=188 u16=0x0002 (2)
[QTS:EMIT] pos=190 op=200
[QTS:EMIT] pos=191 u32=0x0001bfb0 (114608)
[QTS:EMIT] pos=195 op=172
[QTS:EMIT] pos=196 op=108
[QTS:EMIT] pos=197 u32=0x00000000 (0)
[QTS:EMIT] pos=201 op=200
[QTS:EMIT] pos=202 u32=0x0001bfd0 (114640)
[QTS:EMIT] pos=206 op=186
[QTS:EMIT] pos=207 atom=159
[QTS:EMIT] pos=211 u16=0x0002 (2)
[QTS:EMIT] pos=213 op=17
[QTS:EMIT] pos=214 op=4
[QTS:EMIT] pos=215 u32=0x0000010c (268)
[QTS:EMIT] pos=219 op=200
[QTS:EMIT] pos=220 u32=0x0001bfed (114669)
[QTS:EMIT] pos=224 op=186
[QTS:EMIT] pos=225 atom=267
[QTS:EMIT] pos=229 u16=0x0002 (2)
[QTS:EMIT] pos=231 op=200
[QTS:EMIT] pos=232 u32=0x0001bfeb (114667)
[QTS:EMIT] pos=236 op=159
[QTS:EMIT] pos=237 op=200
[QTS:EMIT] pos=238 u32=0x0001bfd5 (114645)
[QTS:EMIT] pos=242 op=33
[QTS:EMIT] pos=243 u16=0x0001 (1)
[QTS:EMIT] pos=245 op=200
[QTS:EMIT] pos=246 u32=0x0001bfc5 (114629)
[QTS:EMIT] pos=250 op=48
[QTS:EMIT] pos=251 op=184
[QTS:EMIT] pos=252 u32=0x00000000 (0)
[QTS:EMIT] pos=256 op=183
[QTS:EMIT] pos=257 u16=0x0002 (2)
[QTS:EMIT] pos=259 op=41
[QTS:EMIT] pos=8 op=3
[QTS:EMIT] pos=9 u32=0x00000000 (0)
[QTS:EMIT] pos=13 op=79
[QTS:EMIT] pos=14 u32=0x00000000 (0)
[QTS:EMIT] pos=18 op=200
[QTS:EMIT] pos=19 u32=0x0001bffd (114685)
[QTS:EMIT] pos=23 op=34
[QTS:EMIT] pos=24 u16=0x0000 (0)
[QTS:EMIT] pos=26 op=14
[QTS:EMIT] pos=27 op=41
[QTS:EMIT] pos=0 op=182
[QTS:EMIT] pos=1 u16=0x0001 (1)
[QTS:EMIT] pos=3 op=200
[QTS:EMIT] pos=4 u32=0x0001c020 (114720)
[QTS:EMIT] pos=8 op=186
[QTS:EMIT] pos=9 atom=8
[QTS:EMIT] pos=13 u16=0x0000 (0)
[QTS:EMIT] pos=15 op=200
[QTS:EMIT] pos=16 u32=0x0001c024 (114724)
[QTS:EMIT] pos=0 op=182
[QTS:EMIT] pos=1 u16=0x0001 (1)
[QTS:EMIT] pos=3 op=41
[QTS:EMIT] pos=20 op=3
[QTS:EMIT] pos=21 u32=0x00000000 (0)
[QTS:EMIT] pos=25 op=79
[QTS:EMIT] pos=26 u32=0x00000000 (0)
[QTS:EMIT] pos=30 op=68
[QTS:EMIT] pos=31 u32=0x0000010f (271)
[QTS:EMIT] pos=35 op=200
[QTS:EMIT] pos=36 u32=0x0001c049 (114761)
[QTS:EMIT] pos=40 op=186
[QTS:EMIT] pos=41 atom=8
[QTS:EMIT] pos=45 u16=0x0000 (0)
[QTS:EMIT] pos=47 op=200
[QTS:EMIT] pos=48 u32=0x0001c04d (114765)
[QTS:EMIT] pos=0 op=182
[QTS:EMIT] pos=1 u16=0x0001 (1)
[QTS:EMIT] pos=3 op=41
[QTS:EMIT] pos=52 op=3
[QTS:EMIT] pos=53 u32=0x00000001 (1)
[QTS:EMIT] pos=57 op=79
[QTS:EMIT] pos=58 u32=0x00000000 (0)
[QTS:EMIT] pos=62 op=68
[QTS:EMIT] pos=63 u32=0x00000110 (272)
[QTS:EMIT] pos=67 op=200
[QTS:EMIT] pos=68 u32=0x0001c074 (114804)
[QTS:EMIT] pos=72 op=186
[QTS:EMIT] pos=73 atom=8
[QTS:EMIT] pos=77 u16=0x0000 (0)
[QTS:EMIT] pos=79 op=200
[QTS:EMIT] pos=80 u32=0x0001c078 (114808)
[QTS:EMIT] pos=0 op=182
[QTS:EMIT] pos=1 u16=0x0001 (1)
[QTS:EMIT] pos=3 op=200
[QTS:EMIT] pos=4 u32=0x0001c0ab (114859)
[QTS:EMIT] pos=8 op=186
[QTS:EMIT] pos=9 atom=269
[QTS:EMIT] pos=13 u16=0x0001 (1)
[QTS:EMIT] pos=15 op=17
[QTS:EMIT] pos=16 op=200
[QTS:EMIT] pos=17 u32=0x0001c0b6 (114870)
[QTS:EMIT] pos=21 op=33
[QTS:EMIT] pos=22 u16=0x0000 (0)
[QTS:EMIT] pos=24 op=200
[QTS:EMIT] pos=25 u32=0x0001c0a0 (114848)
[QTS:EMIT] pos=29 op=40
[QTS:EMIT] pos=84 op=3
[QTS:EMIT] pos=85 u32=0x00000002 (2)
[QTS:EMIT] pos=89 op=79
[QTS:EMIT] pos=90 u32=0x00000000 (0)
[QTS:EMIT] pos=94 op=68
[QTS:EMIT] pos=95 u32=0x00000111 (273)
[QTS:EMIT] pos=99 op=200
[QTS:EMIT] pos=100 u32=0x0001c0c1 (114881)
[QTS:EMIT] pos=104 op=186
[QTS:EMIT] pos=105 atom=8
[QTS:EMIT] pos=109 u16=0x0000 (0)
[QTS:EMIT] pos=111 op=200
[QTS:EMIT] pos=112 u32=0x0001c0c5 (114885)
[QTS:EMIT] pos=0 op=182
[QTS:EMIT] pos=1 u16=0x0001 (1)
[QTS:EMIT] pos=3 op=200
[QTS:EMIT] pos=4 u32=0x0001c0f0 (114928)
[QTS:EMIT] pos=8 op=186
[QTS:EMIT] pos=9 atom=269
[QTS:EMIT] pos=13 u16=0x0001 (1)
[QTS:EMIT] pos=15 op=17
[QTS:EMIT] pos=16 op=200
[QTS:EMIT] pos=17 u32=0x0001c0fb (114939)
[QTS:EMIT] pos=21 op=33
[QTS:EMIT] pos=22 u16=0x0000 (0)
[QTS:EMIT] pos=24 op=200
[QTS:EMIT] pos=25 u32=0x0001c0e5 (114917)
[QTS:EMIT] pos=29 op=40
[QTS:EMIT] pos=116 op=3
[QTS:EMIT] pos=117 u32=0x00000003 (3)
[QTS:EMIT] pos=121 op=79
[QTS:EMIT] pos=122 u32=0x00000000 (0)
[QTS:EMIT] pos=126 op=68
[QTS:EMIT] pos=127 u32=0x00000112 (274)
[QTS:EMIT] pos=131 op=200
[QTS:EMIT] pos=132 u32=0x0001c106 (114950)
[QTS:EMIT] pos=136 op=186
[QTS:EMIT] pos=137 atom=8
[QTS:EMIT] pos=141 u16=0x0000 (0)
[QTS:EMIT] pos=143 op=200
[QTS:EMIT] pos=144 u32=0x0001c10a (114954)
[QTS:EMIT] pos=148 op=186
[QTS:EMIT] pos=149 atom=8
[QTS:EMIT] pos=153 u16=0x0000 (0)
[QTS:EMIT] pos=155 op=68
[QTS:EMIT] pos=156 u32=0x00000113 (275)
[QTS:EMIT] pos=160 op=200
[QTS:EMIT] pos=161 u32=0x0001c127 (114983)
[QTS:EMIT] pos=165 op=186
[QTS:EMIT] pos=166 atom=8
[QTS:EMIT] pos=170 u16=0x0000 (0)
[QTS:EMIT] pos=172 op=200
[QTS:EMIT] pos=173 u32=0x0001c12b (114987)
[QTS:EMIT] pos=0 op=182
[QTS:EMIT] pos=1 u16=0x0001 (1)
[QTS:EMIT] pos=3 op=1
[QTS:EMIT] pos=4 u32=0x00000000 (0)
[QTS:EMIT] pos=8 op=200
[QTS:EMIT] pos=9 u32=0x0001c14c (115020)
[QTS:EMIT] pos=13 op=40
[QTS:EMIT] pos=177 op=3
[QTS:EMIT] pos=178 u32=0x00000004 (4)
[QTS:EMIT] pos=182 op=79
[QTS:EMIT] pos=183 u32=0x00000000 (0)
[QTS:EMIT] pos=187 op=68
[QTS:EMIT] pos=188 u32=0x00000114 (276)
[QTS:EMIT] pos=192 op=200
[QTS:EMIT] pos=193 u32=0x0001c15d (115037)
[QTS:EMIT] pos=197 op=186
[QTS:EMIT] pos=198 atom=8
[QTS:EMIT] pos=202 u16=0x0000 (0)
[QTS:EMIT] pos=204 op=200
[QTS:EMIT] pos=205 u32=0x0001c161 (115041)
[QTS:EMIT] pos=0 op=182
[QTS:EMIT] pos=1 u16=0x0001 (1)
[QTS:EMIT] pos=3 op=1
[QTS:EMIT] pos=4 u32=0x00000000 (0)
[QTS:EMIT] pos=8 op=38
[QTS:EMIT] pos=9 u16=0x0001 (1)
[QTS:EMIT] pos=11 op=200
[QTS:EMIT] pos=12 u32=0x0001c188 (115080)
[QTS:EMIT] pos=16 op=40
[QTS:EMIT] pos=209 op=3
[QTS:EMIT] pos=210 u32=0x00000005 (5)
[QTS:EMIT] pos=214 op=79
[QTS:EMIT] pos=215 u32=0x00000000 (0)
[QTS:EMIT] pos=219 op=68
[QTS:EMIT] pos=220 u32=0x00000115 (277)
[QTS:EMIT] pos=224 op=200
[QTS:EMIT] pos=225 u32=0x0001c19b (115099)
[QTS:EMIT] pos=229 op=186
[QTS:EMIT] pos=230 atom=8
[QTS:EMIT] pos=234 u16=0x0000 (0)
[QTS:EMIT] pos=236 op=200
[QTS:EMIT] pos=237 u32=0x0001c19f (115103)
[QTS:EMIT] pos=0 op=182
[QTS:EMIT] pos=1 u16=0x0001 (1)
[QTS:EMIT] pos=3 op=41
[QTS:EMIT] pos=241 op=3
[QTS:EMIT] pos=242 u32=0x00000006 (6)
[QTS:EMIT] pos=246 op=79
[QTS:EMIT] pos=247 u32=0x00000000 (0)
[QTS:EMIT] pos=251 op=68
[QTS:EMIT] pos=252 u32=0x00000117 (279)
[QTS:EMIT] pos=256 op=200
[QTS:EMIT] pos=257 u32=0x0001c1c8 (115144)
[QTS:EMIT] pos=261 op=186
[QTS:EMIT] pos=262 atom=8
[QTS:EMIT] pos=266 u16=0x0000 (0)
[QTS:EMIT] pos=268 op=200
[QTS:EMIT] pos=269 u32=0x0001c1cc (115148)
[QTS:EMIT] pos=0 op=182
[QTS:EMIT] pos=1 u16=0x0001 (1)
[QTS:EMIT] pos=3 op=41
[QTS:EMIT] pos=273 op=3
[QTS:EMIT] pos=274 u32=0x00000007 (7)
[QTS:EMIT] pos=278 op=79
[QTS:EMIT] pos=279 u32=0x00000000 (0)
[QTS:EMIT] pos=283 op=68
[QTS:EMIT] pos=284 u32=0x00000118 (280)
[QTS:EMIT] pos=288 op=200
[QTS:EMIT] pos=289 u32=0x0001c1f1 (115185)
[QTS:EMIT] pos=293 op=186
[QTS:EMIT] pos=294 atom=8
[QTS:EMIT] pos=298 u16=0x0000 (0)
[QTS:EMIT] pos=300 op=200
[QTS:EMIT] pos=301 u32=0x0001c1f5 (115189)
[QTS:EMIT] pos=0 op=182
[QTS:EMIT] pos=1 u16=0x0001 (1)
[QTS:EMIT] pos=3 op=41
[QTS:EMIT] pos=305 op=3
[QTS:EMIT] pos=306 u32=0x00000008 (8)
[QTS:EMIT] pos=310 op=79
[QTS:EMIT] pos=311 u32=0x00000000 (0)
[QTS:EMIT] pos=315 op=68
[QTS:EMIT] pos=316 u32=0x00000119 (281)
[QTS:EMIT] pos=320 op=41
[QTS:EMIT] pos=221 op=200
[QTS:EMIT] pos=222 u32=0x0001c21c (115228)
[QTS:EMIT] pos=226 op=186
[QTS:EMIT] pos=227 atom=141
[QTS:EMIT] pos=231 u16=0x0001 (1)
[QTS:EMIT] pos=233 op=200
[QTS:EMIT] pos=234 u32=0x0001c226 (115238)
[QTS:EMIT] pos=238 op=200
[QTS:EMIT] pos=239 u32=0x0001c235 (115253)
[QTS:EMIT] pos=243 op=186
[QTS:EMIT] pos=244 atom=269
[QTS:EMIT] pos=248 u16=0x0001 (1)
[QTS:EMIT] pos=250 op=68
[QTS:EMIT] pos=251 u32=0x0000010d (269)
[QTS:EMIT] pos=0 op=182
[QTS:EMIT] pos=1 u16=0x0001 (1)
[QTS:EMIT] pos=3 op=200
[QTS:EMIT] pos=4 u32=0x0001c25d (115293)
[QTS:EMIT] pos=0 op=182
[QTS:EMIT] pos=1 u16=0x0001 (1)
[QTS:EMIT] pos=3 op=4
[QTS:EMIT] pos=4 u32=0x0000011a (282)
[QTS:EMIT] pos=8 op=4
[QTS:EMIT] pos=9 u32=0x0000011b (283)
[QTS:EMIT] pos=13 op=200
[QTS:EMIT] pos=14 u32=0x0001c32b (115499)
[QTS:EMIT] pos=18 op=159
[QTS:EMIT] pos=19 op=200
[QTS:EMIT] pos=20 u32=0x0001c34d (115533)
[QTS:EMIT] pos=24 op=186
[QTS:EMIT] pos=25 atom=239
[QTS:EMIT] pos=29 u16=0x0001 (1)
[QTS:EMIT] pos=31 op=200
[QTS:EMIT] pos=32 u32=0x0001c34b (115531)
[QTS:EMIT] pos=36 op=159
[QTS:EMIT] pos=37 op=4
[QTS:EMIT] pos=38 u32=0x00000108 (264)
[QTS:EMIT] pos=42 op=200
[QTS:EMIT] pos=43 u32=0x0001c352 (115538)
[QTS:EMIT] pos=47 op=159
[QTS:EMIT] pos=48 op=200
[QTS:EMIT] pos=49 u32=0x0001c35a (115546)
[QTS:EMIT] pos=53 op=186
[QTS:EMIT] pos=54 atom=245
[QTS:EMIT] pos=58 u16=0x0001 (1)
[QTS:EMIT] pos=60 op=200
[QTS:EMIT] pos=61 u32=0x0001c358 (115544)
[QTS:EMIT] pos=65 op=159
[QTS:EMIT] pos=66 op=4
[QTS:EMIT] pos=67 u32=0x0000011c (284)
[QTS:EMIT] pos=71 op=200
[QTS:EMIT] pos=72 u32=0x0001c364 (115556)
[QTS:EMIT] pos=76 op=159
[QTS:EMIT] pos=77 op=187
[QTS:EMIT] pos=78 u32=0x00000106 (262)
[QTS:EMIT] pos=82 u16=0x0001 (1)
[QTS:EMIT] pos=84 op=200
[QTS:EMIT] pos=85 u32=0x0001c3ea (115690)
[QTS:EMIT] pos=89 op=200
[QTS:EMIT] pos=90 u32=0x0001c3f0 (115696)
[QTS:EMIT] pos=94 op=186
[QTS:EMIT] pos=95 atom=252
[QTS:EMIT] pos=99 u16=0x0001 (1)
[QTS:EMIT] pos=101 op=200
[QTS:EMIT] pos=102 u32=0x0001c3fa (115706)
[QTS:EMIT] pos=106 op=186
[QTS:EMIT] pos=107 atom=262
[QTS:EMIT] pos=111 u16=0x0001 (1)
[QTS:EMIT] pos=113 op=4
[QTS:EMIT] pos=114 u32=0x0000011d (285)
[QTS:EMIT] pos=118 op=200
[QTS:EMIT] pos=119 u32=0x0001c3f9 (115705)
[QTS:EMIT] pos=123 op=34
[QTS:EMIT] pos=124 u16=0x0002 (2)
[QTS:EMIT] pos=126 op=17
[QTS:EMIT] pos=127 op=187
[QTS:EMIT] pos=128 u32=0x00000106 (262)
[QTS:EMIT] pos=132 u16=0x0001 (1)
[QTS:EMIT] pos=134 op=14
[QTS:EMIT] pos=135 op=200
[QTS:EMIT] pos=136 u32=0x0001c41f (115743)
[QTS:EMIT] pos=140 op=186
[QTS:EMIT] pos=141 atom=240
[QTS:EMIT] pos=145 u16=0x0001 (1)
[QTS:EMIT] pos=147 op=200
[QTS:EMIT] pos=148 u32=0x0001c42c (115756)
[QTS:EMIT] pos=152 op=186
[QTS:EMIT] pos=153 atom=262
[QTS:EMIT] pos=157 u16=0x0001 (1)
[QTS:EMIT] pos=159 op=200
[QTS:EMIT] pos=160 u32=0x0001c42b (115755)
[QTS:EMIT] pos=164 op=34
[QTS:EMIT] pos=165 u16=0x0001 (1)
[QTS:EMIT] pos=167 op=187
[QTS:EMIT] pos=168 u32=0x0000010b (267)
[QTS:EMIT] pos=172 u16=0x0001 (1)
[QTS:EMIT] pos=174 op=182
[QTS:EMIT] pos=175 u16=0x0002 (2)
[QTS:EMIT] pos=177 op=200
[QTS:EMIT] pos=178 u32=0x0001c43e (115774)
[QTS:EMIT] pos=182 op=186
[QTS:EMIT] pos=183 atom=267
[QTS:EMIT] pos=187 u16=0x0002 (2)
[QTS:EMIT] pos=189 op=200
[QTS:EMIT] pos=190 u32=0x0001c448 (115784)
[QTS:EMIT] pos=194 op=186
[QTS:EMIT] pos=195 atom=239
[QTS:EMIT] pos=199 u16=0x0002 (2)
[QTS:EMIT] pos=201 op=200
[QTS:EMIT] pos=202 u32=0x0001c445 (115781)
[QTS:EMIT] pos=206 op=172
[QTS:EMIT] pos=207 op=108
[QTS:EMIT] pos=208 u32=0x00000000 (0)
[QTS:EMIT] pos=212 op=200
[QTS:EMIT] pos=213 u32=0x0001c465 (115813)
[QTS:EMIT] pos=217 op=186
[QTS:EMIT] pos=218 atom=159
[QTS:EMIT] pos=222 u16=0x0002 (2)
[QTS:EMIT] pos=224 op=17
[QTS:EMIT] pos=225 op=4
[QTS:EMIT] pos=226 u32=0x0000010c (268)
[QTS:EMIT] pos=230 op=200
[QTS:EMIT] pos=231 u32=0x0001c482 (115842)
[QTS:EMIT] pos=235 op=186
[QTS:EMIT] pos=236 atom=267
[QTS:EMIT] pos=240 u16=0x0002 (2)
[QTS:EMIT] pos=242 op=200
[QTS:EMIT] pos=243 u32=0x0001c480 (115840)
[QTS:EMIT] pos=247 op=159
[QTS:EMIT] pos=248 op=200
[QTS:EMIT] pos=249 u32=0x0001c46a (115818)
[QTS:EMIT] pos=253 op=33
[QTS:EMIT] pos=254 u16=0x0001 (1)
[QTS:EMIT] pos=256 op=200
[QTS:EMIT] pos=257 u32=0x0001c45a (115802)
[QTS:EMIT] pos=261 op=48
[QTS:EMIT] pos=262 op=184
[QTS:EMIT] pos=263 u32=0x00000000 (0)
[QTS:EMIT] pos=267 op=183
[QTS:EMIT] pos=268 u16=0x0002 (2)
[QTS:EMIT] pos=270 op=41
[QTS:EMIT] pos=8 op=3
[QTS:EMIT] pos=9 u32=0x00000000 (0)
[QTS:EMIT] pos=13 op=79
[QTS:EMIT] pos=14 u32=0x00000000 (0)
[QTS:EMIT] pos=18 op=200
[QTS:EMIT] pos=19 u32=0x0001c492 (115858)
[QTS:EMIT] pos=23 op=34
[QTS:EMIT] pos=24 u16=0x0000 (0)
[QTS:EMIT] pos=26 op=14
[QTS:EMIT] pos=27 op=41
[QTS:EMIT] pos=255 op=6
[QTS:EMIT] pos=256 op=47
[QTS:PC2LINE] begin: slots=2 source_pos=3814
[QTS:PC2LINE] init: line=68 col=0
[QTS:PC2LINE] end: pc2line_len=6
[QTS:PC2LINE] begin: slots=2 source_pos=3882
[QTS:PC2LINE] init: line=72 col=0
[QTS:PC2LINE] end: pc2line_len=6
[QTS:PC2LINE] begin: slots=4 source_pos=3956
[QTS:PC2LINE] init: line=76 col=0
[QTS:PC2LINE] end: pc2line_len=10
[QTS:PC2LINE] begin: slots=4 source_pos=4020
[QTS:PC2LINE] init: line=80 col=0
[QTS:PC2LINE] end: pc2line_len=10
[QTS:PC2LINE] begin: slots=27 source_pos=113816
[QTS:PC2LINE] init: line=1467 col=0
[QTS:PC2LINE] end: pc2line_len=61
[QTS:PC2LINE] begin: slots=28 source_pos=114088
[QTS:PC2LINE] init: line=1479 col=0
[QTS:PC2LINE] end: pc2line_len=59
[QTS:PC2LINE] begin: slots=20 source_pos=114371
[QTS:PC2LINE] init: line=1486 col=5
[QTS:PC2LINE] end: pc2line_len=43
[QTS:PC2LINE] begin: slots=2 source_pos=114342
[QTS:PC2LINE] init: line=1485 col=0
[QTS:PC2LINE] end: pc2line_len=9
[QTS:PC2LINE] begin: slots=0 source_pos=114739
[QTS:PC2LINE] init: line=1496 col=23
[QTS:PC2LINE] end: pc2line_len=3
[QTS:PC2LINE] begin: slots=0 source_pos=114782
[QTS:PC2LINE] init: line=1497 col=25
[QTS:PC2LINE] end: pc2line_len=3
[QTS:PC2LINE] begin: slots=3 source_pos=114834
[QTS:PC2LINE] init: line=1498 col=34
[QTS:PC2LINE] end: pc2line_len=9
[QTS:PC2LINE] begin: slots=3 source_pos=114902
[QTS:PC2LINE] init: line=1499 col=25
[QTS:PC2LINE] end: pc2line_len=9
[QTS:PC2LINE] begin: slots=1 source_pos=115005
[QTS:PC2LINE] init: line=1501 col=26
[QTS:PC2LINE] end: pc2line_len=5
[QTS:PC2LINE] begin: slots=1 source_pos=115065
[QTS:PC2LINE] init: line=1502 col=32
[QTS:PC2LINE] end: pc2line_len=5
[QTS:PC2LINE] begin: slots=0 source_pos=115119
[QTS:PC2LINE] init: line=1503 col=24
[QTS:PC2LINE] end: pc2line_len=3
[QTS:PC2LINE] begin: slots=0 source_pos=115163
[QTS:PC2LINE] init: line=1504 col=23
[QTS:PC2LINE] end: pc2line_len=3
[QTS:PC2LINE] begin: slots=0 source_pos=115205
[QTS:PC2LINE] init: line=1505 col=24
[QTS:PC2LINE] end: pc2line_len=3
[QTS:PC2LINE] begin: slots=20 source_pos=114691
[QTS:PC2LINE] init: line=1495 col=0
[QTS:PC2LINE] end: pc2line_len=43
[QTS:PC2LINE] begin: slots=21 source_pos=115294
[QTS:PC2LINE] init: line=1509 col=5
[QTS:PC2LINE] end: pc2line_len=45
[QTS:PC2LINE] begin: slots=2 source_pos=115266
[QTS:PC2LINE] init: line=1508 col=0
[QTS:PC2LINE] end: pc2line_len=9
[QTS:PC2LINE] begin: slots=14 source_pos=0
[QTS:PC2LINE] init: line=0 col=0
[QTS:PC2LINE] end: pc2line_len=39
