__tests__/fixtures_generated/complex-019.js:3:5: function: inner
  locals:
    0: var arguments
  stack_size: 3
  opcodes:
        special_object 1
        put_loc0 0: arguments
        get_loc0 0: arguments
        get_length
        push_i8 19
        push_3 3
        mod
        add
        return

__tests__/fixtures_generated/complex-019.js:2:1: function: outer19
  locals:
    0: var inner
  stack_size: 4
  opcodes:
        fclosure8 0: [bytecode inner]
        set_loc0 0: inner
        push_1 1
        push_2 2
        push_3 3
        tail_call 3

__tests__/fixtures_generated/complex-019.js:1:1: function: <eval>
  locals:
    0: var <ret>
  stack_size: 3
  opcodes:
        check_define_var outer19,64
        fclosure8 0: [bytecode outer19]
        define_func outer19,0
        get_var console
        get_field2 log
        get_var outer19
        call0 0
        call_method 1
        set_loc0 0: "<ret>"
        return

