__tests__/fixtures/optional-chaining-delete.js:5:12: function: <null>
  mode: strict
  closure vars:
    0: this local:loc0 var
    1: #x parent:loc0 const
  stack_size: 3
  opcodes:
        get_var_ref0 0: this
        get_var_ref0 0: this
        get_var_ref1 1: "#x"
        get_private_field
        push_i8 10
        add
        put_field y
        return_undef

__tests__/fixtures/optional-chaining-delete.js:1:1: function: <null>
  mode: strict
  locals:
    0: var this
  closure vars:
    0: #x local:loc2 const
  stack_size: 4
  opcodes:
        push_this
        put_loc0 0: this
        get_loc0 0: this
        get_var_ref_check 0: "#x"
        push_1 1
        define_private_field
        get_loc0 0: this
        push_0 0
        define_field y
        fclosure8 0: [bytecode <null>]
        get_loc0 0: this
        swap
        call_method 0
        return_undef

__tests__/fixtures/optional-chaining-delete.js:8:12: function: <null>
  mode: strict
  locals:
    0: var this
  stack_size: 1
  opcodes:
        push_this
        put_loc0 0: this
        get_loc0 0: this
        get_field y
        return

__tests__/fixtures/optional-chaining-delete.js:11:1: function: <null>
  mode: strict
  locals:
    0: var this
  closure vars:
    0: <class_fields_init> local:loc3 const
  stack_size: 2
  opcodes:
        push_this
        put_loc0 0: this
        check_ctor
        get_var_ref_check 0: "<class_fields_init>"
        dup
        if_false8 14
        get_loc0 0: this
        swap
        call_method 0
   14:  return_undef

__tests__/fixtures/optional-chaining-delete.js:1:1: function: <eval>
  locals:
    0: var <ret>
    1: const Counter [level:2 next:-1]
    2: const #x [level:3 next:1]
    3: const <class_fields_init> [level:3 next:2]
  stack_size: 4
  opcodes:
        check_define_var Counter,128
        define_var Counter,130
        set_loc_uninitialized 1: Counter
        undefined
        set_loc_uninitialized 3: "<class_fields_init>"
        set_loc_uninitialized 2: "#x"
        push_const8 1: [bytecode <null>]
        define_class Counter,0
        swap
        private_symbol "#x"
        put_loc2 2: "#x"
        swap
        swap
        swap
        swap
        fclosure8 0: [bytecode <null>]
        define_method getY,0
        swap
        undefined
        put_loc3 3: "<class_fields_init>"
        drop
        set_loc1 1: Counter
        dup
        fclosure8 2: [bytecode <null>]
        set_home_object
        call_method 0
        drop
        close_loc 3: "<class_fields_init>"
        close_loc 2: "#x"
        put_var_init Counter
        get_var console
        get_field2 log
        get_var Counter
        get_field2 getY
        call_method 0
        call_method 1
        set_loc0 0: "<ret>"
        return

