__tests__/fixtures/closure-stress.js:12:5: function: inner
  closure vars:
    0: l0 local:loc0 let
    1: l1 local:loc1 let
    2: l2 local:loc2 let
    3: l3 local:loc3 let
    4: l4 local:loc4 let
    5: v0 local:loc5 var
    6: v1 local:loc6 var
    7: v2 local:loc7 var
    8: v3 local:loc8 var
    9: v4 local:loc9 var
  stack_size: 2
  opcodes:
        get_var_ref_check 0: l0
        post_inc
        put_var_ref_check 0: l0
        drop
        get_var_ref_check 1: l1
        post_inc
        put_var_ref_check 1: l1
        drop
        get_var_ref_check 2: l2
        post_inc
        put_var_ref_check 2: l2
        drop
        get_var_ref_check 3: l3
        post_inc
        put_var_ref_check 3: l3
        drop
        get_var_ref_check 4: l4
        post_inc
        put_var_ref_check 4: l4
        drop
        get_var_ref 5: v0
        inc
        put_var_ref 5: v0
        get_var_ref 6: v1
        inc
        put_var_ref 6: v1
        get_var_ref 7: v2
        inc
        put_var_ref 7: v2
        get_var_ref 8: v3
        inc
        put_var_ref 8: v3
        get_var_ref 9: v4
        inc
        put_var_ref 9: v4
        return_undef

__tests__/fixtures/closure-stress.js:1:1: function: stress
  locals:
    0: let l0 [level:1 next:-1]
    1: let l1 [level:1 next:0]
    2: let l2 [level:1 next:1]
    3: let l3 [level:1 next:2]
    4: let l4 [level:1 next:3]
    5: var v0
    6: var v1
    7: var v2
    8: var v3
    9: var v4
   10: var inner
  stack_size: 1
  opcodes:
        fclosure8 0: [bytecode inner]
        put_loc8 10: inner
        set_loc_uninitialized 4: l4
        set_loc_uninitialized 3: l3
        set_loc_uninitialized 2: l2
        set_loc_uninitialized 1: l1
        set_loc_uninitialized 0: l0
        push_0 0
        put_loc0 0: l0
        push_1 1
        put_loc1 1: l1
        push_2 2
        put_loc2 2: l2
        push_3 3
        put_loc3 3: l3
        push_4 4
        put_loc8 4: l4
        push_i8 10
        put_loc8 5: v0
        push_i8 11
        put_loc8 6: v1
        push_i8 12
        put_loc8 7: v2
        push_i8 13
        put_loc8 8: v3
        push_i8 14
        put_loc8 9: v4
        get_loc8 10: inner
        call0 0
        return_undef

__tests__/fixtures/closure-stress.js:1:1: function: <eval>
  locals:
    0: var <ret>
  stack_size: 1
  opcodes:
        check_define_var stress,64
        fclosure8 0: [bytecode stress]
        define_func stress,0
        get_var stress
        call0 0
        set_loc0 0: "<ret>"
        return

