[QTS:SCOPE] push: level=1 first_var=-1
[QTS:SCOPE] enter: idx=1 is_body=0
[QTS:EMIT] pos=0 op=182
[QTS:EMIT] pos=1 u16=0x0001 (1)
[QTS:SCOPE] push: level=2 first_var=-1
[QTS:SCOPE] enter: idx=2 is_body=0
[QTS:EMIT] pos=3 op=182
[QTS:EMIT] pos=4 u16=0x0002 (2)
[QTS:EMIT] pos=6 op=6
[QTS:SCOPE] push: level=3 first_var=0
[QTS:SCOPE] enter: idx=3 is_body=0
[QTS:EMIT] pos=7 op=182
[QTS:EMIT] pos=8 u16=0x0003 (3)
[QTS:EMIT] pos=10 op=2
[QTS:EMIT] pos=11 u32=0x00000000 (0)
[QTS:EMIT] pos=15 op=88
[QTS:EMIT] pos=16 atom=472
[QTS:EMIT] pos=20 u8=0x00
[QTS:EMIT] pos=21 op=27
[QTS:EMIT] pos=22 op=5
[QTS:EMIT] pos=23 atom=473
[QTS:EMIT] pos=27 op=191
[QTS:EMIT] pos=28 atom=473
[QTS:EMIT] pos=32 u16=0x0003 (3)
[QTS:EMIT] pos=0 op=186
[QTS:EMIT] pos=1 atom=8
[QTS:EMIT] pos=5 u16=0x0000 (0)
[QTS:EMIT] pos=7 op=186
[QTS:EMIT] pos=8 atom=473
[QTS:EMIT] pos=12 u16=0x0000 (0)
[QTS:EMIT] pos=14 op=1
[QTS:EMIT] pos=15 u32=0x00000000 (0)
[QTS:EMIT] pos=19 op=71
[QTS:EMIT] pos=34 op=27
[QTS:EMIT] pos=35 op=27
[QTS:EMIT] pos=20 op=186
[QTS:EMIT] pos=21 atom=8
[QTS:EMIT] pos=25 u16=0x0000 (0)
[QTS:EMIT] pos=27 op=4
[QTS:EMIT] pos=28 u32=0x000001db (475)
[QTS:EMIT] pos=32 op=78
[QTS:EMIT] pos=33 atom=474
[QTS:EMIT] pos=36 op=27
[QTS:SCOPE] push: level=1 first_var=-1
[QTS:SCOPE] enter: idx=1 is_body=0
[QTS:EMIT] pos=0 op=182
[QTS:EMIT] pos=1 u16=0x0001 (1)
[QTS:EMIT] pos=3 op=200
[QTS:EMIT] pos=4 u32=0x0000004f (79)
[QTS:EMIT] pos=8 op=186
[QTS:EMIT] pos=9 atom=8
[QTS:EMIT] pos=13 u16=0x0000 (0)
[QTS:EMIT] pos=15 op=200
[QTS:EMIT] pos=16 u32=0x00000053 (83)
[QTS:EMIT] pos=20 op=193
[QTS:EMIT] pos=21 atom=473
[QTS:EMIT] pos=25 u16=0x0001 (1)
[QTS:EMIT] pos=20 op=1
[QTS:EMIT] pos=21 u32=0x00000001 (1)
[QTS:EMIT] pos=25 op=21
[QTS:EMIT] pos=26 op=195
[QTS:EMIT] pos=27 u32=0x000001d9 (473)
[QTS:EMIT] pos=31 u16=0x0001 (1)
[QTS:EMIT] pos=33 op=14
[QTS:EMIT] pos=34 op=200
[QTS:EMIT] pos=35 u32=0x00000063 (99)
[QTS:EMIT] pos=39 op=186
[QTS:EMIT] pos=40 atom=8
[QTS:EMIT] pos=44 u16=0x0000 (0)
[QTS:EMIT] pos=46 op=200
[QTS:EMIT] pos=47 u32=0x00000067 (103)
[QTS:EMIT] pos=51 op=66
[QTS:EMIT] pos=52 atom=474
[QTS:EMIT] pos=51 op=4
[QTS:EMIT] pos=52 u32=0x000001dc (476)
[QTS:EMIT] pos=56 op=21
[QTS:EMIT] pos=57 op=68
[QTS:EMIT] pos=58 u32=0x000001da (474)
[QTS:EMIT] pos=62 op=14
[QTS:EMIT] pos=63 op=41
[QTS:EMIT] pos=37 op=3
[QTS:EMIT] pos=38 u32=0x00000000 (0)
[QTS:EMIT] pos=42 op=79
[QTS:EMIT] pos=43 u32=0x00000000 (0)
[QTS:SCOPE] push: level=1 first_var=-1
[QTS:SCOPE] enter: idx=1 is_body=0
[QTS:EMIT] pos=47 op=182
[QTS:EMIT] pos=48 u16=0x0001 (1)
[QTS:EMIT] pos=50 op=186
[QTS:EMIT] pos=51 atom=8
[QTS:EMIT] pos=55 u16=0x0000 (0)
[QTS:EMIT] pos=57 op=27
[QTS:EMIT] pos=58 op=36
[QTS:EMIT] pos=59 u16=0x0000 (0)
[QTS:EMIT] pos=61 op=14
[QTS:SCOPE] leave: idx=1
[QTS:SCOPE] pop: level=1
[QTS:EMIT] pos=62 op=183
[QTS:EMIT] pos=63 u16=0x0001 (1)
[QTS:EMIT] pos=37 op=27
[QTS:SCOPE] push: level=1 first_var=-1
[QTS:SCOPE] enter: idx=1 is_body=0
[QTS:EMIT] pos=0 op=182
[QTS:EMIT] pos=1 u16=0x0001 (1)
[QTS:EMIT] pos=3 op=200
[QTS:EMIT] pos=4 u32=0x00000095 (149)
[QTS:EMIT] pos=8 op=186
[QTS:EMIT] pos=9 atom=8
[QTS:EMIT] pos=13 u16=0x0000 (0)
[QTS:EMIT] pos=15 op=200
[QTS:EMIT] pos=16 u32=0x00000099 (153)
[QTS:EMIT] pos=20 op=193
[QTS:EMIT] pos=21 atom=473
[QTS:EMIT] pos=25 u16=0x0001 (1)
[QTS:EMIT] pos=20 op=194
[QTS:EMIT] pos=21 atom=473
[QTS:EMIT] pos=25 u16=0x0001 (1)
[QTS:EMIT] pos=27 op=1
[QTS:EMIT] pos=28 u32=0x00000001 (1)
[QTS:EMIT] pos=32 op=200
[QTS:EMIT] pos=33 u32=0x000000a1 (161)
[QTS:EMIT] pos=37 op=159
[QTS:EMIT] pos=38 op=21
[QTS:EMIT] pos=39 op=195
[QTS:EMIT] pos=40 u32=0x000001d9 (473)
[QTS:EMIT] pos=44 u16=0x0001 (1)
[QTS:EMIT] pos=46 op=14
[QTS:EMIT] pos=47 op=41
[QTS:EMIT] pos=38 op=3
[QTS:EMIT] pos=39 u32=0x00000000 (0)
[QTS:EMIT] pos=43 op=79
[QTS:EMIT] pos=44 u32=0x00000000 (0)
[QTS:EMIT] pos=48 op=82
[QTS:EMIT] pos=49 op=79
[QTS:EMIT] pos=50 atom=477
[QTS:EMIT] pos=54 op=191
[QTS:EMIT] pos=55 atom=477
[QTS:EMIT] pos=59 u16=0x0003 (3)
[QTS:EMIT] pos=61 op=27
[QTS:EMIT] pos=62 op=27
[QTS:SCOPE] push: level=1 first_var=-1
[QTS:SCOPE] enter: idx=1 is_body=0
[QTS:EMIT] pos=0 op=182
[QTS:EMIT] pos=1 u16=0x0001 (1)
[QTS:EMIT] pos=3 op=200
[QTS:EMIT] pos=4 u32=0x000000c0 (192)
[QTS:EMIT] pos=8 op=186
[QTS:EMIT] pos=9 atom=8
[QTS:EMIT] pos=13 u16=0x0000 (0)
[QTS:EMIT] pos=15 op=200
[QTS:EMIT] pos=16 u32=0x000000c4 (196)
[QTS:EMIT] pos=20 op=193
[QTS:EMIT] pos=21 atom=477
[QTS:EMIT] pos=25 u16=0x0001 (1)
[QTS:EMIT] pos=27 op=200
[QTS:EMIT] pos=28 u32=0x000000ca (202)
[QTS:EMIT] pos=32 op=36
[QTS:EMIT] pos=33 u16=0x0000 (0)
[QTS:EMIT] pos=35 op=14
[QTS:EMIT] pos=36 op=186
[QTS:EMIT] pos=37 atom=8
[QTS:EMIT] pos=41 u16=0x0000 (0)
[QTS:EMIT] pos=43 op=200
[QTS:EMIT] pos=44 u32=0x000000dc (220)
[QTS:EMIT] pos=48 op=193
[QTS:EMIT] pos=49 atom=473
[QTS:EMIT] pos=53 u16=0x0001 (1)
[QTS:EMIT] pos=55 op=200
[QTS:EMIT] pos=56 u32=0x000000d1 (209)
[QTS:EMIT] pos=60 op=40
[QTS:EMIT] pos=63 op=3
[QTS:EMIT] pos=64 u32=0x00000001 (1)
[QTS:EMIT] pos=68 op=79
[QTS:EMIT] pos=69 u32=0x00000000 (0)
[QTS:EMIT] pos=73 op=86
[QTS:EMIT] pos=74 atom=478
[QTS:EMIT] pos=78 u8=0x00
[QTS:EMIT] pos=79 op=27
[QTS:EMIT] pos=80 op=27
[QTS:SCOPE] push: level=1 first_var=-1
[QTS:SCOPE] enter: idx=1 is_body=0
[QTS:EMIT] pos=0 op=182
[QTS:EMIT] pos=1 u16=0x0001 (1)
[QTS:EMIT] pos=3 op=186
[QTS:EMIT] pos=4 atom=8
[QTS:EMIT] pos=8 u16=0x0000 (0)
[QTS:EMIT] pos=10 op=200
[QTS:EMIT] pos=11 u32=0x0000010f (271)
[QTS:EMIT] pos=15 op=193
[QTS:EMIT] pos=16 atom=473
[QTS:EMIT] pos=20 u16=0x0001 (1)
[QTS:EMIT] pos=22 op=200
[QTS:EMIT] pos=23 u32=0x00000104 (260)
[QTS:EMIT] pos=27 op=40
[QTS:EMIT] pos=81 op=3
[QTS:EMIT] pos=82 u32=0x00000002 (2)
[QTS:EMIT] pos=86 op=79
[QTS:EMIT] pos=87 u32=0x00000000 (0)
[QTS:EMIT] pos=91 op=86
[QTS:EMIT] pos=92 atom=66
[QTS:EMIT] pos=96 u8=0x01
[QTS:EMIT] pos=97 op=27
[QTS:SCOPE] push: level=1 first_var=-1
[QTS:SCOPE] enter: idx=1 is_body=0
[QTS:EMIT] pos=0 op=182
[QTS:EMIT] pos=1 u16=0x0001 (1)
[QTS:EMIT] pos=3 op=43
[QTS:EMIT] pos=4 op=186
[QTS:EMIT] pos=5 atom=120
[QTS:EMIT] pos=9 u16=0x0001 (1)
[QTS:EMIT] pos=11 op=17
[QTS:EMIT] pos=12 op=108
[QTS:EMIT] pos=13 u32=0x00000000 (0)
[QTS:EMIT] pos=17 op=186
[QTS:EMIT] pos=18 atom=8
[QTS:EMIT] pos=22 u16=0x0000 (0)
[QTS:EMIT] pos=24 op=27
[QTS:EMIT] pos=25 op=36
[QTS:EMIT] pos=26 u16=0x0000 (0)
[QTS:EMIT] pos=28 op=184
[QTS:EMIT] pos=29 u32=0x00000000 (0)
[QTS:EMIT] pos=33 op=14
[QTS:EMIT] pos=34 op=41
[QTS:EMIT] pos=98 op=6
[QTS:EMIT] pos=99 op=191
[QTS:EMIT] pos=100 atom=120
[QTS:EMIT] pos=104 u16=0x0003 (3)
[QTS:EMIT] pos=106 op=14
[QTS:EMIT] pos=107 op=17
[QTS:EMIT] pos=108 op=17
[QTS:EMIT] pos=109 op=46
[QTS:EMIT] pos=110 op=17
[QTS:EMIT] pos=111 op=191
[QTS:EMIT] pos=112 atom=472
[QTS:EMIT] pos=116 u16=0x0003 (3)
[QTS:EMIT] pos=118 op=17
[QTS:EMIT] pos=65 op=41
[QTS:EMIT] pos=119 op=3
[QTS:EMIT] pos=120 u32=0x00000004 (4)
[QTS:EMIT] pos=124 op=82
[QTS:EMIT] pos=125 op=36
[QTS:EMIT] pos=126 u16=0x0000 (0)
[QTS:EMIT] pos=128 op=14
[QTS:SCOPE] leave: idx=3
[QTS:SCOPE] pop: level=3
[QTS:EMIT] pos=129 op=183
[QTS:EMIT] pos=130 u16=0x0003 (3)
[QTS:SCOPE] leave: idx=2
[QTS:SCOPE] pop: level=2
[QTS:EMIT] pos=132 op=183
[QTS:EMIT] pos=133 u16=0x0002 (2)
[QTS:EMIT] pos=135 op=191
[QTS:EMIT] pos=136 atom=472
[QTS:EMIT] pos=140 u16=0x0001 (1)
[QTS:EMIT] pos=142 op=200
[QTS:EMIT] pos=143 u32=0x0000011e (286)
[QTS:EMIT] pos=147 op=186
[QTS:EMIT] pos=148 u32=0x000001df (479)
[QTS:EMIT] pos=152 u16=0x0001 (1)
[QTS:EMIT] pos=154 op=200
[QTS:EMIT] pos=155 u32=0x00000125 (293)
[QTS:EMIT] pos=159 op=66
[QTS:EMIT] pos=160 atom=480
[QTS:EMIT] pos=164 op=200
[QTS:EMIT] pos=165 u32=0x0000012a (298)
[QTS:EMIT] pos=169 op=186
[QTS:EMIT] pos=170 u32=0x000001d8 (472)
[QTS:EMIT] pos=174 u16=0x0001 (1)
[QTS:EMIT] pos=176 op=200
[QTS:EMIT] pos=177 u32=0x00000131 (305)
[QTS:EMIT] pos=181 op=66
[QTS:EMIT] pos=182 atom=474
[QTS:EMIT] pos=186 op=200
[QTS:EMIT] pos=187 u32=0x00000129 (297)
[QTS:EMIT] pos=191 op=36
[QTS:EMIT] pos=192 u16=0x0001 (1)
[QTS:EMIT] pos=194 op=14
[QTS:EMIT] pos=195 op=200
[QTS:EMIT] pos=196 u32=0x00000139 (313)
[QTS:EMIT] pos=200 op=186
[QTS:EMIT] pos=201 u32=0x000001df (479)
[QTS:EMIT] pos=205 u16=0x0001 (1)
[QTS:EMIT] pos=207 op=200
[QTS:EMIT] pos=208 u32=0x00000140 (320)
[QTS:EMIT] pos=212 op=66
[QTS:EMIT] pos=213 atom=480
[QTS:EMIT] pos=217 op=200
[QTS:EMIT] pos=218 u32=0x00000145 (325)
[QTS:EMIT] pos=222 op=186
[QTS:EMIT] pos=223 u32=0x000001d8 (472)
[QTS:EMIT] pos=227 u16=0x0001 (1)
[QTS:EMIT] pos=229 op=200
[QTS:EMIT] pos=230 u32=0x0000014c (332)
[QTS:EMIT] pos=234 op=66
[QTS:EMIT] pos=235 atom=478
[QTS:EMIT] pos=239 op=200
[QTS:EMIT] pos=240 u32=0x00000150 (336)
[QTS:EMIT] pos=244 op=36
[QTS:EMIT] pos=245 u16=0x0000 (0)
[QTS:EMIT] pos=247 op=200
[QTS:EMIT] pos=248 u32=0x00000144 (324)
[QTS:EMIT] pos=252 op=36
[QTS:EMIT] pos=253 u16=0x0001 (1)
[QTS:EMIT] pos=255 op=14
[QTS:EMIT] pos=256 op=200
[QTS:EMIT] pos=257 u32=0x00000154 (340)
[QTS:EMIT] pos=261 op=186
[QTS:EMIT] pos=262 u32=0x000001df (479)
[QTS:EMIT] pos=266 u16=0x0001 (1)
[QTS:EMIT] pos=268 op=200
[QTS:EMIT] pos=269 u32=0x0000015b (347)
[QTS:EMIT] pos=273 op=66
[QTS:EMIT] pos=274 atom=480
[QTS:EMIT] pos=278 op=200
[QTS:EMIT] pos=279 u32=0x00000160 (352)
[QTS:EMIT] pos=283 op=186
[QTS:EMIT] pos=284 u32=0x000001d8 (472)
[QTS:EMIT] pos=288 u16=0x0001 (1)
[QTS:EMIT] pos=290 op=200
[QTS:EMIT] pos=291 u32=0x00000167 (359)
[QTS:EMIT] pos=295 op=66
[QTS:EMIT] pos=296 atom=66
[QTS:EMIT] pos=300 op=200
[QTS:EMIT] pos=301 u32=0x0000015f (351)
[QTS:EMIT] pos=305 op=36
[QTS:EMIT] pos=306 u16=0x0001 (1)
[QTS:EMIT] pos=308 op=14
[QTS:EMIT] pos=309 op=6
[QTS:EMIT] pos=310 op=47
