[QTS:SCOPE] push: level=1 first_var=-1
[QTS:SCOPE] enter: idx=1 is_body=0
[QTS:EMIT] pos=0 op=182
[QTS:EMIT] pos=1 u16=0x0001 (1)
[QTS:SCOPE] push: level=2 first_var=-1
[QTS:SCOPE] enter: idx=2 is_body=0
[QTS:EMIT] pos=3 op=182
[QTS:EMIT] pos=4 u16=0x0002 (2)
[QTS:EMIT] pos=6 op=1
[QTS:EMIT] pos=7 u32=0x00000000 (0)
[QTS:EMIT] pos=11 op=191
[QTS:EMIT] pos=12 atom=472
[QTS:EMIT] pos=16 u16=0x0002 (2)
[QTS:EMIT] pos=18 op=183
[QTS:EMIT] pos=19 u16=0x0002 (2)
[QTS:EMIT] pos=21 op=184
[QTS:EMIT] pos=22 u32=0x00000000 (0)
[QTS:EMIT] pos=26 op=200
[QTS:EMIT] pos=27 u32=0x00000010 (16)
[QTS:EMIT] pos=31 op=186
[QTS:EMIT] pos=32 u32=0x000001d8 (472)
[QTS:EMIT] pos=36 u16=0x0002 (2)
[QTS:EMIT] pos=38 op=1
[QTS:EMIT] pos=39 u32=0x0000000a (10)
[QTS:EMIT] pos=43 op=200
[QTS:EMIT] pos=44 u32=0x00000012 (18)
[QTS:EMIT] pos=48 op=165
[QTS:EMIT] pos=49 op=108
[QTS:EMIT] pos=50 u32=0x00000003 (3)
[QTS:EMIT] pos=54 op=110
[QTS:EMIT] pos=55 u32=0x00000002 (2)
[QTS:EMIT] pos=59 op=184
[QTS:EMIT] pos=60 u32=0x00000001 (1)
[QTS:EMIT] pos=64 op=200
[QTS:EMIT] pos=65 u32=0x00000018 (24)
[QTS:EMIT] pos=69 op=186
[QTS:EMIT] pos=70 u32=0x000001d8 (472)
[QTS:EMIT] pos=74 u16=0x0002 (2)
[QTS:EMIT] pos=69 op=189
[QTS:EMIT] pos=70 atom=472
[QTS:EMIT] pos=74 u32=0x00000004 (4)
[QTS:EMIT] pos=78 u16=0x0002 (2)
[QTS:EMIT] pos=80 op=61
[QTS:EMIT] pos=81 op=200
[QTS:EMIT] pos=82 u32=0x00000019 (25)
[QTS:EMIT] pos=86 op=147
[QTS:EMIT] pos=87 op=184
[QTS:EMIT] pos=88 u32=0x00000004 (4)
[QTS:EMIT] pos=92 op=25
[QTS:EMIT] pos=93 op=62
[QTS:EMIT] pos=94 op=14
[QTS:EMIT] pos=95 op=110
[QTS:EMIT] pos=96 u32=0x00000000 (0)
[QTS:EMIT] pos=100 op=184
[QTS:EMIT] pos=101 u32=0x00000002 (2)
[QTS:SCOPE] push: level=3 first_var=0
[QTS:SCOPE] enter: idx=3 is_body=0
[QTS:EMIT] pos=105 op=182
[QTS:EMIT] pos=106 u16=0x0003 (3)
[QTS:SCOPE] push: level=4 first_var=0
[QTS:SCOPE] enter: idx=4 is_body=0
[QTS:EMIT] pos=108 op=182
[QTS:EMIT] pos=109 u16=0x0004 (4)
[QTS:EMIT] pos=111 op=200
[QTS:EMIT] pos=112 u32=0x00000027 (39)
[QTS:EMIT] pos=116 op=186
[QTS:EMIT] pos=117 u32=0x000001d8 (472)
[QTS:EMIT] pos=121 u16=0x0004 (4)
[QTS:EMIT] pos=123 op=1
[QTS:EMIT] pos=124 u32=0x00000005 (5)
[QTS:EMIT] pos=128 op=200
[QTS:EMIT] pos=129 u32=0x00000029 (41)
[QTS:EMIT] pos=133 op=173
[QTS:EMIT] pos=134 op=108
[QTS:EMIT] pos=135 u32=0x00000005 (5)
[QTS:SCOPE] push: level=5 first_var=0
[QTS:SCOPE] enter: idx=5 is_body=0
[QTS:EMIT] pos=139 op=182
[QTS:EMIT] pos=140 u16=0x0005 (5)
[QTS:EMIT] pos=142 op=183
[QTS:EMIT] pos=143 u16=0x0005 (5)
[QTS:EMIT] pos=145 op=183
[QTS:EMIT] pos=146 u16=0x0004 (4)
[QTS:EMIT] pos=148 op=183
[QTS:EMIT] pos=149 u16=0x0003 (3)
[QTS:EMIT] pos=151 op=110
[QTS:EMIT] pos=152 u32=0x00000003 (3)
[QTS:SCOPE] leave: idx=5
[QTS:SCOPE] pop: level=5
[QTS:EMIT] pos=156 op=183
[QTS:EMIT] pos=157 u16=0x0005 (5)
[QTS:EMIT] pos=159 op=184
[QTS:EMIT] pos=160 u32=0x00000005 (5)
[QTS:SCOPE] leave: idx=4
[QTS:SCOPE] pop: level=4
[QTS:EMIT] pos=164 op=183
[QTS:EMIT] pos=165 u16=0x0004 (4)
[QTS:SCOPE] push: level=6 first_var=0
[QTS:SCOPE] enter: idx=6 is_body=0
[QTS:EMIT] pos=167 op=182
[QTS:EMIT] pos=168 u16=0x0006 (6)
[QTS:EMIT] pos=170 op=200
[QTS:EMIT] pos=171 u32=0x0000004f (79)
[QTS:EMIT] pos=175 op=186
[QTS:EMIT] pos=176 u32=0x000001d8 (472)
[QTS:EMIT] pos=180 u16=0x0006 (6)
[QTS:EMIT] pos=182 op=1
[QTS:EMIT] pos=183 u32=0x00000002 (2)
[QTS:EMIT] pos=187 op=200
[QTS:EMIT] pos=188 u32=0x00000051 (81)
[QTS:EMIT] pos=192 op=158
[QTS:EMIT] pos=193 op=1
[QTS:EMIT] pos=194 u32=0x00000000 (0)
[QTS:EMIT] pos=198 op=200
[QTS:EMIT] pos=199 u32=0x00000055 (85)
[QTS:EMIT] pos=203 op=173
[QTS:EMIT] pos=204 op=108
[QTS:EMIT] pos=205 u32=0x00000006 (6)
[QTS:SCOPE] push: level=7 first_var=0
[QTS:SCOPE] enter: idx=7 is_body=0
[QTS:EMIT] pos=209 op=182
[QTS:EMIT] pos=210 u16=0x0007 (7)
[QTS:EMIT] pos=212 op=183
[QTS:EMIT] pos=213 u16=0x0007 (7)
[QTS:EMIT] pos=215 op=183
[QTS:EMIT] pos=216 u16=0x0006 (6)
[QTS:EMIT] pos=218 op=183
[QTS:EMIT] pos=219 u16=0x0003 (3)
[QTS:EMIT] pos=221 op=110
[QTS:EMIT] pos=222 u32=0x00000001 (1)
[QTS:SCOPE] leave: idx=7
[QTS:SCOPE] pop: level=7
[QTS:EMIT] pos=226 op=183
[QTS:EMIT] pos=227 u16=0x0007 (7)
[QTS:EMIT] pos=229 op=184
[QTS:EMIT] pos=230 u32=0x00000006 (6)
[QTS:SCOPE] leave: idx=6
[QTS:SCOPE] pop: level=6
[QTS:EMIT] pos=234 op=183
[QTS:EMIT] pos=235 u16=0x0006 (6)
[QTS:EMIT] pos=237 op=200
[QTS:EMIT] pos=238 u32=0x0000007a (122)
[QTS:EMIT] pos=242 op=186
[QTS:EMIT] pos=243 u32=0x000001d9 (473)
[QTS:EMIT] pos=247 u16=0x0003 (3)
[QTS:EMIT] pos=249 op=200
[QTS:EMIT] pos=250 u32=0x00000081 (129)
[QTS:EMIT] pos=254 op=66
[QTS:EMIT] pos=255 atom=474
[QTS:EMIT] pos=259 op=200
[QTS:EMIT] pos=260 u32=0x00000086 (134)
[QTS:EMIT] pos=264 op=186
[QTS:EMIT] pos=265 u32=0x000001d8 (472)
[QTS:EMIT] pos=269 u16=0x0003 (3)
[QTS:EMIT] pos=271 op=200
[QTS:EMIT] pos=272 u32=0x00000085 (133)
[QTS:EMIT] pos=276 op=36
[QTS:EMIT] pos=277 u16=0x0001 (1)
[QTS:EMIT] pos=279 op=14
[QTS:SCOPE] leave: idx=3
[QTS:SCOPE] pop: level=3
[QTS:EMIT] pos=280 op=183
[QTS:EMIT] pos=281 u16=0x0003 (3)
[QTS:EMIT] pos=283 op=183
[QTS:EMIT] pos=284 u16=0x0002 (2)
[QTS:EMIT] pos=327 op=184
[QTS:EMIT] pos=328 u32=0x00000003 (3)
[QTS:SCOPE] leave: idx=2
[QTS:SCOPE] pop: level=2
[QTS:EMIT] pos=332 op=183
[QTS:EMIT] pos=333 u16=0x0002 (2)
[QTS:EMIT] pos=335 op=6
[QTS:EMIT] pos=336 op=47
