__tests__/fixtures_generated/complex-052.js:1:1: function: <eval>
  locals:
    0: var <ret>
  stack_size: 6
  opcodes:
        check_define_var a,128
        check_define_var r1,128
        check_define_var r2,128
        check_define_var r3,128
        define_var a,130
        define_var r1,128
        define_var r2,128
        define_var r3,128
        push_i8 52
        push_5 5
        mod
        put_var_init a
        get_var a
        post_inc
        put_var a
        put_var_init r1
        get_var a
        inc
        dup
        put_var a
        put_var_init r2
        get_var a
        post_dec
        put_var a
        put_var_init r3
        get_var console
        get_field2 log
        get_var r1
        get_var r2
        get_var r3
        get_var a
        call_method 4
        set_loc0 0: "<ret>"
        return

