[QTS:SCOPE] push: level=1 first_var=-1
[QTS:SCOPE] enter: idx=1 is_body=0
[QTS:EMIT] pos=0 op=182
[QTS:EMIT] pos=1 u16=0x0001 (1)
[QTS:EMIT] pos=3 op=1
[QTS:EMIT] pos=4 u32=0x00000001 (1)
[QTS:EMIT] pos=8 op=1
[QTS:EMIT] pos=9 u32=0x00000002 (2)
[QTS:EMIT] pos=13 op=1
[QTS:EMIT] pos=14 u32=0x00000003 (3)
[QTS:EMIT] pos=18 op=38
[QTS:EMIT] pos=19 u16=0x0003 (3)
[QTS:EMIT] pos=21 op=191
[QTS:EMIT] pos=22 atom=472
[QTS:EMIT] pos=26 u16=0x0001 (1)
[QTS:SCOPE] push: level=2 first_var=-1
[QTS:SCOPE] enter: idx=2 is_body=0
[QTS:EMIT] pos=28 op=182
[QTS:EMIT] pos=29 u16=0x0002 (2)
[QTS:EMIT] pos=31 op=110
[QTS:EMIT] pos=32 u32=0x00000004 (4)
[QTS:EMIT] pos=36 op=184
[QTS:EMIT] pos=37 u32=0x00000003 (3)
[QTS:EMIT] pos=41 op=191
[QTS:EMIT] pos=42 atom=473
[QTS:EMIT] pos=46 u16=0x0002 (2)
[QTS:EMIT] pos=48 op=110
[QTS:EMIT] pos=49 u32=0x00000001 (1)
[QTS:EMIT] pos=53 op=184
[QTS:EMIT] pos=54 u32=0x00000004 (4)
[QTS:EMIT] pos=58 op=200
[QTS:EMIT] pos=59 u32=0x00000027 (39)
[QTS:EMIT] pos=63 op=186
[QTS:EMIT] pos=64 u32=0x000001d8 (472)
[QTS:EMIT] pos=68 u16=0x0002 (2)
[QTS:EMIT] pos=70 op=183
[QTS:EMIT] pos=71 u16=0x0002 (2)
[QTS:EMIT] pos=73 op=127
[QTS:EMIT] pos=74 op=110
[QTS:EMIT] pos=75 u32=0x00000000 (0)
[QTS:EMIT] pos=96 op=184
[QTS:EMIT] pos=97 u32=0x00000001 (1)
[QTS:SCOPE] push: level=3 first_var=0
[QTS:SCOPE] enter: idx=3 is_body=0
[QTS:EMIT] pos=101 op=182
[QTS:EMIT] pos=102 u16=0x0003 (3)
[QTS:EMIT] pos=104 op=200
[QTS:EMIT] pos=105 u32=0x00000030 (48)
[QTS:EMIT] pos=109 op=186
[QTS:EMIT] pos=110 u32=0x000001da (474)
[QTS:EMIT] pos=114 u16=0x0003 (3)
[QTS:EMIT] pos=116 op=200
[QTS:EMIT] pos=117 u32=0x00000037 (55)
[QTS:EMIT] pos=121 op=66
[QTS:EMIT] pos=122 atom=475
[QTS:EMIT] pos=126 op=200
[QTS:EMIT] pos=127 u32=0x0000003c (60)
[QTS:EMIT] pos=131 op=186
[QTS:EMIT] pos=132 u32=0x000001d9 (473)
[QTS:EMIT] pos=136 u16=0x0003 (3)
[QTS:EMIT] pos=138 op=200
[QTS:EMIT] pos=139 u32=0x0000003b (59)
[QTS:EMIT] pos=143 op=36
[QTS:EMIT] pos=144 u16=0x0001 (1)
[QTS:EMIT] pos=146 op=14
[QTS:SCOPE] leave: idx=3
[QTS:SCOPE] pop: level=3
[QTS:EMIT] pos=147 op=183
[QTS:EMIT] pos=148 u16=0x0003 (3)
[QTS:EMIT] pos=150 op=183
[QTS:EMIT] pos=151 u16=0x0002 (2)
[QTS:EMIT] pos=153 op=184
[QTS:EMIT] pos=154 u32=0x00000000 (0)
[QTS:EMIT] pos=158 op=130
[QTS:EMIT] pos=159 u8=0x00
[QTS:EMIT] pos=160 op=108
[QTS:EMIT] pos=161 u32=0x00000003 (3)
[QTS:EMIT] pos=165 op=14
[QTS:EMIT] pos=166 op=184
[QTS:EMIT] pos=167 u32=0x00000002 (2)
[QTS:EMIT] pos=171 op=134
[QTS:SCOPE] leave: idx=2
[QTS:SCOPE] pop: level=2
[QTS:EMIT] pos=172 op=183
[QTS:EMIT] pos=173 u16=0x0002 (2)
[QTS:EMIT] pos=175 op=6
[QTS:EMIT] pos=176 op=47
